[shard 4/8] 192 views
[sym] ds_v1_seed0/livingroom_v27: perp 2.67m score 0.0132 normal [0.786, 0.109, -0.608]  | GT대비 각도 0.8° perp오차 0.02m (GT 2.69m)
[sym] ds_v1_seed0/livingroom_v35: perp 3.07m score 0.0188 normal [0.799, -0.063, -0.599]  | GT대비 각도 1.2° perp오차 0.04m (GT 3.11m)
[sym] ds_v1_seed0/livingroom_v43: perp 2.95m score 0.1027 normal [0.754, -0.118, -0.647]  | GT대비 각도 7.8° perp오차 0.25m (GT 3.20m)
[sym] ds_v1_seed0/livingroom_v51: perp 2.55m score 0.0158 normal [0.697, -0.017, -0.717]  | GT대비 각도 0.5° perp오차 0.03m (GT 2.57m)
[sym] ds_v1_seed0/livingroom_v59: perp 2.80m score 0.0141 normal [0.812, -0.003, -0.584]  | GT대비 각도 0.8° perp오차 0.06m (GT 2.86m)
[sym] ds_v1_seed0/minigym_v02: perp 5.19m score 0.2889 normal [-0.315, 0.311, -0.897]  | GT대비 각도 4.0° perp오차 0.16m (GT 5.03m)
[sym] ds_v1_seed0/minigym_v10: perp 5.09m score 0.2217 normal [-0.146, 0.206, -0.968]  | GT대비 각도 2.5° perp오차 0.20m (GT 4.89m)
[sym] ds_v1_seed0/minigym_v18: perp 4.75m score 0.0868 normal [-0.442, 0.281, -0.852]  | GT대비 각도 0.2° perp오차 0.02m (GT 4.78m)
[sym] ds_v1_seed0/minigym_v26: perp 4.74m score 0.0283 normal [-0.446, 0.39, -0.805]  | GT대비 각도 0.2° perp오차 0.03m (GT 4.78m)
[sym] ds_v1_seed0/minigym_v34: perp 4.91m score 0.0467 normal [-0.353, 0.422, -0.835]  | GT대비 각도 0.8° perp오차 0.07m (GT 4.99m)
[sym] ds_v1_seed0/minigym_v42: perp 5.20m score 0.3132 normal [-0.304, 0.327, -0.895]  | GT대비 각도 4.4° perp오차 0.14m (GT 5.05m)
[sym] ds_v1_seed0/minigym_v50: perp 4.65m score 0.0283 normal [-0.47, 0.342, -0.814]  | GT대비 각도 0.3° perp오차 0.07m (GT 4.72m)
[sym] ds_v1_seed0/minimal_interior_v02: perp 6.98m score 0.0293 normal [0.555, 0.048, -0.83]  | GT대비 각도 0.5° perp오차 0.13m (GT 7.11m)
[sym] ds_v1_seed0/minimal_interior_v10: perp 7.04m score 0.0059 normal [0.647, -0.039, -0.762]  | GT대비 각도 0.4° perp오차 0.10m (GT 7.14m)
[sym] ds_v1_seed0/minimal_interior_v18: perp 7.45m score 0.0734 normal [-0.505, 0.055, -0.861]  | GT대비 각도 52.0° perp오차 0.63m (GT 6.82m)
[sym] ds_v1_seed0/minimal_interior_v26: perp 6.96m score 0.0164 normal [0.688, 0.127, -0.715]  | GT대비 각도 0.7° perp오차 0.08m (GT 7.04m)
[sym] ds_v1_seed0/minimal_interior_v34: perp 6.40m score 0.0249 normal [0.52, 0.236, -0.821]  | GT대비 각도 2.0° perp오차 0.71m (GT 7.12m)
[sym] ds_v1_seed0/minimal_interior_v42: perp 6.91m score 0.0384 normal [0.536, 0.126, -0.835]  | GT대비 각도 0.4° perp오차 0.02m (GT 6.89m)
[sym] ds_v1_seed0/minimal_interior_v50: perp 7.41m score 0.0814 normal [-0.443, -0.336, -0.831]  | GT대비 각도 50.3° perp오차 0.51m (GT 6.90m)
[sym] ds_v1_seed0/minimal_interior_v58: perp 7.06m score 0.0260 normal [0.617, -0.032, -0.786]  | GT대비 각도 2.8° perp오차 0.02m (GT 7.08m)
[sym] ds_v1_seed0/scandinavian_v00: perp 6.04m score 0.0940 normal [-0.233, 0.209, -0.95]  | GT대비 각도 7.7° perp오차 2.28m (GT 3.76m)
[sym] ds_v1_seed0/scandinavian_v08: perp 6.14m score 0.1165 normal [-0.495, 0.06, -0.867]  | GT대비 각도 6.4° perp오차 2.13m (GT 4.01m)
[sym] ds_v1_seed0/scandinavian_v16: perp 5.68m score 0.1053 normal [-0.591, 0.004, -0.807]  | GT대비 각도 7.8° perp오차 1.93m (GT 3.75m)
[sym] ds_v1_seed0/scandinavian_v24: perp 6.24m score 0.1229 normal [-0.4, 0.078, -0.913]  | GT대비 각도 6.4° perp오차 2.15m (GT 4.09m)
[shard 4] 75/192 done 24 fail 0 skip 51 (5.9s/view, ETA 12m)
[sym] ds_v1_seed0/scandinavian_v32: perp 5.23m score 0.1584 normal [-0.204, 0.364, -0.909]  | GT대비 각도 8.2° perp오차 1.35m (GT 3.88m)
[sym] ds_v1_seed0/scandinavian_v40: perp 5.23m score 0.1561 normal [-0.324, 0.366, -0.872]  | GT대비 각도 6.7° perp오차 1.31m (GT 3.92m)
[sym] ds_v1_seed0/scandinavian_v48: perp 6.27m score 0.1477 normal [-0.097, 0.208, -0.973]  | GT대비 각도 9.5° perp오차 2.25m (GT 4.02m)
[sym] ds_v1_seed0/scandinavian_v56: perp 5.28m score 0.1447 normal [-0.199, 0.38, -0.903]  | GT대비 각도 12.2° perp오차 1.43m (GT 3.85m)
[sym] ds_v1_seed0/scandinavian_v64: perp 6.11m score 0.1354 normal [-0.146, -0.054, -0.988]  | GT대비 각도 11.6° perp오차 2.23m (GT 3.89m)
[sym] ds_v1_seed0/sunlight_v06: perp 7.43m score 0.0115 normal [-0.781, 0.091, -0.618]  | GT대비 각도 0.6° perp오차 0.29m (GT 7.71m)
[sym] ds_v1_seed0/sunlight_v14: perp 7.53m score 0.0400 normal [-0.674, 0.212, -0.708]  | GT대비 각도 0.7° perp오차 0.15m (GT 7.67m)
[sym] ds_v1_seed0/sunlight_v22: perp 7.75m score 0.0247 normal [-0.748, 0.256, -0.613]  | GT대비 각도 0.2° perp오차 0.01m (GT 7.76m)
[sym] ds_v1_seed0/sunlight_v30: perp 7.15m score 0.0269 normal [-0.78, 0.239, -0.578]  | GT대비 각도 0.3° perp오차 0.36m (GT 7.51m)
[sym] ds_v1_seed0/sunlight_v38: perp 7.56m score 0.0663 normal [-0.588, 0.211, -0.781]  | GT대비 각도 1.7° perp오차 0.15m (GT 7.71m)
[sym] ds_v1_seed0/sunlight_v46: perp 7.10m score 0.0913 normal [-0.512, 0.278, -0.813]  | GT대비 각도 2.1° perp오차 0.66m (GT 7.76m)
[sym] ds_v1_seed0/sunlight_v54: perp 7.62m score 0.0361 normal [-0.583, 0.083, -0.808]  | GT대비 각도 1.1° perp오차 0.13m (GT 7.75m)
[sym] ds_v1_seed0/sunlight_v62: perp 7.20m score 0.0365 normal [-0.741, 0.265, -0.617]  | GT대비 각도 1.4° perp오차 0.56m (GT 7.76m)
[sym] ds_v1_seed0/terrazzo_v04: perp 4.93m score 0.2489 normal [0.578, 0.08, -0.812]  | GT대비 각도 4.2° perp오차 0.42m (GT 4.51m)
[sym] ds_v1_seed0/terrazzo_v12: perp 5.15m score 0.2497 normal [0.536, 0.172, -0.826]  | GT대비 각도 4.7° perp오차 0.55m (GT 4.60m)
[sym] ds_v1_seed0/terrazzo_v20: perp 4.95m score 0.0416 normal [0.786, 0.124, -0.606]  | GT대비 각도 4.2° perp오차 0.27m (GT 4.68m)
[sym] ds_v1_seed0/terrazzo_v28: perp 5.31m score 0.0796 normal [0.731, 0.119, -0.672]  | GT대비 각도 4.6° perp오차 0.28m (GT 5.03m)
[sym] ds_v1_seed0/terrazzo_v36: perp 5.05m score 0.0267 normal [0.758, 0.072, -0.648]  | GT대비 각도 1.5° perp오차 0.27m (GT 4.78m)
[sym] ds_v1_seed0/terrazzo_v44: perp 5.29m score 0.1036 normal [0.713, 0.015, -0.701]  | GT대비 각도 3.8° perp오차 0.35m (GT 4.95m)
[sym] ds_v1_seed0/terrazzo_v52: perp 4.89m score 0.1518 normal [0.664, 0.144, -0.734]  | GT대비 각도 1.2° perp오차 0.33m (GT 4.56m)
[sym] ds_v1_seed0/terrazzo_v60: perp 5.37m score 0.4840 normal [0.507, -0.051, -0.86]  | GT대비 각도 6.7° perp오차 0.68m (GT 4.69m)
[sym] ds_v2_seed1/bedroom_v02: perp 3.65m score 0.0151 normal [-0.552, 0.266, -0.791]  | GT대비 각도 0.4° perp오차 0.02m (GT 3.63m)
[sym] ds_v2_seed1/bedroom_v10: perp 3.73m score 0.0490 normal [-0.805, 0.084, -0.587]  | GT대비 각도 2.0° perp오차 0.07m (GT 3.65m)
[sym] ds_v2_seed1/bedroom_v18: perp 3.66m score 0.0644 normal [-0.627, 0.118, -0.77]  | GT대비 각도 1.1° perp오차 0.10m (GT 3.56m)
[sym] ds_v2_seed1/bedroom_v26: perp 0.85m score 0.1212 normal [-0.966, -0.184, -0.182]  | GT대비 각도 47.8° perp오차 3.15m (GT 4.00m)
[shard 4] 100/192 done 49 fail 0 skip 51 (9.5s/view, ETA 15m)
[sym] ds_v2_seed1/bedroom_v34: perp 3.84m score 0.0406 normal [-0.808, 0.163, -0.566]  | GT대비 각도 1.6° perp오차 0.24m (GT 3.60m)
[sym] ds_v2_seed1/bedroom_v42: perp 2.78m score 0.1177 normal [-0.243, -0.818, -0.521]  | GT대비 각도 59.7° perp오차 0.70m (GT 3.48m)
[sym] ds_v2_seed1/bedroom_v50: perp 3.52m score 0.0428 normal [-0.674, 0.199, -0.712]  | GT대비 각도 1.5° perp오차 0.11m (GT 3.41m)
[sym] ds_v2_seed1/bedroom_v58: perp 3.71m score 0.0732 normal [-0.63, 0.118, -0.767]  | GT대비 각도 1.2° perp오차 0.07m (GT 3.64m)
[sym] ds_v2_seed1/blue_bathroom_v02: perp 4.35m score 0.0189 normal [-0.235, 0.262, -0.936]  | GT대비 각도 0.4° perp오차 0.46m (GT 4.81m)
[sym] ds_v2_seed1/blue_bathroom_v10: perp 3.89m score 0.0147 normal [-0.573, 0.097, -0.814]  | GT대비 각도 3.5° perp오차 1.18m (GT 5.07m)
[sym] ds_v2_seed1/blue_bathroom_v18: perp 5.04m score 0.0190 normal [-0.444, 0.146, -0.884]  | GT대비 각도 0.1° perp오차 0.17m (GT 4.87m)
[sym] ds_v2_seed1/blue_bathroom_v26: perp 5.01m score 0.0370 normal [-0.337, 0.112, -0.935]  | GT대비 각도 1.2° perp오차 0.00m (GT 5.01m)
[sym] ds_v2_seed1/blue_bathroom_v34: perp 5.05m score 0.0144 normal [-0.503, 0.008, -0.864]  | GT대비 각도 6.6° perp오차 0.27m (GT 4.77m)
[sym] ds_v2_seed1/blue_bathroom_v42: perp 4.92m score 0.0216 normal [-0.346, 0.184, -0.92]  | GT대비 각도 0.1° perp오차 0.06m (GT 4.98m)
[sym] ds_v2_seed1/blue_bathroom_v50: perp 5.30m score 0.0389 normal [-0.245, 0.069, -0.967]  | GT대비 각도 0.9° perp오차 0.28m (GT 5.02m)
[sym] ds_v2_seed1/blue_bathroom_v58: perp 4.96m score 0.0316 normal [-0.417, -0.144, -0.897]  | GT대비 각도 10.7° perp오차 0.15m (GT 5.11m)
[sym] ds_v2_seed1/computer_room_v07: perp 3.50m score 0.0703 normal [0.461, 0.269, -0.845]  | GT대비 각도 1.5° perp오차 0.06m (GT 3.44m)
[sym] ds_v2_seed1/computer_room_v15: perp 4.04m score 0.1922 normal [0.334, 0.149, -0.931]  | GT대비 각도 3.1° perp오차 0.44m (GT 3.60m)
[sym] ds_v2_seed1/computer_room_v23: perp 3.56m score 0.0312 normal [0.569, 0.308, -0.762]  | GT대비 각도 1.1° perp오차 0.04m (GT 3.60m)
[sym] ds_v2_seed1/computer_room_v31: perp 3.89m score 0.0837 normal [0.199, 0.364, -0.91]  | GT대비 각도 9.0° perp오차 0.46m (GT 3.43m)
[sym] ds_v2_seed1/computer_room_v39: perp 3.53m score 0.0867 normal [0.355, 0.243, -0.903]  | GT대비 각도 1.3° perp오차 0.07m (GT 3.47m)
[sym] ds_v2_seed1/computer_room_v47: perp 3.27m score 0.0903 normal [0.264, 0.327, -0.907]  | GT대비 각도 1.2° perp오차 0.06m (GT 3.22m)
[sym] ds_v2_seed1/computer_room_v55: perp 3.68m score 0.2499 normal [0.186, 0.19, -0.964]  | GT대비 각도 5.1° perp오차 0.41m (GT 3.27m)
[sym] ds_v2_seed1/computer_room_v63: perp 3.72m score 0.1947 normal [0.248, 0.16, -0.955]  | GT대비 각도 3.3° perp오차 0.32m (GT 3.40m)
[sym] ds_v2_seed1/green_house_v05: perp 3.73m score 0.1326 normal [-0.294, 0.272, -0.916]  | GT대비 각도 4.3° perp오차 0.08m (GT 3.81m)
[sym] ds_v2_seed1/green_house_v13: perp 4.79m score 0.1031 normal [-0.466, 0.332, -0.82]  | GT대비 각도 3.2° perp오차 0.89m (GT 3.89m)
[sym] ds_v2_seed1/green_house_v21: perp 5.06m score 0.1118 normal [-0.332, 0.271, -0.903]  | GT대비 각도 5.1° perp오차 1.04m (GT 4.02m)
[sym] ds_v2_seed1/green_house_v29: perp 3.91m score 0.1148 normal [-0.408, 0.08, -0.91]  | GT대비 각도 5.0° perp오차 0.08m (GT 3.98m)
[sym] ds_v2_seed1/green_house_v37: perp 4.37m score 0.1281 normal [-0.571, 0.279, -0.772]  | GT대비 각도 7.5° perp오차 0.64m (GT 3.74m)
[shard 4] 125/192 done 74 fail 0 skip 51 (11.6s/view, ETA 13m)
[sym] ds_v2_seed1/green_house_v45: perp 3.85m score 0.0998 normal [-0.24, 0.38, -0.893]  | GT대비 각도 5.8° perp오차 0.09m (GT 3.94m)
[sym] ds_v2_seed1/green_house_v53: perp 4.25m score 0.1144 normal [-0.751, 0.16, -0.641]  | GT대비 각도 13.8° perp오차 0.22m (GT 4.04m)
[sym] ds_v2_seed1/green_house_v61: perp 4.59m score 0.1164 normal [-0.64, 0.171, -0.749]  | GT대비 각도 8.3° perp오차 0.52m (GT 4.07m)
[sym] ds_v2_seed1/gym_v05: perp 4.55m score 0.1546 normal [-0.478, 0.237, -0.845]  | GT대비 각도 2.0° perp오차 0.03m (GT 4.52m)
[sym] ds_v2_seed1/gym_v13: perp 4.58m score 0.0978 normal [-0.617, 0.193, -0.763]  | GT대비 각도 0.7° perp오차 0.00m (GT 4.58m)
[sym] ds_v2_seed1/gym_v21: perp 4.64m score 0.2893 normal [-0.454, 0.237, -0.859]  | GT대비 각도 5.3° perp오차 0.01m (GT 4.66m)
[sym] ds_v2_seed1/gym_v29: perp 4.66m score 0.1729 normal [-0.426, 0.306, -0.851]  | GT대비 각도 2.7° perp오차 0.10m (GT 4.76m)
[sym] ds_v2_seed1/gym_v37: perp 4.43m score 0.0769 normal [-0.718, 0.146, -0.68]  | GT대비 각도 0.7° perp오차 0.10m (GT 4.33m)
[sym] ds_v2_seed1/gym_v45: perp 5.26m score 0.2906 normal [-0.5, 0.072, -0.863]  | GT대비 각도 4.1° perp오차 0.73m (GT 4.53m)
[sym] ds_v2_seed1/gym_v53: perp 5.54m score 0.2378 normal [-0.502, -0.059, -0.863]  | GT대비 각도 5.6° perp오차 0.66m (GT 4.88m)
[sym] ds_v2_seed1/gym_v61: perp 4.89m score 0.1956 normal [-0.52, -0.017, -0.854]  | GT대비 각도 4.1° perp오차 0.06m (GT 4.83m)
[sym] ds_v2_seed1/living_room_contemp_v03: perp 7.14m score 0.2639 normal [-0.145, 0.228, -0.963]  | GT대비 각도 10.6° perp오차 1.49m (GT 5.65m)
[sym] ds_v2_seed1/living_room_contemp_v11: perp 5.76m score 0.0287 normal [-0.67, 0.134, -0.73]  | GT대비 각도 3.1° perp오차 0.17m (GT 5.59m)
[sym] ds_v2_seed1/living_room_contemp_v19: perp 6.30m score 0.0527 normal [-0.66, 0.066, -0.749]  | GT대비 각도 2.2° perp오차 0.79m (GT 5.51m)
[sym] ds_v2_seed1/living_room_contemp_v27: perp 6.10m score 0.0677 normal [-0.552, 0.202, -0.809]  | GT대비 각도 1.3° perp오차 0.08m (GT 6.02m)
[sym] ds_v2_seed1/living_room_contemp_v35: perp 5.95m score 0.0248 normal [-0.674, 0.191, -0.714]  | GT대비 각도 2.2° perp오차 0.28m (GT 5.67m)
[sym] ds_v2_seed1/living_room_contemp_v43: perp 5.73m score 0.3666 normal [-0.525, -0.028, -0.85]  | GT대비 각도 5.3° perp오차 0.13m (GT 5.59m)
[sym] ds_v2_seed1/living_room_contemp_v51: perp 5.53m score 0.0873 normal [-0.517, 0.184, -0.836]  | GT대비 각도 1.6° perp오차 0.01m (GT 5.52m)
[sym] ds_v2_seed1/living_room_contemp_v59: perp 5.98m score 0.1182 normal [-0.606, -0.014, -0.796]  | GT대비 각도 1.8° perp오차 0.18m (GT 5.80m)
[sym] ds_v2_seed1/livingroom_v01: perp 2.58m score 0.0154 normal [0.83, 0.042, -0.557]  | GT대비 각도 1.2° perp오차 0.01m (GT 2.59m)
[sym] ds_v2_seed1/livingroom_v09: perp 2.20m score 0.1816 normal [0.947, -0.016, -0.321]  | GT대비 각도 18.5° perp오차 0.98m (GT 3.18m)
[sym] ds_v2_seed1/livingroom_v17: perp 2.81m score 0.0115 normal [0.831, 0.031, -0.555]  | GT대비 각도 0.7° perp오차 0.01m (GT 2.82m)
[sym] ds_v2_seed1/livingroom_v25: perp 2.63m score 0.0116 normal [0.863, 0.109, -0.493]  | GT대비 각도 0.1° perp오차 0.04m (GT 2.67m)
[sym] ds_v2_seed1/livingroom_v33: perp 2.86m score 0.0132 normal [0.873, 0.075, -0.482]  | GT대비 각도 0.8° perp오차 0.03m (GT 2.83m)
[sym] ds_v2_seed1/livingroom_v41: perp 2.66m score 0.0108 normal [0.794, 0.093, -0.601]  | GT대비 각도 0.3° perp오차 0.00m (GT 2.66m)
[shard 4] 150/192 done 99 fail 0 skip 51 (12.3s/view, ETA 9m)
[sym] ds_v2_seed1/livingroom_v49: perp 2.86m score 0.0106 normal [0.871, 0.077, -0.485]  | GT대비 각도 0.9° perp오차 0.04m (GT 2.89m)
[sym] ds_v2_seed1/livingroom_v57: perp 3.26m score 0.0253 normal [0.709, -0.064, -0.703]  | GT대비 각도 0.6° perp오차 0.12m (GT 3.15m)
[sym] ds_v2_seed1/minigym_v01: perp 4.97m score 0.2233 normal [-0.17, 0.377, -0.91]  | GT대비 각도 4.5° perp오차 0.13m (GT 4.84m)
[sym] ds_v2_seed1/minigym_v09: perp 4.99m score 0.1523 normal [-0.423, 0.256, -0.869]  | GT대비 각도 0.7° perp오차 0.08m (GT 4.91m)
[sym] ds_v2_seed1/minigym_v17: perp 4.85m score 0.1929 normal [-0.425, 0.218, -0.879]  | GT대비 각도 1.7° perp오차 0.07m (GT 4.79m)
[sym] ds_v2_seed1/minigym_v25: perp 5.25m score 0.3381 normal [-0.344, 0.241, -0.908]  | GT대비 각도 2.5° perp오차 0.21m (GT 5.03m)
[sym] ds_v2_seed1/minigym_v33: perp 5.11m score 0.2323 normal [-0.54, 0.265, -0.798]  | GT대비 각도 12.6° perp오차 0.02m (GT 5.13m)
[sym] ds_v2_seed1/minigym_v41: perp 4.56m score 0.0252 normal [-0.44, 0.397, -0.805]  | GT대비 각도 0.3° perp오차 0.09m (GT 4.66m)
[sym] ds_v2_seed1/minigym_v49: perp 5.21m score 0.3497 normal [-0.373, 0.206, -0.905]  | GT대비 각도 4.1° perp오차 0.15m (GT 5.06m)
[sym] ds_v2_seed1/minimal_interior_v02: perp 6.68m score 0.0067 normal [0.592, 0.2, -0.781]  | GT대비 각도 7.7° perp오차 0.22m (GT 6.90m)
[sym] ds_v2_seed1/minimal_interior_v10: perp 7.29m score 0.0535 normal [0.356, 0.088, -0.93]  | GT대비 각도 2.3° perp오차 0.47m (GT 6.82m)
[sym] ds_v2_seed1/minimal_interior_v18: perp 7.44m score 0.0885 normal [0.389, -0.083, -0.918]  | GT대비 각도 2.8° perp오차 0.37m (GT 7.07m)
[sym] ds_v2_seed1/minimal_interior_v26: perp 7.11m score 0.0332 normal [0.53, 0.159, -0.833]  | GT대비 각도 0.2° perp오차 0.07m (GT 7.17m)
[sym] ds_v2_seed1/minimal_interior_v34: perp 5.67m score 0.0158 normal [0.691, 0.217, -0.689]  | GT대비 각도 4.8° perp오차 1.55m (GT 7.22m)
[sym] ds_v2_seed1/minimal_interior_v42: perp 6.73m score 0.0121 normal [0.648, -0.046, -0.76]  | GT대비 각도 3.3° perp오차 0.02m (GT 6.75m)
[sym] ds_v2_seed1/minimal_interior_v50: perp 7.16m score 0.0129 normal [0.643, -0.0, -0.766]  | GT대비 각도 0.9° perp오차 0.03m (GT 7.19m)
[sym] ds_v2_seed1/minimal_interior_v58: perp 7.57m score 0.0668 normal [-0.51, 0.102, -0.854]  | GT대비 각도 51.0° perp오차 0.60m (GT 6.97m)
[sym] ds_v2_seed1/scandinavian_v01: perp 5.95m score 0.1817 normal [-0.174, 0.19, -0.966]  | GT대비 각도 4.8° perp오차 2.15m (GT 3.80m)
[sym] ds_v2_seed1/scandinavian_v09: perp 6.17m score 0.1831 normal [-0.138, 0.048, -0.989]  | GT대비 각도 10.5° perp오차 2.22m (GT 3.94m)
[sym] ds_v2_seed1/scandinavian_v17: perp 5.92m score 0.1761 normal [-0.106, 0.206, -0.973]  | GT대비 각도 7.7° perp오차 2.28m (GT 3.64m)
[sym] ds_v2_seed1/scandinavian_v25: perp 5.12m score 0.2029 normal [0.037, 0.39, -0.92]  | GT대비 각도 12.0° perp오차 1.30m (GT 3.82m)
[sym] ds_v2_seed1/scandinavian_v33: perp 5.26m score 0.1472 normal [-0.249, 0.368, -0.896]  | GT대비 각도 12.5° perp오차 1.30m (GT 3.95m)
[sym] ds_v2_seed1/scandinavian_v41: perp 4.99m score 0.2021 normal [0.139, 0.342, -0.93]  | GT대비 각도 16.1° perp오차 1.30m (GT 3.69m)
[sym] ds_v2_seed1/scandinavian_v49: perp 6.07m score 0.1482 normal [-0.332, 0.073, -0.941]  | GT대비 각도 6.2° perp오차 2.19m (GT 3.88m)
[sym] ds_v2_seed1/scandinavian_v57: perp 5.91m score 0.1263 normal [-0.156, 0.241, -0.958]  | GT대비 각도 7.2° perp오차 2.15m (GT 3.76m)
[shard 4] 175/192 done 124 fail 0 skip 51 (14.5s/view, ETA 4m)
[sym] ds_v2_seed1/scandinavian_v65: perp 6.34m score 0.1452 normal [-0.088, 0.195, -0.977]  | GT대비 각도 4.4° perp오차 2.25m (GT 4.09m)
[sym] ds_v2_seed1/sunlight_v07: perp 7.61m score 0.0511 normal [-0.639, 0.211, -0.74]  | GT대비 각도 1.2° perp오차 0.22m (GT 7.84m)
[sym] ds_v2_seed1/sunlight_v15: perp 7.75m score 0.0206 normal [-0.711, 0.068, -0.7]  | GT대비 각도 0.1° perp오차 0.07m (GT 7.83m)
[sym] ds_v2_seed1/sunlight_v23: perp 7.63m score 0.0828 normal [-0.543, 0.223, -0.809]  | GT대비 각도 2.0° perp오차 0.14m (GT 7.77m)
[sym] ds_v2_seed1/sunlight_v31: perp 7.82m score 0.0327 normal [-0.721, 0.244, -0.648]  | GT대비 각도 0.5° perp오차 0.13m (GT 7.96m)
[sym] ds_v2_seed1/sunlight_v39: perp 7.86m score 0.0293 normal [-0.705, 0.192, -0.682]  | GT대비 각도 0.4° perp오차 0.07m (GT 7.78m)
[sym] ds_v2_seed1/sunlight_v47: perp 6.81m score 0.0308 normal [-0.778, 0.247, -0.577]  | GT대비 각도 1.0° perp오차 0.48m (GT 7.29m)
[sym] ds_v2_seed1/sunlight_v55: perp 6.70m score 0.0177 normal [-0.796, 0.098, -0.598]  | GT대비 각도 0.2° perp오차 1.08m (GT 7.78m)
[sym] ds_v2_seed1/sunlight_v63: perp 7.41m score 0.0241 normal [-0.761, 0.105, -0.64]  | GT대비 각도 0.7° perp오차 0.35m (GT 7.77m)
[sym] ds_v2_seed1/terrazzo_v05: perp 5.40m score 0.1260 normal [0.297, 0.273, -0.915]  | GT대비 각도 27.3° perp오차 1.01m (GT 4.39m)
[sym] ds_v2_seed1/terrazzo_v13: perp 4.94m score 0.2054 normal [0.574, 0.163, -0.802]  | GT대비 각도 1.7° perp오차 0.40m (GT 4.54m)
[sym] ds_v2_seed1/terrazzo_v21: perp 5.25m score 0.0640 normal [0.752, 0.125, -0.647]  | GT대비 각도 4.8° perp오차 0.26m (GT 4.98m)
[sym] ds_v2_seed1/terrazzo_v29: perp 5.15m score 0.1292 normal [0.527, 0.237, -0.816]  | GT대비 각도 3.6° perp오차 0.41m (GT 4.74m)
[sym] ds_v2_seed1/terrazzo_v37: perp 5.22m score 0.1410 normal [0.703, 0.123, -0.7]  | GT대비 각도 2.7° perp오차 0.64m (GT 4.59m)
[sym] ds_v2_seed1/terrazzo_v45: perp 5.08m score 0.2161 normal [0.614, -0.03, -0.788]  | GT대비 각도 5.9° perp오차 0.17m (GT 4.91m)
[sym] ds_v2_seed1/terrazzo_v53: perp 5.57m score 0.4492 normal [0.382, 0.19, -0.904]  | GT대비 각도 6.8° perp오차 0.90m (GT 4.67m)
[sym] ds_v2_seed1/terrazzo_v61: perp 5.81m score 0.0908 normal [0.302, 0.291, -0.908]  | GT대비 각도 25.6° perp오차 0.85m (GT 4.96m)
[shard 4] 끝: done 141, fail 0, skip 51, 총 48m
