[shard 3/8] 192 views
[sym] ds_v1_seed0/living_room_contemp_v60: perp 7.11m score 0.2883 normal [-0.431, 0.121, -0.894]  | GT대비 각도 2.7° perp오차 1.21m (GT 5.90m)
[sym] ds_v1_seed0/livingroom_v02: perp 2.85m score 0.0139 normal [0.763, 0.015, -0.647]  | GT대비 각도 1.0° perp오차 0.02m (GT 2.87m)
[sym] ds_v1_seed0/livingroom_v10: perp 2.92m score 0.0123 normal [0.828, -0.044, -0.559]  | GT대비 각도 0.6° perp오차 0.06m (GT 2.97m)
[shard 3] 50/192 done 3 fail 0 skip 47 (0.9s/view, ETA 2m)
[sym] ds_v1_seed0/livingroom_v18: perp 2.62m score 0.0147 normal [0.603, 0.014, -0.798]  | GT대비 각도 0.2° perp오차 0.01m (GT 2.62m)
[sym] ds_v1_seed0/livingroom_v26: perp 3.09m score 0.0150 normal [0.777, 0.118, -0.618]  | GT대비 각도 0.9° perp오차 0.05m (GT 3.14m)
[sym] ds_v1_seed0/livingroom_v34: perp 3.07m score 0.0161 normal [0.815, 0.089, -0.573]  | GT대비 각도 0.6° perp오차 0.04m (GT 3.11m)
[sym] ds_v1_seed0/livingroom_v42: perp 2.72m score 0.0291 normal [0.633, 0.136, -0.762]  | GT대비 각도 1.5° perp오차 0.03m (GT 2.69m)
[sym] ds_v1_seed0/livingroom_v50: perp 2.68m score 0.0406 normal [0.607, -0.132, -0.784]  | GT대비 각도 4.0° perp오차 0.07m (GT 2.75m)
[sym] ds_v1_seed0/livingroom_v58: perp 2.82m score 0.0276 normal [0.582, 0.108, -0.806]  | GT대비 각도 2.2° perp오차 0.07m (GT 2.89m)
[sym] ds_v1_seed0/minigym_v01: perp 4.95m score 0.1037 normal [-0.146, 0.33, -0.933]  | GT대비 각도 1.9° perp오차 0.04m (GT 4.91m)
[sym] ds_v1_seed0/minigym_v09: perp 4.96m score 0.2235 normal [-0.175, 0.421, -0.89]  | GT대비 각도 4.4° perp오차 0.12m (GT 4.84m)
[sym] ds_v1_seed0/minigym_v17: perp 4.93m score 0.2566 normal [-0.228, 0.336, -0.914]  | GT대비 각도 5.6° perp오차 0.10m (GT 4.83m)
[sym] ds_v1_seed0/minigym_v25: perp 4.91m score 0.1496 normal [-0.222, 0.442, -0.869]  | GT대비 각도 3.2° perp오차 0.03m (GT 4.94m)
[sym] ds_v1_seed0/minigym_v33: perp 4.75m score 0.1137 normal [-0.334, 0.323, -0.886]  | GT대비 각도 2.1° perp오차 0.00m (GT 4.75m)
[sym] ds_v1_seed0/minigym_v41: perp 5.31m score 0.1716 normal [-0.202, 0.37, -0.907]  | GT대비 각도 3.9° perp오차 0.19m (GT 5.12m)
[sym] ds_v1_seed0/minigym_v49: perp 5.37m score 0.6534 normal [-0.251, 0.47, -0.846]  | GT대비 각도 3.7° perp오차 0.26m (GT 5.11m)
[sym] ds_v1_seed0/minimal_interior_v01: perp 7.16m score 0.0080 normal [0.636, 0.069, -0.769]  | GT대비 각도 0.2° perp오차 0.03m (GT 7.19m)
[sym] ds_v1_seed0/minimal_interior_v09: perp 6.72m score 0.0207 normal [0.639, 0.117, -0.76]  | GT대비 각도 0.1° perp오차 0.01m (GT 6.73m)
[sym] ds_v1_seed0/minimal_interior_v17: perp 7.15m score 0.0380 normal [0.581, -0.012, -0.814]  | GT대비 각도 2.0° perp오차 0.00m (GT 7.15m)
[sym] ds_v1_seed0/minimal_interior_v25: perp 7.28m score 0.0243 normal [0.111, 0.269, -0.957]  | GT대비 각도 13.2° perp오차 0.14m (GT 7.14m)
[sym] ds_v1_seed0/minimal_interior_v33: perp 6.88m score 0.0300 normal [0.542, 0.13, -0.83]  | GT대비 각도 0.6° perp오차 0.13m (GT 7.02m)
[sym] ds_v1_seed0/minimal_interior_v41: perp 7.59m score 0.0314 normal [0.505, 0.084, -0.859]  | GT대비 각도 1.6° perp오차 0.39m (GT 7.20m)
[sym] ds_v1_seed0/minimal_interior_v49: perp 7.28m score 0.0388 normal [0.53, 0.005, -0.848]  | GT대비 각도 1.7° perp오차 0.03m (GT 7.30m)
[sym] ds_v1_seed0/minimal_interior_v57: perp 7.50m score 0.0816 normal [0.293, 0.13, -0.947]  | GT대비 각도 2.4° perp오차 0.48m (GT 7.02m)
[skip] ds_v1_seed0/minimal_interior_v65: 점 부족
[sym] ds_v1_seed0/scandinavian_v07: perp 6.23m score 0.1154 normal [-0.42, 0.12, -0.9]  | GT대비 각도 6.9° perp오차 2.25m (GT 3.98m)
[sym] ds_v1_seed0/scandinavian_v15: perp 5.22m score 0.1434 normal [-0.316, 0.357, -0.879]  | GT대비 각도 10.2° perp오차 1.32m (GT 3.90m)
[sym] ds_v1_seed0/scandinavian_v23: perp 6.39m score 0.0737 normal [-0.292, -0.013, -0.956]  | GT대비 각도 9.0° perp오차 2.23m (GT 4.16m)
[shard 3] 75/192 done 27 fail 1 skip 47 (6.2s/view, ETA 12m)
[sym] ds_v1_seed0/scandinavian_v31: perp 6.27m score 0.1611 normal [-0.34, 0.044, -0.939]  | GT대비 각도 7.5° perp오차 2.24m (GT 4.03m)
[sym] ds_v1_seed0/scandinavian_v39: perp 5.86m score 0.1509 normal [-0.308, 0.283, -0.908]  | GT대비 각도 5.5° perp오차 2.19m (GT 3.67m)
[sym] ds_v1_seed0/scandinavian_v47: perp 2.90m score 0.1596 normal [-0.877, 0.204, -0.434]  | GT대비 각도 27.3° perp오차 1.04m (GT 3.93m)
[sym] ds_v1_seed0/scandinavian_v55: perp 5.75m score 0.1851 normal [0.187, 0.385, -0.904]  | GT대비 각도 19.9° perp오차 1.96m (GT 3.78m)
[sym] ds_v1_seed0/scandinavian_v63: perp 6.17m score 0.0969 normal [-0.254, 0.202, -0.946]  | GT대비 각도 5.2° perp오차 2.20m (GT 3.97m)
[sym] ds_v1_seed0/sunlight_v05: perp 7.39m score 0.0261 normal [-0.712, 0.183, -0.678]  | GT대비 각도 0.7° perp오차 0.12m (GT 7.50m)
[sym] ds_v1_seed0/sunlight_v13: perp 7.19m score 0.0571 normal [-0.685, 0.153, -0.712]  | GT대비 각도 0.7° perp오차 0.11m (GT 7.31m)
[sym] ds_v1_seed0/sunlight_v21: perp 7.67m score 0.0301 normal [-0.723, 0.253, -0.643]  | GT대비 각도 0.3° perp오차 0.02m (GT 7.65m)
[sym] ds_v1_seed0/sunlight_v29: perp 6.00m score 0.0179 normal [-0.804, 0.223, -0.551]  | GT대비 각도 0.5° perp오차 1.80m (GT 7.80m)
[sym] ds_v1_seed0/sunlight_v37: perp 7.20m score 0.1065 normal [-0.619, 0.158, -0.77]  | GT대비 각도 2.5° perp오차 0.27m (GT 7.47m)
[sym] ds_v1_seed0/sunlight_v45: perp 7.65m score 0.0533 normal [-0.532, 0.084, -0.842]  | GT대비 각도 1.9° perp오차 0.06m (GT 7.71m)
[sym] ds_v1_seed0/sunlight_v53: perp 7.39m score 0.0548 normal [-0.657, 0.225, -0.72]  | GT대비 각도 1.0° perp오차 0.12m (GT 7.51m)
[sym] ds_v1_seed0/sunlight_v61: perp 7.38m score 0.0437 normal [-0.6, 0.047, -0.798]  | GT대비 각도 0.7° perp오차 0.01m (GT 7.39m)
[sym] ds_v1_seed0/terrazzo_v03: perp 5.73m score 0.3308 normal [0.535, 0.151, -0.831]  | GT대비 각도 2.9° perp오차 0.75m (GT 4.99m)
[sym] ds_v1_seed0/terrazzo_v11: perp 5.09m score 0.1209 normal [0.614, 0.192, -0.766]  | GT대비 각도 1.5° perp오차 0.31m (GT 4.77m)
[sym] ds_v1_seed0/terrazzo_v19: perp 5.33m score 0.1407 normal [0.349, 0.294, -0.89]  | GT대비 각도 7.7° perp오차 0.50m (GT 4.84m)
[sym] ds_v1_seed0/terrazzo_v27: perp 4.85m score 0.0567 normal [0.62, 0.241, -0.747]  | GT대비 각도 1.8° perp오차 0.07m (GT 4.78m)
[sym] ds_v1_seed0/terrazzo_v35: perp 5.09m score 0.2192 normal [0.462, 0.246, -0.852]  | GT대비 각도 5.3° perp오차 0.52m (GT 4.57m)
[sym] ds_v1_seed0/terrazzo_v43: perp 4.81m score 0.1287 normal [0.593, 0.056, -0.803]  | GT대비 각도 10.2° perp오차 0.13m (GT 4.94m)
[sym] ds_v1_seed0/terrazzo_v51: perp 5.11m score 0.0584 normal [0.524, 0.252, -0.813]  | GT대비 각도 2.9° perp오차 0.12m (GT 4.99m)
[sym] ds_v1_seed0/terrazzo_v59: perp 5.28m score 0.7031 normal [0.463, -0.038, -0.886]  | GT대비 각도 6.1° perp오차 0.82m (GT 4.47m)
[sym] ds_v2_seed1/bedroom_v01: perp 3.87m score 0.0570 normal [-0.605, 0.152, -0.782]  | GT대비 각도 1.1° perp오차 0.12m (GT 3.76m)
[sym] ds_v2_seed1/bedroom_v09: perp 0.34m score 0.1045 normal [-0.988, -0.125, -0.087]  | GT대비 각도 46.0° perp오차 3.32m (GT 3.66m)
[sym] ds_v2_seed1/bedroom_v17: perp 3.56m score 0.0742 normal [-0.616, 0.129, -0.777]  | GT대비 각도 1.0° perp오차 0.08m (GT 3.48m)
[sym] ds_v2_seed1/bedroom_v25: perp 3.78m score 0.0155 normal [-0.544, 0.274, -0.793]  | GT대비 각도 0.7° perp오차 0.04m (GT 3.74m)
[shard 3] 100/192 done 52 fail 1 skip 47 (10.4s/view, ETA 16m)
[sym] ds_v2_seed1/bedroom_v33: perp 3.84m score 0.0875 normal [-0.489, 0.176, -0.854]  | GT대비 각도 4.1° perp오차 0.18m (GT 3.66m)
[sym] ds_v2_seed1/bedroom_v41: perp 3.73m score 0.0545 normal [-0.635, 0.204, -0.746]  | GT대비 각도 1.5° perp오차 0.06m (GT 3.67m)
[sym] ds_v2_seed1/bedroom_v49: perp 4.06m score 0.0844 normal [-0.509, 0.196, -0.838]  | GT대비 각도 3.1° perp오차 0.18m (GT 3.88m)
[sym] ds_v2_seed1/bedroom_v57: perp 0.81m score 0.0747 normal [0.755, 0.617, -0.222]  | GT대비 각도 67.3° perp오차 2.86m (GT 3.67m)
[sym] ds_v2_seed1/blue_bathroom_v01: perp 5.20m score 0.0620 normal [-0.306, 0.118, -0.945]  | GT대비 각도 0.5° perp오차 0.31m (GT 4.89m)
[sym] ds_v2_seed1/blue_bathroom_v09: perp 4.31m score 0.0062 normal [-0.552, -0.064, -0.831]  | GT대비 각도 8.3° perp오차 0.61m (GT 4.92m)
[sym] ds_v2_seed1/blue_bathroom_v17: perp 4.64m score 0.0093 normal [-0.532, -0.286, -0.797]  | GT대비 각도 18.0° perp오차 0.08m (GT 4.72m)
[sym] ds_v2_seed1/blue_bathroom_v25: perp 4.73m score 0.0155 normal [-0.432, 0.215, -0.876]  | GT대비 각도 0.3° perp오차 0.44m (GT 5.17m)
[sym] ds_v2_seed1/blue_bathroom_v33: perp 3.18m score 0.0062 normal [-0.632, 0.055, -0.773]  | GT대비 각도 3.5° perp오차 1.54m (GT 4.72m)
[sym] ds_v2_seed1/blue_bathroom_v41: perp 5.07m score 0.0865 normal [-0.314, -0.086, -0.946]  | GT대비 각도 7.9° perp오차 0.22m (GT 4.85m)
[sym] ds_v2_seed1/blue_bathroom_v49: perp 5.12m score 0.0390 normal [-0.298, -0.006, -0.955]  | GT대비 각도 3.4° perp오차 0.03m (GT 5.15m)
[sym] ds_v2_seed1/blue_bathroom_v57: perp 4.99m score 0.0730 normal [-0.333, -0.046, -0.942]  | GT대비 각도 4.9° perp오차 0.00m (GT 5.00m)
[sym] ds_v2_seed1/computer_room_v06: perp 3.46m score 0.1147 normal [0.463, 0.198, -0.864]  | GT대비 각도 2.6° perp오차 0.04m (GT 3.50m)
[sym] ds_v2_seed1/computer_room_v14: perp 3.21m score 0.0899 normal [0.449, 0.221, -0.866]  | GT대비 각도 2.8° perp오차 0.01m (GT 3.20m)
[sym] ds_v2_seed1/computer_room_v22: perp 3.43m score 0.1054 normal [0.426, 0.168, -0.889]  | GT대비 각도 2.2° perp오차 0.00m (GT 3.43m)
[sym] ds_v2_seed1/computer_room_v30: perp 3.60m score 0.1526 normal [0.41, 0.113, -0.905]  | GT대비 각도 2.2° perp오차 0.01m (GT 3.58m)
[sym] ds_v2_seed1/computer_room_v38: perp 3.20m score 0.1326 normal [0.347, 0.222, -0.911]  | GT대비 각도 1.1° perp오차 0.19m (GT 3.01m)
[sym] ds_v2_seed1/computer_room_v46: perp 3.36m score 0.0434 normal [0.516, 0.277, -0.811]  | GT대비 각도 0.9° perp오차 0.05m (GT 3.41m)
[sym] ds_v2_seed1/computer_room_v54: perp 3.50m score 0.0538 normal [0.548, 0.17, -0.819]  | GT대비 각도 0.4° perp오차 0.02m (GT 3.52m)
[sym] ds_v2_seed1/computer_room_v62: perp 3.32m score 0.1384 normal [0.217, 0.278, -0.936]  | GT대비 각도 1.9° perp오차 0.07m (GT 3.25m)
[sym] ds_v2_seed1/green_house_v04: perp 3.55m score 0.0835 normal [-0.53, 0.348, -0.773]  | GT대비 각도 1.8° perp오차 0.14m (GT 3.68m)
[sym] ds_v2_seed1/green_house_v12: perp 4.71m score 0.1098 normal [-0.55, 0.351, -0.758]  | GT대비 각도 6.2° perp오차 0.64m (GT 4.07m)
[sym] ds_v2_seed1/green_house_v20: perp 3.92m score 0.1215 normal [-0.211, 0.186, -0.96]  | GT대비 각도 4.3° perp오차 0.04m (GT 3.96m)
[sym] ds_v2_seed1/green_house_v28: perp 4.00m score 0.1135 normal [-0.202, 0.324, -0.924]  | GT대비 각도 3.5° perp오차 0.08m (GT 4.08m)
[sym] ds_v2_seed1/green_house_v36: perp 3.64m score 0.1163 normal [-0.556, 0.182, -0.811]  | GT대비 각도 3.4° perp오차 0.09m (GT 3.73m)
[shard 3] 125/192 done 77 fail 1 skip 47 (12.3s/view, ETA 14m)
[sym] ds_v2_seed1/green_house_v44: perp 3.86m score 0.1411 normal [-0.21, 0.105, -0.972]  | GT대비 각도 4.8° perp오차 0.02m (GT 3.84m)
[sym] ds_v2_seed1/green_house_v52: perp 4.08m score 0.1259 normal [-0.217, 0.127, -0.968]  | GT대비 각도 4.2° perp오차 0.06m (GT 4.14m)
[sym] ds_v2_seed1/green_house_v60: perp 4.59m score 0.1104 normal [-0.613, 0.315, -0.725]  | GT대비 각도 4.7° perp오차 0.74m (GT 3.86m)
[sym] ds_v2_seed1/gym_v04: perp 4.33m score 0.0396 normal [-0.695, 0.258, -0.671]  | GT대비 각도 0.9° perp오차 0.02m (GT 4.31m)
[sym] ds_v2_seed1/gym_v12: perp 4.67m score 0.0699 normal [-0.659, 0.181, -0.73]  | GT대비 각도 0.9° perp오차 0.01m (GT 4.68m)
[sym] ds_v2_seed1/gym_v20: perp 4.46m score 0.1002 normal [-0.579, 0.19, -0.793]  | GT대비 각도 1.1° perp오차 0.01m (GT 4.47m)
[sym] ds_v2_seed1/gym_v28: perp 5.37m score 0.2246 normal [-0.525, 0.184, -0.831]  | GT대비 각도 3.1° perp오차 0.72m (GT 4.65m)
[sym] ds_v2_seed1/gym_v36: perp 4.59m score 0.1407 normal [-0.403, 0.308, -0.862]  | GT대비 각도 3.4° perp오차 0.13m (GT 4.46m)
[sym] ds_v2_seed1/gym_v44: perp 4.70m score 0.2338 normal [-0.419, 0.232, -0.878]  | GT대비 각도 8.3° perp오차 0.41m (GT 4.29m)
[sym] ds_v2_seed1/gym_v52: perp 4.68m score 0.0575 normal [-0.621, 0.251, -0.742]  | GT대비 각도 0.2° perp오차 0.00m (GT 4.68m)
[sym] ds_v2_seed1/gym_v60: perp 4.49m score 0.2201 normal [-0.517, 0.169, -0.839]  | GT대비 각도 4.4° perp오차 0.02m (GT 4.47m)
[sym] ds_v2_seed1/living_room_contemp_v02: perp 5.73m score 0.0326 normal [-0.367, 0.27, -0.89]  | GT대비 각도 1.1° perp오차 0.01m (GT 5.74m)
[sym] ds_v2_seed1/living_room_contemp_v10: perp 6.11m score 0.0294 normal [-0.662, 0.12, -0.74]  | GT대비 각도 2.6° perp오차 0.42m (GT 5.69m)
[sym] ds_v2_seed1/living_room_contemp_v18: perp 6.11m score 0.2528 normal [-0.401, 0.155, -0.903]  | GT대비 각도 2.5° perp오차 0.36m (GT 5.75m)
[sym] ds_v2_seed1/living_room_contemp_v26: perp 9.06m score 0.3537 normal [-0.328, 0.125, -0.936]  | GT대비 각도 2.4° perp오차 2.94m (GT 6.12m)
[sym] ds_v2_seed1/living_room_contemp_v34: perp 5.99m score 0.1559 normal [-0.299, 0.232, -0.926]  | GT대비 각도 2.9° perp오차 0.20m (GT 5.79m)
[sym] ds_v2_seed1/living_room_contemp_v42: perp 5.86m score 0.0710 normal [-0.464, 0.217, -0.859]  | GT대비 각도 0.5° perp오차 0.11m (GT 5.75m)
[sym] ds_v2_seed1/living_room_contemp_v50: perp 6.37m score 0.1830 normal [-0.321, 0.223, -0.92]  | GT대비 각도 1.8° perp오차 0.34m (GT 6.03m)
[sym] ds_v2_seed1/living_room_contemp_v58: perp 6.06m score 0.0269 normal [-0.698, 0.011, -0.716]  | GT대비 각도 3.1° perp오차 0.15m (GT 5.91m)
[sym] ds_v2_seed1/livingroom_v00: perp 2.70m score 0.0149 normal [0.746, 0.039, -0.665]  | GT대비 각도 0.3° perp오차 0.06m (GT 2.76m)
[sym] ds_v2_seed1/livingroom_v08: perp 2.63m score 0.0096 normal [0.694, 0.113, -0.711]  | GT대비 각도 0.5° perp오차 0.01m (GT 2.62m)
[sym] ds_v2_seed1/livingroom_v16: perp 2.95m score 0.0145 normal [0.762, -0.085, -0.642]  | GT대비 각도 2.0° perp오차 0.06m (GT 3.00m)
[sym] ds_v2_seed1/livingroom_v24: perp 2.65m score 0.0907 normal [0.687, -0.244, -0.684]  | GT대비 각도 12.9° perp오차 0.11m (GT 2.76m)
[sym] ds_v2_seed1/livingroom_v32: perp 3.02m score 0.0117 normal [0.699, 0.07, -0.712]  | GT대비 각도 0.8° perp오차 0.05m (GT 3.07m)
[sym] ds_v2_seed1/livingroom_v40: perp 2.59m score 0.0098 normal [0.882, 0.08, -0.465]  | GT대비 각도 0.4° perp오차 0.03m (GT 2.62m)
[shard 3] 150/192 done 102 fail 1 skip 47 (13.2s/view, ETA 9m)
[sym] ds_v2_seed1/livingroom_v48: perp 2.93m score 0.0201 normal [0.711, -0.028, -0.703]  | GT대비 각도 0.5° perp오차 0.08m (GT 3.02m)
[sym] ds_v2_seed1/livingroom_v56: perp 2.87m score 0.0159 normal [0.612, -0.134, -0.779]  | GT대비 각도 3.2° perp오차 0.11m (GT 2.98m)
[sym] ds_v2_seed1/minigym_v00: perp 4.84m score 0.1842 normal [-0.331, 0.312, -0.891]  | GT대비 각도 3.8° perp오차 0.00m (GT 4.83m)
[sym] ds_v2_seed1/minigym_v08: perp 5.07m score 0.1218 normal [-0.18, 0.275, -0.944]  | GT대비 각도 2.3° perp오차 0.04m (GT 5.03m)
[sym] ds_v2_seed1/minigym_v16: perp 4.98m score 0.1303 normal [-0.151, 0.315, -0.937]  | GT대비 각도 1.7° perp오차 0.09m (GT 4.89m)
[sym] ds_v2_seed1/minigym_v24: perp 5.09m score 0.0461 normal [-0.13, 0.426, -0.896]  | GT대비 각도 0.5° perp오차 0.02m (GT 5.07m)
[sym] ds_v2_seed1/minigym_v32: perp 4.78m score 0.1258 normal [-0.374, 0.301, -0.877]  | GT대비 각도 0.9° perp오차 0.05m (GT 4.72m)
[sym] ds_v2_seed1/minigym_v40: perp 5.04m score 0.1359 normal [-0.198, 0.406, -0.892]  | GT대비 각도 2.6° perp오차 0.07m (GT 4.97m)
[sym] ds_v2_seed1/minigym_v48: perp 4.92m score 0.3139 normal [-0.234, 0.36, -0.903]  | GT대비 각도 6.3° perp오차 0.09m (GT 4.82m)
[sym] ds_v2_seed1/minimal_interior_v01: perp 6.79m score 0.0183 normal [0.638, 0.071, -0.767]  | GT대비 각도 0.3° perp오차 0.02m (GT 6.81m)
[sym] ds_v2_seed1/minimal_interior_v09: perp 7.57m score 0.0432 normal [0.367, 0.021, -0.93]  | GT대비 각도 1.9° perp오차 0.43m (GT 7.14m)
[sym] ds_v2_seed1/minimal_interior_v17: perp 7.21m score 0.0071 normal [0.63, 0.05, -0.775]  | GT대비 각도 0.7° perp오차 0.00m (GT 7.21m)
[sym] ds_v2_seed1/minimal_interior_v25: perp 6.95m score 0.0084 normal [0.691, 0.01, -0.723]  | GT대비 각도 2.0° perp오차 0.06m (GT 7.02m)
[sym] ds_v2_seed1/minimal_interior_v33: perp 7.74m score 0.0536 normal [0.351, 0.135, -0.927]  | GT대비 각도 2.1° perp오차 0.47m (GT 7.28m)
[sym] ds_v2_seed1/minimal_interior_v41: perp 6.85m score 0.0070 normal [0.645, 0.006, -0.764]  | GT대비 각도 0.8° perp오차 0.03m (GT 6.89m)
[sym] ds_v2_seed1/minimal_interior_v49: perp 7.09m score 0.0103 normal [0.642, -0.091, -0.761]  | GT대비 각도 2.7° perp오차 0.05m (GT 7.14m)
[sym] ds_v2_seed1/minimal_interior_v57: perp 7.26m score 0.0148 normal [0.622, -0.07, -0.78]  | GT대비 각도 1.5° perp오차 0.06m (GT 7.19m)
[sym] ds_v2_seed1/scandinavian_v00: perp 6.04m score 0.1047 normal [-0.231, 0.209, -0.95]  | GT대비 각도 7.8° perp오차 2.28m (GT 3.76m)
[sym] ds_v2_seed1/scandinavian_v08: perp 5.13m score 0.1614 normal [-0.375, 0.358, -0.855]  | GT대비 각도 4.3° perp오차 1.20m (GT 3.92m)
[sym] ds_v2_seed1/scandinavian_v16: perp 6.25m score 0.0890 normal [-0.22, -0.05, -0.974]  | GT대비 각도 11.1° perp오차 2.22m (GT 4.03m)
[sym] ds_v2_seed1/scandinavian_v24: perp 5.78m score 0.1251 normal [-0.481, -0.011, -0.877]  | GT대비 각도 8.1° perp오차 2.09m (GT 3.69m)
[sym] ds_v2_seed1/scandinavian_v32: perp 6.04m score 0.1626 normal [-0.117, 0.051, -0.992]  | GT대비 각도 6.9° perp오차 2.23m (GT 3.80m)
[sym] ds_v2_seed1/scandinavian_v40: perp 6.08m score 0.1681 normal [-0.198, 0.259, -0.945]  | GT대비 각도 4.8° perp오차 2.20m (GT 3.88m)
[sym] ds_v2_seed1/scandinavian_v48: perp 6.35m score 0.1403 normal [-0.042, 0.01, -0.999]  | GT대비 각도 8.9° perp오차 2.22m (GT 4.12m)
[sym] ds_v2_seed1/scandinavian_v56: perp 6.15m score 0.0859 normal [-0.038, 0.142, -0.989]  | GT대비 각도 8.2° perp오차 2.21m (GT 3.95m)
[shard 3] 175/192 done 127 fail 1 skip 47 (14.7s/view, ETA 4m)
[sym] ds_v2_seed1/scandinavian_v64: perp 5.90m score 0.1009 normal [-0.433, 0.188, -0.881]  | GT대비 각도 2.4° perp오차 1.99m (GT 3.91m)
[sym] ds_v2_seed1/sunlight_v06: perp 7.70m score 0.0521 normal [-0.618, 0.147, -0.772]  | GT대비 각도 1.6° perp오차 0.08m (GT 7.78m)
[sym] ds_v2_seed1/sunlight_v14: perp 7.40m score 0.0525 normal [-0.657, 0.184, -0.731]  | GT대비 각도 1.1° perp오차 0.11m (GT 7.52m)
[sym] ds_v2_seed1/sunlight_v22: perp 7.75m score 0.0494 normal [-0.658, 0.138, -0.741]  | GT대비 각도 0.5° perp오차 0.06m (GT 7.69m)
[sym] ds_v2_seed1/sunlight_v30: perp 7.47m score 0.0304 normal [-0.687, 0.095, -0.721]  | GT대비 각도 0.8° perp오차 0.11m (GT 7.59m)
[sym] ds_v2_seed1/sunlight_v38: perp 7.34m score 0.0242 normal [-0.719, 0.174, -0.673]  | GT대비 각도 0.7° perp오차 0.17m (GT 7.51m)
[sym] ds_v2_seed1/sunlight_v46: perp 7.64m score 0.0589 normal [-0.583, 0.208, -0.786]  | GT대비 각도 1.1° perp오차 0.03m (GT 7.61m)
[sym] ds_v2_seed1/sunlight_v54: perp 7.67m score 0.0561 normal [-0.549, 0.1, -0.83]  | GT대비 각도 0.8° perp오차 0.13m (GT 7.80m)
[sym] ds_v2_seed1/sunlight_v62: perp 7.58m score 0.0149 normal [-0.79, 0.186, -0.585]  | GT대비 각도 0.6° perp오차 0.02m (GT 7.56m)
[sym] ds_v2_seed1/terrazzo_v04: perp 4.93m score 0.1015 normal [0.391, 0.28, -0.877]  | GT대비 각도 7.3° perp오차 0.27m (GT 4.66m)
[sym] ds_v2_seed1/terrazzo_v12: perp 5.48m score 0.2748 normal [0.465, 0.213, -0.86]  | GT대비 각도 5.9° perp오차 0.57m (GT 4.91m)
[sym] ds_v2_seed1/terrazzo_v20: perp 4.98m score 0.1800 normal [0.629, 0.013, -0.777]  | GT대비 각도 5.9° perp오차 0.17m (GT 4.81m)
[sym] ds_v2_seed1/terrazzo_v28: perp 5.15m score 0.2122 normal [0.612, -0.047, -0.79]  | GT대비 각도 6.4° perp오차 0.13m (GT 5.02m)
[sym] ds_v2_seed1/terrazzo_v36: perp 5.25m score 0.2025 normal [0.571, 0.158, -0.806]  | GT대비 각도 1.8° perp오차 0.42m (GT 4.83m)
[sym] ds_v2_seed1/terrazzo_v44: perp 5.04m score 0.0118 normal [0.801, 0.078, -0.593]  | GT대비 각도 0.3° perp오차 0.07m (GT 4.97m)
[sym] ds_v2_seed1/terrazzo_v52: perp 4.99m score 0.0456 normal [0.741, 0.092, -0.665]  | GT대비 각도 2.4° perp오차 0.30m (GT 4.69m)
[sym] ds_v2_seed1/terrazzo_v60: perp 5.29m score 0.1627 normal [0.437, 0.288, -0.852]  | GT대비 각도 4.2° perp오차 0.49m (GT 4.80m)
[shard 3] 끝: done 144, fail 1, skip 47, 총 48m
