[shard 0/8] 193 views
[sym] ds_v1_seed0/livingroom_v39: perp 2.81m score 0.0123 normal [0.69, 0.143, -0.71]  | GT대비 각도 0.4° perp오차 0.02m (GT 2.83m)
[sym] ds_v1_seed0/livingroom_v47: perp 3.04m score 0.0141 normal [0.827, 0.05, -0.56]  | GT대비 각도 1.6° perp오차 0.11m (GT 3.14m)
[sym] ds_v1_seed0/livingroom_v55: perp 3.01m score 0.0200 normal [0.736, 0.086, -0.671]  | GT대비 각도 0.9° perp오차 0.07m (GT 3.08m)
[sym] ds_v1_seed0/livingroom_v63: perp 2.83m score 0.0199 normal [0.798, -0.181, -0.575]  | GT대비 각도 7.3° perp오차 0.08m (GT 2.90m)
[sym] ds_v1_seed0/minigym_v06: perp 4.97m score 0.1539 normal [-0.454, 0.191, -0.87]  | GT대비 각도 0.9° perp오차 0.01m (GT 4.96m)
[sym] ds_v1_seed0/minigym_v14: perp 4.92m score 0.1005 normal [-0.35, 0.358, -0.866]  | GT대비 각도 2.9° perp오차 0.09m (GT 5.01m)
[sym] ds_v1_seed0/minigym_v22: perp 4.97m score 0.0364 normal [-0.411, 0.406, -0.816]  | GT대비 각도 0.4° perp오차 0.08m (GT 5.05m)
[sym] ds_v1_seed0/minigym_v30: perp 4.94m score 0.0539 normal [-0.322, 0.432, -0.843]  | GT대비 각도 1.6° perp오차 0.12m (GT 5.06m)
[sym] ds_v1_seed0/minigym_v38: perp 5.16m score 0.1598 normal [-0.128, 0.28, -0.952]  | GT대비 각도 2.4° perp오차 0.13m (GT 5.04m)
[sym] ds_v1_seed0/minigym_v46: perp 4.95m score 0.1189 normal [-0.32, 0.4, -0.859]  | GT대비 각도 2.3° perp오차 0.02m (GT 4.94m)
[sym] ds_v1_seed0/minigym_v54: perp 5.21m score 0.3069 normal [-0.244, 0.196, -0.95]  | GT대비 각도 3.0° perp오차 0.26m (GT 4.96m)
[sym] ds_v1_seed0/minimal_interior_v06: perp 7.54m score 0.0623 normal [-0.484, -0.296, -0.824]  | GT대비 각도 52.4° perp오차 0.66m (GT 6.88m)
[sym] ds_v1_seed0/minimal_interior_v14: perp 7.07m score 0.0301 normal [0.507, 0.129, -0.852]  | GT대비 각도 0.1° perp오차 0.02m (GT 7.09m)
[sym] ds_v1_seed0/minimal_interior_v22: perp 7.02m score 0.0442 normal [0.384, 0.198, -0.902]  | GT대비 각도 1.4° perp오차 0.02m (GT 7.04m)
[sym] ds_v1_seed0/minimal_interior_v30: perp 7.36m score 0.0655 normal [0.305, 0.195, -0.932]  | GT대비 각도 3.4° perp오차 0.51m (GT 6.85m)
[sym] ds_v1_seed0/minimal_interior_v38: perp 7.20m score 0.0268 normal [0.609, 0.129, -0.783]  | GT대비 각도 0.6° perp오차 0.05m (GT 7.25m)
[sym] ds_v1_seed0/minimal_interior_v46: perp 5.39m score 0.0209 normal [0.753, 0.11, -0.648]  | GT대비 각도 5.5° perp오차 1.49m (GT 6.88m)
[sym] ds_v1_seed0/minimal_interior_v54: perp 7.29m score 0.0299 normal [0.516, 0.135, -0.846]  | GT대비 각도 0.4° perp오차 0.03m (GT 7.25m)
[sym] ds_v1_seed0/minimal_interior_v62: perp 7.34m score 0.0577 normal [0.568, -0.209, -0.796]  | GT대비 각도 9.2° perp오차 0.23m (GT 7.11m)
[sym] ds_v1_seed0/scandinavian_v04: perp 5.75m score 0.1142 normal [-0.489, -0.011, -0.872]  | GT대비 각도 6.8° perp오차 2.09m (GT 3.66m)
[sym] ds_v1_seed0/scandinavian_v12: perp 5.88m score 0.1194 normal [-0.42, 0.166, -0.892]  | GT대비 각도 2.9° perp오차 2.09m (GT 3.79m)
[sym] ds_v1_seed0/scandinavian_v20: perp 6.19m score 0.1263 normal [-0.365, 0.137, -0.921]  | GT대비 각도 5.7° perp오차 2.21m (GT 3.98m)
[shard 0] 75/193 done 22 fail 0 skip 53 (5.1s/view, ETA 10m)
[sym] ds_v1_seed0/scandinavian_v28: perp 5.26m score 0.1678 normal [-0.182, 0.365, -0.913]  | GT대비 각도 7.2° perp오차 1.39m (GT 3.87m)
[sym] ds_v1_seed0/scandinavian_v36: perp 6.13m score 0.1246 normal [-0.186, -0.025, -0.982]  | GT대비 각도 9.0° perp오차 2.23m (GT 3.90m)
[sym] ds_v1_seed0/scandinavian_v44: perp 6.04m score 0.1822 normal [-0.423, -0.056, -0.904]  | GT대비 각도 8.1° perp오차 2.07m (GT 3.97m)
[sym] ds_v1_seed0/scandinavian_v52: perp 5.97m score 0.1027 normal [-0.419, 0.13, -0.898]  | GT대비 각도 1.6° perp오차 2.12m (GT 3.85m)
[sym] ds_v1_seed0/scandinavian_v60: perp 6.08m score 0.1269 normal [-0.16, 0.107, -0.981]  | GT대비 각도 6.9° perp오차 2.17m (GT 3.90m)
[sym] ds_v1_seed0/sunlight_v02: perp 7.70m score 0.0651 normal [-0.634, 0.124, -0.763]  | GT대비 각도 1.8° perp오차 0.01m (GT 7.71m)
[sym] ds_v1_seed0/sunlight_v10: perp 7.32m score 0.0469 normal [-0.546, 0.03, -0.837]  | GT대비 각도 1.3° perp오차 0.14m (GT 7.47m)
[sym] ds_v1_seed0/sunlight_v18: perp 6.82m score 0.0195 normal [-0.771, 0.161, -0.616]  | GT대비 각도 0.2° perp오차 0.71m (GT 7.53m)
[sym] ds_v1_seed0/sunlight_v26: perp 7.82m score 0.0648 normal [-0.494, 0.225, -0.84]  | GT대비 각도 1.5° perp오차 0.07m (GT 7.89m)
[sym] ds_v1_seed0/sunlight_v34: perp 7.42m score 0.0516 normal [-0.676, 0.28, -0.681]  | GT대비 각도 1.2° perp오차 0.33m (GT 7.75m)
[sym] ds_v1_seed0/sunlight_v42: perp 7.33m score 0.0643 normal [-0.646, 0.203, -0.736]  | GT대비 각도 1.0° perp오차 0.09m (GT 7.42m)
[sym] ds_v1_seed0/sunlight_v50: perp 7.10m score 0.0745 normal [-0.473, 0.309, -0.825]  | GT대비 각도 1.9° perp오차 0.64m (GT 7.74m)
[sym] ds_v1_seed0/sunlight_v58: perp 7.25m score 0.0610 normal [-0.618, 0.282, -0.734]  | GT대비 각도 1.2° perp오차 0.59m (GT 7.84m)
[sym] ds_v1_seed0/terrazzo_v08: perp 5.29m score 0.0622 normal [0.719, 0.096, -0.689]  | GT대비 각도 2.7° perp오차 0.25m (GT 5.03m)
[sym] ds_v1_seed0/terrazzo_v16: perp 4.98m score 0.0976 normal [0.551, 0.219, -0.806]  | GT대비 각도 2.1° perp오차 0.09m (GT 4.89m)
[sym] ds_v1_seed0/terrazzo_v24: perp 5.07m score 0.2291 normal [0.43, 0.234, -0.872]  | GT대비 각도 4.4° perp오차 0.52m (GT 4.55m)
[sym] ds_v1_seed0/terrazzo_v32: perp 5.06m score 0.0705 normal [0.588, 0.249, -0.77]  | GT대비 각도 1.0° perp오차 0.32m (GT 4.74m)
[sym] ds_v1_seed0/terrazzo_v40: perp 5.07m score 0.1436 normal [0.653, 0.006, -0.757]  | GT대비 각도 5.8° perp오차 0.08m (GT 4.99m)
[sym] ds_v1_seed0/terrazzo_v48: perp 5.52m score 0.0871 normal [0.301, 0.311, -0.902]  | GT대비 각도 26.2° perp오차 0.86m (GT 4.67m)
[sym] ds_v1_seed0/terrazzo_v56: perp 4.76m score 0.0485 normal [0.774, 0.128, -0.62]  | GT대비 각도 2.0° perp오차 0.36m (GT 4.40m)
[sym] ds_v1_seed0/terrazzo_v64: perp 5.44m score 0.1708 normal [0.623, 0.156, -0.766]  | GT대비 각도 3.2° perp오차 0.68m (GT 4.76m)
[sym] ds_v2_seed1/bedroom_v06: perp 4.01m score 0.0977 normal [-0.652, 0.111, -0.75]  | GT대비 각도 3.6° perp오차 0.12m (GT 3.89m)
[sym] ds_v2_seed1/bedroom_v14: perp 3.64m score 0.0683 normal [-0.718, 0.126, -0.684]  | GT대비 각도 2.6° perp오차 0.00m (GT 3.65m)
[sym] ds_v2_seed1/bedroom_v22: perp 3.84m score 0.0546 normal [-0.719, 0.101, -0.688]  | GT대비 각도 1.2° perp오차 0.05m (GT 3.80m)
[shard 0] 100/193 done 46 fail 0 skip 54 (8.5s/view, ETA 13m)
[sym] ds_v2_seed1/bedroom_v30: perp 0.55m score 0.0634 normal [-0.795, -0.585, 0.162]  | GT대비 각도 64.2° perp오차 3.13m (GT 3.68m)
[sym] ds_v2_seed1/bedroom_v38: perp 3.98m score 0.0859 normal [-0.749, 0.111, -0.653]  | GT대비 각도 3.4° perp오차 0.09m (GT 3.90m)
[sym] ds_v2_seed1/bedroom_v46: perp 3.67m score 0.0328 normal [-0.817, 0.084, -0.57]  | GT대비 각도 7.6° perp오차 0.27m (GT 3.41m)
[sym] ds_v2_seed1/bedroom_v54: perp 3.88m score 0.1058 normal [-0.583, 0.091, -0.807]  | GT대비 각도 1.8° perp오차 0.05m (GT 3.83m)
[sym] ds_v2_seed1/bedroom_v62: perp 3.89m score 0.0990 normal [-0.711, 0.064, -0.7]  | GT대비 각도 4.3° perp오차 0.10m (GT 3.80m)
[sym] ds_v2_seed1/blue_bathroom_v06: perp 5.09m score 0.0206 normal [-0.387, 0.123, -0.914]  | GT대비 각도 0.2° perp오차 0.03m (GT 5.12m)
[sym] ds_v2_seed1/blue_bathroom_v14: perp 4.47m score 0.0392 normal [-0.458, -0.162, -0.874]  | GT대비 각도 9.1° perp오차 0.62m (GT 5.09m)
[sym] ds_v2_seed1/blue_bathroom_v22: perp 4.20m score 0.0093 normal [-0.539, -0.129, -0.832]  | GT대비 각도 9.8° perp오차 0.56m (GT 4.77m)
[sym] ds_v2_seed1/blue_bathroom_v30: perp 4.86m score 0.0196 normal [-0.209, 0.181, -0.961]  | GT대비 각도 0.4° perp오차 0.01m (GT 4.87m)
[sym] ds_v2_seed1/blue_bathroom_v38: perp 4.83m score 0.0223 normal [-0.339, 0.202, -0.919]  | GT대비 각도 0.5° perp오차 0.00m (GT 4.83m)
[sym] ds_v2_seed1/blue_bathroom_v46: perp 5.08m score 0.0193 normal [-0.22, 0.193, -0.956]  | GT대비 각도 0.3° perp오차 0.03m (GT 5.11m)
[sym] ds_v2_seed1/blue_bathroom_v54: perp 3.49m score 0.0041 normal [-0.592, 0.029, -0.805]  | GT대비 각도 2.2° perp오차 1.60m (GT 5.09m)
[sym] ds_v2_seed1/computer_room_v03: perp 3.26m score 0.0195 normal [0.637, 0.245, -0.731]  | GT대비 각도 0.5° perp오차 0.06m (GT 3.31m)
[sym] ds_v2_seed1/computer_room_v11: perp 3.30m score 0.1563 normal [0.238, 0.25, -0.938]  | GT대비 각도 3.3° perp오차 0.19m (GT 3.11m)
[sym] ds_v2_seed1/computer_room_v19: perp 3.73m score 0.1977 normal [0.296, 0.199, -0.934]  | GT대비 각도 4.3° perp오차 0.36m (GT 3.36m)
[sym] ds_v2_seed1/computer_room_v27: perp 3.47m score 0.0707 normal [0.482, 0.309, -0.82]  | GT대비 각도 3.3° perp오차 0.04m (GT 3.50m)
[sym] ds_v2_seed1/computer_room_v35: perp 3.65m score 0.0906 normal [0.266, 0.277, -0.923]  | GT대비 각도 1.7° perp오차 0.12m (GT 3.53m)
[sym] ds_v2_seed1/computer_room_v43: perp 3.29m score 0.1123 normal [0.496, 0.122, -0.86]  | GT대비 각도 1.3° perp오차 0.13m (GT 3.16m)
[sym] ds_v2_seed1/computer_room_v51: perp 3.18m score 0.0413 normal [0.474, 0.288, -0.832]  | GT대비 각도 0.9° perp오차 0.06m (GT 3.24m)
[sym] ds_v2_seed1/computer_room_v59: perp 3.91m score 0.2091 normal [0.413, 0.172, -0.894]  | GT대비 각도 4.2° perp오차 0.28m (GT 3.63m)
[sym] ds_v2_seed1/green_house_v01: perp 4.75m score 0.1321 normal [-0.267, 0.317, -0.91]  | GT대비 각도 4.0° perp오차 0.90m (GT 3.85m)
[sym] ds_v2_seed1/green_house_v09: perp 4.06m score 0.1429 normal [-0.255, 0.149, -0.955]  | GT대비 각도 3.9° perp오차 0.08m (GT 3.98m)
[sym] ds_v2_seed1/green_house_v17: perp 5.05m score 0.1069 normal [-0.151, 0.275, -0.949]  | GT대비 각도 7.8° perp오차 1.20m (GT 3.84m)
[sym] ds_v2_seed1/green_house_v25: perp 4.11m score 0.1113 normal [-0.163, 0.141, -0.977]  | GT대비 각도 5.0° perp오차 0.02m (GT 4.13m)
[sym] ds_v2_seed1/green_house_v33: perp 4.89m score 0.1363 normal [-0.117, 0.386, -0.915]  | GT대비 각도 5.9° perp오차 1.03m (GT 3.86m)
[shard 0] 125/193 done 71 fail 0 skip 54 (10.6s/view, ETA 12m)
[sym] ds_v2_seed1/green_house_v41: perp 4.75m score 0.1425 normal [-0.246, 0.399, -0.883]  | GT대비 각도 5.4° perp오차 0.97m (GT 3.79m)
[sym] ds_v2_seed1/green_house_v49: perp 4.72m score 0.1355 normal [-0.246, 0.379, -0.892]  | GT대비 각도 7.9° perp오차 1.09m (GT 3.63m)
[sym] ds_v2_seed1/green_house_v57: perp 3.86m score 0.1122 normal [-0.421, 0.089, -0.903]  | GT대비 각도 1.8° perp오차 0.14m (GT 4.00m)
[sym] ds_v2_seed1/gym_v01: perp 4.58m score 0.3112 normal [-0.554, 0.227, -0.801]  | GT대비 각도 8.2° perp오차 0.04m (GT 4.55m)
[sym] ds_v2_seed1/gym_v09: perp 4.61m score 0.1586 normal [-0.502, 0.079, -0.861]  | GT대비 각도 1.2° perp오차 0.05m (GT 4.57m)
[sym] ds_v2_seed1/gym_v17: perp 4.95m score 0.2515 normal [-0.429, 0.19, -0.883]  | GT대비 각도 2.5° perp오차 0.63m (GT 4.32m)
[sym] ds_v2_seed1/gym_v25: perp 4.61m score 0.1583 normal [-0.365, 0.294, -0.883]  | GT대비 각도 1.0° perp오차 0.06m (GT 4.55m)
[sym] ds_v2_seed1/gym_v33: perp 4.58m score 0.0907 normal [-0.621, 0.195, -0.76]  | GT대비 각도 1.1° perp오차 0.02m (GT 4.60m)
[sym] ds_v2_seed1/gym_v41: perp 4.59m score 0.2810 normal [-0.335, 0.317, -0.887]  | GT대비 각도 4.6° perp오차 0.16m (GT 4.43m)
[sym] ds_v2_seed1/gym_v49: perp 4.56m score 0.1541 normal [-0.596, 0.049, -0.801]  | GT대비 각도 2.0° perp오차 0.03m (GT 4.53m)
[sym] ds_v2_seed1/gym_v57: perp 5.26m score 0.3306 normal [-0.545, 0.146, -0.826]  | GT대비 각도 5.0° perp오차 0.74m (GT 4.52m)
[sym] ds_v2_seed1/gym_v65: perp 5.14m score 0.3043 normal [-0.368, 0.255, -0.894]  | GT대비 각도 6.8° perp오차 0.35m (GT 4.79m)
[sym] ds_v2_seed1/living_room_contemp_v07: perp 6.01m score 0.1046 normal [-0.532, 0.169, -0.83]  | GT대비 각도 1.0° perp오차 0.02m (GT 6.03m)
[sym] ds_v2_seed1/living_room_contemp_v15: perp 6.05m score 0.0774 normal [-0.624, -0.014, -0.781]  | GT대비 각도 2.2° perp오차 0.05m (GT 6.01m)
[sym] ds_v2_seed1/living_room_contemp_v23: perp 5.99m score 0.0760 normal [-0.441, 0.216, -0.871]  | GT대비 각도 2.0° perp오차 0.07m (GT 6.05m)
[sym] ds_v2_seed1/living_room_contemp_v31: perp 6.19m score 0.0356 normal [-0.62, 0.219, -0.753]  | GT대비 각도 2.4° perp오차 0.11m (GT 6.08m)
[sym] ds_v2_seed1/living_room_contemp_v39: perp 5.97m score 0.0641 normal [-0.615, 0.134, -0.777]  | GT대비 각도 1.4° perp오차 0.02m (GT 5.95m)
[sym] ds_v2_seed1/living_room_contemp_v47: perp 5.53m score 0.0239 normal [-0.683, 0.222, -0.696]  | GT대비 각도 2.7° perp오차 0.13m (GT 5.40m)
[sym] ds_v2_seed1/living_room_contemp_v55: perp 6.32m score 0.0150 normal [-0.712, 0.039, -0.701]  | GT대비 각도 0.7° perp오차 0.28m (GT 6.03m)
[sym] ds_v2_seed1/living_room_contemp_v63: perp 5.95m score 0.0361 normal [-0.677, 0.027, -0.735]  | GT대비 각도 2.6° perp오차 0.09m (GT 5.86m)
[sym] ds_v2_seed1/livingroom_v05: perp 2.47m score 0.0168 normal [0.781, 0.109, -0.615]  | GT대비 각도 1.1° perp오차 0.01m (GT 2.48m)
[sym] ds_v2_seed1/livingroom_v13: perp 2.67m score 0.0123 normal [0.676, 0.074, -0.733]  | GT대비 각도 0.9° perp오차 0.04m (GT 2.63m)
[sym] ds_v2_seed1/livingroom_v21: perp 2.63m score 0.0132 normal [0.846, 0.031, -0.532]  | GT대비 각도 1.4° perp오차 0.00m (GT 2.63m)
[sym] ds_v2_seed1/livingroom_v29: perp 2.62m score 0.0146 normal [0.839, 0.107, -0.534]  | GT대비 각도 0.5° perp오차 0.05m (GT 2.67m)
[sym] ds_v2_seed1/livingroom_v37: perp 2.49m score 0.0234 normal [0.683, 0.042, -0.729]  | GT대비 각도 0.9° perp오차 0.04m (GT 2.53m)
[shard 0] 150/193 done 96 fail 0 skip 54 (11.5s/view, ETA 8m)
[sym] ds_v2_seed1/livingroom_v45: perp 2.84m score 0.0153 normal [0.805, 0.073, -0.589]  | GT대비 각도 1.1° perp오차 0.09m (GT 2.93m)
[sym] ds_v2_seed1/livingroom_v53: perp 2.61m score 0.0190 normal [0.58, -0.057, -0.813]  | GT대비 각도 1.0° perp오차 0.10m (GT 2.72m)
[sym] ds_v2_seed1/livingroom_v61: perp 2.69m score 0.0138 normal [0.648, -0.071, -0.758]  | GT대비 각도 2.2° perp오차 0.14m (GT 2.83m)
[sym] ds_v2_seed1/minigym_v05: perp 4.70m score 0.1360 normal [-0.301, 0.385, -0.873]  | GT대비 각도 5.1° perp오차 0.09m (GT 4.80m)
[sym] ds_v2_seed1/minigym_v13: perp 4.80m score 0.1224 normal [-0.319, 0.339, -0.885]  | GT대비 각도 2.5° perp오차 0.02m (GT 4.82m)
[sym] ds_v2_seed1/minigym_v21: perp 4.83m score 0.1850 normal [-0.416, 0.22, -0.882]  | GT대비 각도 1.2° perp오차 0.08m (GT 4.75m)
[sym] ds_v2_seed1/minigym_v29: perp 4.86m score 0.0353 normal [-0.43, 0.354, -0.831]  | GT대비 각도 0.4° perp오차 0.08m (GT 4.94m)
[sym] ds_v2_seed1/minigym_v37: perp 4.89m score 0.3617 normal [-0.207, 0.315, -0.926]  | GT대비 각도 7.4° perp오차 0.22m (GT 4.67m)
[sym] ds_v2_seed1/minigym_v45: perp 5.26m score 0.6495 normal [-0.432, 0.283, -0.857]  | GT대비 각도 9.2° perp오차 0.14m (GT 5.12m)
[sym] ds_v2_seed1/minigym_v53: perp 4.97m score 0.2392 normal [-0.346, 0.274, -0.897]  | GT대비 각도 2.6° perp오차 0.00m (GT 4.97m)
[sym] ds_v2_seed1/minimal_interior_v06: perp 7.22m score 0.0309 normal [0.55, 0.129, -0.825]  | GT대비 각도 0.4° perp오차 0.11m (GT 7.11m)
[sym] ds_v2_seed1/minimal_interior_v14: perp 7.85m score 0.0391 normal [0.41, -0.104, -0.906]  | GT대비 각도 3.6° perp오차 0.58m (GT 7.27m)
[sym] ds_v2_seed1/minimal_interior_v22: perp 7.23m score 0.0202 normal [0.649, 0.148, -0.746]  | GT대비 각도 0.3° perp오차 0.07m (GT 7.31m)
[sym] ds_v2_seed1/minimal_interior_v30: perp 7.35m score 0.0446 normal [0.429, 0.19, -0.883]  | GT대비 각도 1.6° perp오차 0.26m (GT 7.08m)
[sym] ds_v2_seed1/minimal_interior_v38: perp 6.81m score 0.0182 normal [0.624, 0.072, -0.778]  | GT대비 각도 0.3° perp오차 0.08m (GT 6.89m)
[sym] ds_v2_seed1/minimal_interior_v46: perp 4.17m score 0.0069 normal [0.834, 0.185, -0.519]  | GT대비 각도 13.6° perp오차 2.98m (GT 7.14m)
[sym] ds_v2_seed1/minimal_interior_v54: perp 7.79m score 0.0643 normal [-0.514, -0.077, -0.854]  | GT대비 각도 52.0° perp오차 0.54m (GT 7.24m)
[sym] ds_v2_seed1/minimal_interior_v62: perp 6.88m score 0.0200 normal [0.621, -0.001, -0.784]  | GT대비 각도 0.2° perp오차 0.01m (GT 6.87m)
[sym] ds_v2_seed1/scandinavian_v05: perp 5.03m score 0.1753 normal [-0.263, 0.374, -0.889]  | GT대비 각도 5.2° perp오차 1.28m (GT 3.75m)
[sym] ds_v2_seed1/scandinavian_v13: perp 5.95m score 0.1163 normal [-0.414, 0.277, -0.867]  | GT대비 각도 2.1° perp오차 2.11m (GT 3.84m)
[sym] ds_v2_seed1/scandinavian_v21: perp 5.96m score 0.1508 normal [-0.226, 0.158, -0.961]  | GT대비 각도 3.2° perp오차 2.06m (GT 3.91m)
[sym] ds_v2_seed1/scandinavian_v29: perp 5.30m score 0.1720 normal [0.006, 0.393, -0.919]  | GT대비 각도 13.4° perp오차 1.28m (GT 4.02m)
[sym] ds_v2_seed1/scandinavian_v37: perp 5.68m score 0.1096 normal [-0.569, 0.216, -0.794]  | GT대비 각도 1.6° perp오차 2.01m (GT 3.67m)
[sym] ds_v2_seed1/scandinavian_v45: perp 5.93m score 0.0803 normal [-0.203, 0.156, -0.967]  | GT대비 각도 1.9° perp오차 2.15m (GT 3.78m)
[sym] ds_v2_seed1/scandinavian_v53: perp 6.30m score 0.1371 normal [-0.203, -0.015, -0.979]  | GT대비 각도 5.3° perp오차 2.14m (GT 4.16m)
[shard 0] 175/193 done 121 fail 0 skip 54 (12.7s/view, ETA 4m)
[sym] ds_v2_seed1/scandinavian_v61: perp 6.29m score 0.1180 normal [-0.188, -0.046, -0.981]  | GT대비 각도 7.9° perp오차 2.15m (GT 4.14m)
[sym] ds_v2_seed1/sunlight_v03: perp 7.39m score 0.0910 normal [-0.44, 0.155, -0.885]  | GT대비 각도 2.0° perp오차 0.00m (GT 7.39m)
[sym] ds_v2_seed1/sunlight_v11: perp 7.38m score 0.0179 normal [-0.759, 0.203, -0.619]  | GT대비 각도 1.8° perp오차 0.14m (GT 7.52m)
[sym] ds_v2_seed1/sunlight_v19: perp 7.48m score 0.0227 normal [-0.755, 0.097, -0.649]  | GT대비 각도 0.6° perp오차 0.12m (GT 7.36m)
[sym] ds_v2_seed1/sunlight_v27: perp 7.72m score 0.0564 normal [-0.654, 0.232, -0.72]  | GT대비 각도 1.1° perp오차 0.11m (GT 7.83m)
[sym] ds_v2_seed1/sunlight_v35: perp 7.44m score 0.0196 normal [-0.765, 0.211, -0.609]  | GT대비 각도 0.4° perp오차 0.07m (GT 7.50m)
[sym] ds_v2_seed1/sunlight_v43: perp 7.10m score 0.0795 normal [-0.598, 0.047, -0.8]  | GT대비 각도 2.1° perp오차 0.25m (GT 7.35m)
[sym] ds_v2_seed1/sunlight_v51: perp 7.10m score 0.0554 normal [-0.636, 0.204, -0.744]  | GT대비 각도 1.5° perp오차 0.19m (GT 7.29m)
[sym] ds_v2_seed1/sunlight_v59: perp 7.56m score 0.0301 normal [-0.684, 0.058, -0.728]  | GT대비 각도 0.5° perp오차 0.02m (GT 7.58m)
[sym] ds_v2_seed1/terrazzo_v01: perp 4.89m score 0.0787 normal [0.74, 0.083, -0.667]  | GT대비 각도 3.6° perp오차 0.40m (GT 4.49m)
[sym] ds_v2_seed1/terrazzo_v09: perp 5.35m score 0.0388 normal [0.716, 0.075, -0.694]  | GT대비 각도 1.2° perp오차 0.28m (GT 5.07m)
[sym] ds_v2_seed1/terrazzo_v17: perp 5.30m score 0.4694 normal [0.513, -0.062, -0.856]  | GT대비 각도 6.1° perp오차 0.48m (GT 4.83m)
[sym] ds_v2_seed1/terrazzo_v25: perp 4.97m score 0.0796 normal [0.621, 0.201, -0.758]  | GT대비 각도 2.6° perp오차 0.12m (GT 4.85m)
[sym] ds_v2_seed1/terrazzo_v33: perp 5.26m score 0.0452 normal [0.741, 0.15, -0.655]  | GT대비 각도 5.5° perp오차 0.33m (GT 4.94m)
[sym] ds_v2_seed1/terrazzo_v41: perp 4.68m score 0.0755 normal [0.75, 0.022, -0.661]  | GT대비 각도 4.0° perp오차 0.24m (GT 4.44m)
[sym] ds_v2_seed1/terrazzo_v49: perp 5.12m score 0.0514 normal [0.75, 0.049, -0.66]  | GT대비 각도 2.4° perp오차 0.25m (GT 4.87m)
[sym] ds_v2_seed1/terrazzo_v57: perp 5.20m score 0.1272 normal [0.715, 0.027, -0.699]  | GT대비 각도 3.4° perp오차 0.64m (GT 4.56m)
[sym] ds_v2_seed1/terrazzo_v65: perp 5.03m score 0.1637 normal [0.646, 0.177, -0.743]  | GT대비 각도 4.0° perp오차 0.54m (GT 4.49m)
[shard 0] 끝: done 139, fail 0, skip 54, 총 42m
