[shard 6/8] 192 views
[sym] ds_v1_seed0/livingroom_v21: perp 2.99m score 0.0126 normal [0.665, 0.126, -0.736]  | GT대비 각도 0.2° perp오차 0.00m (GT 2.99m)
[sym] ds_v1_seed0/livingroom_v29: perp 2.65m score 0.0241 normal [0.593, 0.141, -0.793]  | GT대비 각도 1.4° perp오차 0.01m (GT 2.66m)
[sym] ds_v1_seed0/livingroom_v37: perp 3.00m score 0.0169 normal [0.802, 0.083, -0.591]  | GT대비 각도 0.7° perp오차 0.02m (GT 3.02m)
[sym] ds_v1_seed0/livingroom_v45: perp 2.53m score 0.0138 normal [0.864, 0.099, -0.493]  | GT대비 각도 0.6° perp오차 0.09m (GT 2.62m)
[sym] ds_v1_seed0/livingroom_v53: perp 2.92m score 0.0146 normal [0.803, -0.019, -0.596]  | GT대비 각도 0.7° perp오차 0.09m (GT 3.01m)
[sym] ds_v1_seed0/livingroom_v61: perp 3.00m score 0.0272 normal [0.682, 0.143, -0.717]  | GT대비 각도 2.0° perp오차 0.05m (GT 3.06m)
[sym] ds_v1_seed0/minigym_v04: perp 4.92m score 0.2093 normal [-0.423, 0.205, -0.883]  | GT대비 각도 1.5° perp오차 0.22m (GT 4.70m)
[sym] ds_v1_seed0/minigym_v12: perp 4.90m score 0.0948 normal [-0.366, 0.295, -0.882]  | GT대비 각도 0.5° perp오차 0.01m (GT 4.90m)
[sym] ds_v1_seed0/minigym_v20: perp 4.99m score 0.1561 normal [-0.365, 0.317, -0.875]  | GT대비 각도 3.0° perp오차 0.08m (GT 5.07m)
[sym] ds_v1_seed0/minigym_v28: perp 4.79m score 0.1283 normal [-0.31, 0.407, -0.859]  | GT대비 각도 4.1° perp오차 0.16m (GT 4.95m)
[sym] ds_v1_seed0/minigym_v36: perp 4.75m score 0.0430 normal [-0.395, 0.388, -0.833]  | GT대비 각도 0.6° perp오차 0.01m (GT 4.74m)
[sym] ds_v1_seed0/minigym_v44: perp 4.74m score 0.1316 normal [-0.463, 0.192, -0.865]  | GT대비 각도 0.4° perp오차 0.05m (GT 4.69m)
[sym] ds_v1_seed0/minigym_v52: perp 4.97m score 0.2682 normal [-0.247, 0.221, -0.944]  | GT대비 각도 4.0° perp오차 0.18m (GT 4.78m)
[sym] ds_v1_seed0/minimal_interior_v04: perp 7.28m score 0.0777 normal [0.372, -0.08, -0.925]  | GT대비 각도 3.1° perp오차 0.54m (GT 6.75m)
[sym] ds_v1_seed0/minimal_interior_v12: perp 7.62m score 0.0450 normal [0.421, 0.073, -0.904]  | GT대비 각도 2.1° perp오차 0.45m (GT 7.17m)
[sym] ds_v1_seed0/minimal_interior_v20: perp 7.46m score 0.0360 normal [0.485, 0.081, -0.871]  | GT대비 각도 0.5° perp오차 0.09m (GT 7.37m)
[sym] ds_v1_seed0/minimal_interior_v28: perp 6.84m score 0.0276 normal [0.604, 0.15, -0.783]  | GT대비 각도 0.3° perp오차 0.08m (GT 6.92m)
[sym] ds_v1_seed0/minimal_interior_v36: perp 7.31m score 0.0275 normal [0.595, -0.075, -0.8]  | GT대비 각도 2.1° perp오차 0.02m (GT 7.29m)
[sym] ds_v1_seed0/minimal_interior_v44: perp 8.28m score 0.0973 normal [0.396, -0.102, -0.913]  | GT대비 각도 3.7° perp오차 0.89m (GT 7.39m)
[sym] ds_v1_seed0/minimal_interior_v52: perp 7.14m score 0.0330 normal [0.526, 0.153, -0.837]  | GT대비 각도 0.2° perp오차 0.09m (GT 7.23m)
[sym] ds_v1_seed0/minimal_interior_v60: perp 7.32m score 0.0307 normal [0.422, 0.201, -0.884]  | GT대비 각도 0.7° perp오차 0.02m (GT 7.30m)
[sym] ds_v1_seed0/scandinavian_v02: perp 6.16m score 0.1139 normal [-0.285, 0.104, -0.953]  | GT대비 각도 6.5° perp오차 2.18m (GT 3.98m)
[sym] ds_v1_seed0/scandinavian_v10: perp 6.09m score 0.1104 normal [-0.106, 0.054, -0.993]  | GT대비 각도 8.0° perp오차 2.30m (GT 3.79m)
[sym] ds_v1_seed0/scandinavian_v18: perp 5.87m score 0.1466 normal [-0.501, 0.169, -0.849]  | GT대비 각도 2.3° perp오차 2.14m (GT 3.73m)
[sym] ds_v1_seed0/scandinavian_v26: perp 6.27m score 0.1973 normal [-0.095, 0.306, -0.947]  | GT대비 각도 5.4° perp오차 2.17m (GT 4.10m)
[shard 6] 75/192 done 25 fail 0 skip 50 (6.2s/view, ETA 12m)
[sym] ds_v1_seed0/scandinavian_v34: perp 5.27m score 0.1249 normal [-0.186, 0.386, -0.904]  | GT대비 각도 12.1° perp오차 1.26m (GT 4.01m)
[sym] ds_v1_seed0/scandinavian_v42: perp 5.83m score 0.1536 normal [-0.257, 0.299, -0.919]  | GT대비 각도 6.2° perp오차 2.18m (GT 3.66m)
[sym] ds_v1_seed0/scandinavian_v50: perp 5.67m score 0.2091 normal [0.177, 0.45, -0.875]  | GT대비 각도 19.3° perp오차 1.67m (GT 3.99m)
[sym] ds_v1_seed0/scandinavian_v58: perp 5.30m score 0.1390 normal [-0.25, 0.381, -0.89]  | GT대비 각도 5.1° perp오차 1.24m (GT 4.06m)
[sym] ds_v1_seed0/sunlight_v00: perp 7.52m score 0.0514 normal [-0.641, 0.156, -0.751]  | GT대비 각도 1.1° perp오차 0.00m (GT 7.52m)
[sym] ds_v1_seed0/sunlight_v08: perp 7.69m score 0.0133 normal [-0.757, 0.141, -0.639]  | GT대비 각도 0.6° perp오차 0.12m (GT 7.81m)
[sym] ds_v1_seed0/sunlight_v16: perp 6.51m score 0.0165 normal [-0.781, 0.108, -0.615]  | GT대비 각도 0.2° perp오차 1.08m (GT 7.59m)
[sym] ds_v1_seed0/sunlight_v24: perp 7.52m score 0.0526 normal [-0.699, 0.153, -0.698]  | GT대비 각도 1.0° perp오차 0.27m (GT 7.78m)
[sym] ds_v1_seed0/sunlight_v32: perp 7.00m score 0.0589 normal [-0.634, 0.269, -0.725]  | GT대비 각도 1.7° perp오차 0.64m (GT 7.64m)
[sym] ds_v1_seed0/sunlight_v40: perp 7.39m score 0.0343 normal [-0.708, 0.271, -0.653]  | GT대비 각도 0.9° perp오차 0.28m (GT 7.67m)
[sym] ds_v1_seed0/sunlight_v48: perp 7.52m score 0.0741 normal [-0.568, 0.152, -0.809]  | GT대비 각도 2.2° perp오차 0.14m (GT 7.66m)
[sym] ds_v1_seed0/sunlight_v56: perp 7.40m score 0.0553 normal [-0.659, 0.205, -0.724]  | GT대비 각도 1.0° perp오차 0.09m (GT 7.49m)
[sym] ds_v1_seed0/sunlight_v64: perp 7.54m score 0.0689 normal [-0.607, 0.037, -0.794]  | GT대비 각도 1.5° perp오차 0.06m (GT 7.60m)
[sym] ds_v1_seed0/terrazzo_v06: perp 5.35m score 0.5092 normal [0.475, -0.02, -0.88]  | GT대비 각도 8.0° perp오차 0.75m (GT 4.60m)
[sym] ds_v1_seed0/terrazzo_v14: perp 5.23m score 0.4877 normal [0.48, 0.042, -0.876]  | GT대비 각도 4.8° perp오차 0.72m (GT 4.51m)
[sym] ds_v1_seed0/terrazzo_v22: perp 5.50m score 0.0891 normal [0.36, 0.273, -0.892]  | GT대비 각도 24.4° perp오차 0.89m (GT 4.61m)
[sym] ds_v1_seed0/terrazzo_v30: perp 5.80m score 0.0771 normal [0.371, 0.263, -0.891]  | GT대비 각도 24.1° perp오차 0.85m (GT 4.95m)
[sym] ds_v1_seed0/terrazzo_v38: perp 5.49m score 0.2524 normal [0.337, 0.284, -0.897]  | GT대비 각도 8.5° perp오차 0.61m (GT 4.88m)
[sym] ds_v1_seed0/terrazzo_v46: perp 5.75m score 0.1263 normal [0.267, 0.27, -0.925]  | GT대비 각도 24.6° perp오차 0.77m (GT 4.98m)
[sym] ds_v1_seed0/terrazzo_v54: perp 5.22m score 0.1518 normal [0.656, 0.029, -0.754]  | GT대비 각도 4.6° perp오차 0.51m (GT 4.71m)
[sym] ds_v1_seed0/terrazzo_v62: perp 4.58m score 0.0111 normal [0.809, 0.11, -0.578]  | GT대비 각도 7.0° perp오차 0.44m (GT 5.02m)
[sym] ds_v2_seed1/bedroom_v04: perp 1.77m score 0.0347 normal [-0.932, 0.109, -0.345]  | GT대비 각도 13.2° perp오차 1.71m (GT 3.49m)
[sym] ds_v2_seed1/bedroom_v12: perp 4.12m score 0.0571 normal [-0.79, 0.122, -0.601]  | GT대비 각도 2.8° perp오차 0.30m (GT 3.81m)
[sym] ds_v2_seed1/bedroom_v20: perp 3.71m score 0.0363 normal [-0.713, 0.164, -0.682]  | GT대비 각도 1.3° perp오차 0.10m (GT 3.61m)
[sym] ds_v2_seed1/bedroom_v28: perp 3.96m score 0.0445 normal [-0.627, 0.169, -0.761]  | GT대비 각도 1.5° perp오차 0.14m (GT 3.83m)
[shard 6] 100/192 done 50 fail 0 skip 50 (9.6s/view, ETA 15m)
[sym] ds_v2_seed1/bedroom_v36: perp 3.67m score 0.0268 normal [-0.853, 0.072, -0.517]  | GT대비 각도 3.7° perp오차 0.19m (GT 3.48m)
[sym] ds_v2_seed1/bedroom_v44: perp 0.54m score 0.1205 normal [-0.975, -0.207, -0.078]  | GT대비 각도 50.7° perp오차 3.21m (GT 3.75m)
[sym] ds_v2_seed1/bedroom_v52: perp 3.89m score 0.0883 normal [-0.654, 0.051, -0.755]  | GT대비 각도 3.5° perp오차 0.01m (GT 3.90m)
[sym] ds_v2_seed1/bedroom_v60: perp 3.89m score 0.0809 normal [-0.817, 0.146, -0.558]  | GT대비 각도 2.9° perp오차 0.21m (GT 3.69m)
[sym] ds_v2_seed1/blue_bathroom_v04: perp 3.42m score 0.0032 normal [-0.587, 0.217, -0.78]  | GT대비 각도 1.5° perp오차 1.27m (GT 4.69m)
[sym] ds_v2_seed1/blue_bathroom_v12: perp 4.80m score 0.0250 normal [-0.42, 0.149, -0.895]  | GT대비 각도 0.5° perp오차 0.02m (GT 4.82m)
[sym] ds_v2_seed1/blue_bathroom_v20: perp 5.03m score 0.0281 normal [-0.432, 0.069, -0.899]  | GT대비 각도 1.2° perp오차 0.01m (GT 5.03m)
[sym] ds_v2_seed1/blue_bathroom_v28: perp 4.06m score 0.0036 normal [-0.51, 0.152, -0.847]  | GT대비 각도 3.7° perp오차 1.19m (GT 5.25m)
[sym] ds_v2_seed1/blue_bathroom_v36: perp 4.95m score 0.0368 normal [-0.322, 0.12, -0.939]  | GT대비 각도 0.3° perp오차 0.00m (GT 4.95m)
[sym] ds_v2_seed1/blue_bathroom_v44: perp 5.33m score 0.0387 normal [-0.235, -0.113, -0.965]  | GT대비 각도 7.3° perp오차 0.15m (GT 5.18m)
[sym] ds_v2_seed1/blue_bathroom_v52: perp 5.06m score 0.0327 normal [-0.311, 0.11, -0.944]  | GT대비 각도 0.3° perp오차 0.21m (GT 4.85m)
[sym] ds_v2_seed1/computer_room_v01: perp 3.06m score 0.0672 normal [0.563, 0.22, -0.796]  | GT대비 각도 1.7° perp오차 0.04m (GT 3.10m)
[sym] ds_v2_seed1/computer_room_v09: perp 3.65m score 0.0578 normal [0.51, 0.162, -0.845]  | GT대비 각도 1.2° perp오차 0.02m (GT 3.62m)
[sym] ds_v2_seed1/computer_room_v17: perp 3.24m score 0.0258 normal [0.552, 0.226, -0.803]  | GT대비 각도 0.6° perp오차 0.00m (GT 3.24m)
[sym] ds_v2_seed1/computer_room_v25: perp 3.16m score 0.0139 normal [0.613, 0.352, -0.707]  | GT대비 각도 0.3° perp오차 0.02m (GT 3.18m)
[sym] ds_v2_seed1/computer_room_v33: perp 3.66m score 0.0877 normal [0.37, 0.253, -0.894]  | GT대비 각도 1.2° perp오차 0.10m (GT 3.55m)
[sym] ds_v2_seed1/computer_room_v41: perp 3.08m score 0.0120 normal [0.629, 0.308, -0.714]  | GT대비 각도 0.3° perp오차 0.01m (GT 3.09m)
[sym] ds_v2_seed1/computer_room_v49: perp 3.64m score 0.1850 normal [0.421, 0.147, -0.895]  | GT대비 각도 1.7° perp오차 0.17m (GT 3.47m)
[sym] ds_v2_seed1/computer_room_v57: perp 3.06m score 0.0750 normal [0.516, 0.214, -0.829]  | GT대비 각도 0.8° perp오차 0.02m (GT 3.04m)
[sym] ds_v2_seed1/computer_room_v65: perp 3.44m score 0.0190 normal [0.611, 0.226, -0.759]  | GT대비 각도 0.2° perp오차 0.01m (GT 3.44m)
[sym] ds_v2_seed1/green_house_v07: perp 4.06m score 0.1167 normal [-0.338, 0.255, -0.906]  | GT대비 각도 3.7° perp오차 0.08m (GT 4.14m)
[sym] ds_v2_seed1/green_house_v15: perp 4.09m score 0.1484 normal [-0.356, 0.048, -0.933]  | GT대비 각도 4.1° perp오차 0.02m (GT 4.08m)
[sym] ds_v2_seed1/green_house_v23: perp 4.47m score 0.1323 normal [-0.561, 0.21, -0.801]  | GT대비 각도 4.7° perp오차 0.73m (GT 3.73m)
[sym] ds_v2_seed1/green_house_v31: perp 3.24m score 0.1097 normal [-0.595, 0.077, -0.8]  | GT대비 각도 21.6° perp오차 0.61m (GT 3.85m)
[sym] ds_v2_seed1/green_house_v39: perp 4.94m score 0.1454 normal [-0.238, 0.335, -0.912]  | GT대비 각도 5.8° perp오차 1.00m (GT 3.94m)
[shard 6] 125/192 done 75 fail 0 skip 50 (11.4s/view, ETA 13m)
[sym] ds_v2_seed1/green_house_v47: perp 3.86m score 0.1263 normal [-0.411, 0.11, -0.905]  | GT대비 각도 3.9° perp오차 0.06m (GT 3.92m)
[sym] ds_v2_seed1/green_house_v55: perp 4.59m score 0.1268 normal [-0.356, 0.289, -0.889]  | GT대비 각도 5.8° perp오차 0.76m (GT 3.83m)
[sym] ds_v2_seed1/green_house_v63: perp 5.02m score 0.1580 normal [-0.035, 0.328, -0.944]  | GT대비 각도 10.4° perp오차 0.87m (GT 4.15m)
[sym] ds_v2_seed1/gym_v07: perp 4.85m score 0.1571 normal [-0.509, 0.232, -0.829]  | GT대비 각도 2.4° perp오차 0.06m (GT 4.79m)
[sym] ds_v2_seed1/gym_v15: perp 4.78m score 0.1154 normal [-0.636, 0.03, -0.771]  | GT대비 각도 0.4° perp오차 0.02m (GT 4.80m)
[sym] ds_v2_seed1/gym_v23: perp 5.23m score 0.2105 normal [-0.44, 0.335, -0.833]  | GT대비 각도 5.6° perp오차 0.48m (GT 4.75m)
[sym] ds_v2_seed1/gym_v31: perp 4.80m score 0.0533 normal [-0.634, 0.24, -0.735]  | GT대비 각도 0.6° perp오차 0.10m (GT 4.90m)
[sym] ds_v2_seed1/gym_v39: perp 4.70m score 0.1457 normal [-0.627, 0.198, -0.753]  | GT대비 각도 1.7° perp오차 0.04m (GT 4.75m)
[sym] ds_v2_seed1/gym_v47: perp 4.25m score 0.0471 normal [-0.687, 0.237, -0.687]  | GT대비 각도 1.1° perp오차 0.01m (GT 4.24m)
[sym] ds_v2_seed1/gym_v55: perp 5.43m score 0.0692 normal [-0.729, 0.002, -0.684]  | GT대비 각도 3.7° perp오차 0.70m (GT 4.73m)
[sym] ds_v2_seed1/gym_v63: perp 5.23m score 0.0737 normal [-0.712, 0.05, -0.701]  | GT대비 각도 2.1° perp오차 0.52m (GT 4.72m)
[sym] ds_v2_seed1/living_room_contemp_v05: perp 5.81m score 0.0853 normal [-0.484, 0.189, -0.854]  | GT대비 각도 1.9° perp오차 0.06m (GT 5.75m)
[sym] ds_v2_seed1/living_room_contemp_v13: perp 5.83m score 0.0368 normal [-0.609, 0.161, -0.777]  | GT대비 각도 1.9° perp오차 0.06m (GT 5.77m)
[sym] ds_v2_seed1/living_room_contemp_v21: perp 8.86m score 0.3036 normal [-0.38, 0.171, -0.909]  | GT대비 각도 2.2° perp오차 2.91m (GT 5.95m)
[sym] ds_v2_seed1/living_room_contemp_v29: perp 6.01m score 0.0396 normal [-0.404, 0.243, -0.882]  | GT대비 각도 1.0° perp오차 0.04m (GT 6.05m)
[sym] ds_v2_seed1/living_room_contemp_v37: perp 5.49m score 0.0292 normal [-0.734, 0.123, -0.669]  | GT대비 각도 1.2° perp오차 0.04m (GT 5.45m)
[sym] ds_v2_seed1/living_room_contemp_v45: perp 7.08m score 0.3107 normal [-0.394, 0.131, -0.91]  | GT대비 각도 3.7° perp오차 1.27m (GT 5.81m)
[sym] ds_v2_seed1/living_room_contemp_v53: perp 7.88m score 0.2922 normal [-0.422, -0.059, -0.904]  | GT대비 각도 3.5° perp오차 1.70m (GT 6.18m)
[sym] ds_v2_seed1/living_room_contemp_v61: perp 6.38m score 0.2599 normal [-0.459, -0.035, -0.888]  | GT대비 각도 2.7° perp오차 0.25m (GT 6.13m)
[sym] ds_v2_seed1/livingroom_v03: perp 2.84m score 0.0096 normal [0.889, 0.054, -0.455]  | GT대비 각도 1.0° perp오차 0.04m (GT 2.89m)
[sym] ds_v2_seed1/livingroom_v11: perp 2.62m score 0.0207 normal [0.624, 0.038, -0.78]  | GT대비 각도 0.4° perp오차 0.00m (GT 2.62m)
[sym] ds_v2_seed1/livingroom_v19: perp 2.88m score 0.0259 normal [0.634, -0.059, -0.771]  | GT대비 각도 0.2° perp오차 0.05m (GT 2.93m)
[sym] ds_v2_seed1/livingroom_v27: perp 2.89m score 0.0146 normal [0.736, 0.11, -0.668]  | GT대비 각도 0.3° perp오차 0.02m (GT 2.91m)
[sym] ds_v2_seed1/livingroom_v35: perp 2.95m score 0.0111 normal [0.83, 0.121, -0.544]  | GT대비 각도 1.1° perp오차 0.10m (GT 3.05m)
[sym] ds_v2_seed1/livingroom_v43: perp 2.69m score 0.0162 normal [0.839, 0.001, -0.544]  | GT대비 각도 1.6° perp오차 0.05m (GT 2.74m)
[shard 6] 150/192 done 100 fail 0 skip 50 (12.3s/view, ETA 9m)
[sym] ds_v2_seed1/livingroom_v51: perp 3.10m score 0.0172 normal [0.695, 0.135, -0.706]  | GT대비 각도 0.9° perp오차 0.04m (GT 3.14m)
[sym] ds_v2_seed1/livingroom_v59: perp 2.76m score 0.0121 normal [0.825, -0.106, -0.555]  | GT대비 각도 3.4° perp오차 0.16m (GT 2.92m)
[sym] ds_v2_seed1/minigym_v03: perp 4.89m score 0.2114 normal [0.029, 0.354, -0.935]  | GT대비 각도 4.5° perp오차 0.12m (GT 4.77m)
[sym] ds_v2_seed1/minigym_v11: perp 5.51m score 0.4685 normal [-0.396, 0.322, -0.86]  | GT대비 각도 0.4° perp오차 0.40m (GT 5.11m)
[sym] ds_v2_seed1/minigym_v19: perp 5.10m score 0.1978 normal [-0.13, 0.347, -0.929]  | GT대비 각도 2.6° perp오차 0.15m (GT 4.94m)
[sym] ds_v2_seed1/minigym_v27: perp 5.04m score 0.1083 normal [-0.368, 0.327, -0.87]  | GT대비 각도 2.1° perp오차 0.00m (GT 5.04m)
[sym] ds_v2_seed1/minigym_v35: perp 4.84m score 0.0752 normal [-0.042, 0.399, -0.916]  | GT대비 각도 0.6° perp오차 0.10m (GT 4.74m)
[sym] ds_v2_seed1/minigym_v43: perp 5.16m score 0.1102 normal [-0.064, 0.36, -0.931]  | GT대비 각도 1.2° perp오차 0.06m (GT 5.10m)
[sym] ds_v2_seed1/minigym_v51: perp 4.83m score 0.0331 normal [-0.455, 0.331, -0.827]  | GT대비 각도 0.3° perp오차 0.04m (GT 4.87m)
[sym] ds_v2_seed1/minimal_interior_v04: perp 6.60m score 0.0276 normal [0.592, 0.154, -0.791]  | GT대비 각도 0.6° perp오차 0.11m (GT 6.71m)
[sym] ds_v2_seed1/minimal_interior_v12: perp 7.28m score 0.0436 normal [0.434, 0.122, -0.892]  | GT대비 각도 2.1° perp오차 0.42m (GT 6.86m)
[sym] ds_v2_seed1/minimal_interior_v20: perp 6.89m score 0.0096 normal [0.656, 0.063, -0.752]  | GT대비 각도 0.6° perp오차 0.01m (GT 6.88m)
[sym] ds_v2_seed1/minimal_interior_v28: perp 6.41m score 0.0221 normal [0.65, 0.199, -0.734]  | GT대비 각도 2.0° perp오차 0.54m (GT 6.95m)
[sym] ds_v2_seed1/minimal_interior_v36: perp 7.25m score 0.0432 normal [0.414, 0.037, -0.91]  | GT대비 각도 3.2° perp오차 0.53m (GT 6.73m)
[sym] ds_v2_seed1/minimal_interior_v44: perp 7.00m score 0.0450 normal [0.331, 0.199, -0.922]  | GT대비 각도 2.7° perp오차 0.05m (GT 6.95m)
[sym] ds_v2_seed1/minimal_interior_v52: perp 5.29m score 0.0084 normal [0.762, 0.012, -0.647]  | GT대비 각도 6.0° perp오차 1.72m (GT 7.01m)
[sym] ds_v2_seed1/minimal_interior_v60: perp 6.98m score 0.0267 normal [0.505, 0.041, -0.862]  | GT대비 각도 0.4° perp오차 0.01m (GT 6.98m)
[sym] ds_v2_seed1/scandinavian_v03: perp 5.35m score 0.2161 normal [0.246, 0.372, -0.895]  | GT대비 각도 23.5° perp오차 1.67m (GT 3.68m)
[sym] ds_v2_seed1/scandinavian_v11: perp 5.82m score 0.1287 normal [-0.499, 0.204, -0.842]  | GT대비 각도 0.9° perp오차 2.10m (GT 3.72m)
[sym] ds_v2_seed1/scandinavian_v19: perp 5.87m score 0.1009 normal [-0.431, 0.065, -0.9]  | GT대비 각도 5.2° perp오차 2.19m (GT 3.68m)
[sym] ds_v2_seed1/scandinavian_v27: perp 5.38m score 0.1428 normal [-0.295, 0.353, -0.888]  | GT대비 각도 5.2° perp오차 1.27m (GT 4.11m)
[sym] ds_v2_seed1/scandinavian_v35: perp 5.16m score 0.1453 normal [-0.407, 0.273, -0.872]  | GT대비 각도 6.9° perp오차 1.31m (GT 3.85m)
[sym] ds_v2_seed1/scandinavian_v43: perp 5.78m score 0.1364 normal [-0.17, -0.001, -0.985]  | GT대비 각도 9.3° perp오차 2.18m (GT 3.60m)
[sym] ds_v2_seed1/scandinavian_v51: perp 4.95m score 0.1972 normal [-0.197, 0.307, -0.931]  | GT대비 각도 8.7° perp오차 1.37m (GT 3.58m)
[sym] ds_v2_seed1/scandinavian_v59: perp 6.14m score 0.1236 normal [-0.296, -0.055, -0.954]  | GT대비 각도 10.5° perp오차 2.19m (GT 3.95m)
[shard 6] 175/192 done 125 fail 0 skip 50 (13.6s/view, ETA 4m)
[sym] ds_v2_seed1/sunlight_v01: perp 7.56m score 0.0708 normal [-0.547, 0.136, -0.826]  | GT대비 각도 2.3° perp오차 0.06m (GT 7.61m)
[sym] ds_v2_seed1/sunlight_v09: perp 7.42m score 0.0575 normal [-0.585, 0.093, -0.805]  | GT대비 각도 1.6° perp오차 0.15m (GT 7.57m)
[sym] ds_v2_seed1/sunlight_v17: perp 7.20m score 0.0772 normal [-0.547, 0.134, -0.826]  | GT대비 각도 2.2° perp오차 0.17m (GT 7.36m)
[sym] ds_v2_seed1/sunlight_v25: perp 6.94m score 0.0673 normal [-0.512, 0.314, -0.8]  | GT대비 각도 2.7° perp오차 0.67m (GT 7.61m)
[sym] ds_v2_seed1/sunlight_v33: perp 7.63m score 0.0318 normal [-0.691, 0.188, -0.698]  | GT대비 각도 0.6° perp오차 0.01m (GT 7.62m)
[sym] ds_v2_seed1/sunlight_v41: perp 7.40m score 0.0930 normal [-0.461, 0.206, -0.863]  | GT대비 각도 3.0° perp오차 0.09m (GT 7.49m)
[sym] ds_v2_seed1/sunlight_v49: perp 7.56m score 0.0442 normal [-0.689, 0.107, -0.716]  | GT대비 각도 0.7° perp오차 0.01m (GT 7.56m)
[sym] ds_v2_seed1/sunlight_v57: perp 7.55m score 0.0635 normal [-0.563, 0.124, -0.817]  | GT대비 각도 1.5° perp오차 0.06m (GT 7.61m)
[sym] ds_v2_seed1/sunlight_v65: perp 7.76m score 0.1197 normal [-0.467, 0.131, -0.875]  | GT대비 각도 1.8° perp오차 0.07m (GT 7.84m)
[sym] ds_v2_seed1/terrazzo_v07: perp 4.94m score 0.1243 normal [0.646, 0.145, -0.75]  | GT대비 각도 3.7° perp오차 0.16m (GT 4.78m)
[sym] ds_v2_seed1/terrazzo_v15: perp 4.91m score 0.0309 normal [0.753, 0.115, -0.648]  | GT대비 각도 1.4° perp오차 0.21m (GT 4.70m)
[sym] ds_v2_seed1/terrazzo_v23: perp 4.78m score 0.0573 normal [0.797, 0.111, -0.594]  | GT대비 각도 7.0° perp오차 0.21m (GT 4.57m)
[sym] ds_v2_seed1/terrazzo_v31: perp 4.71m score 0.0278 normal [0.805, 0.156, -0.573]  | GT대비 각도 1.3° perp오차 0.02m (GT 4.73m)
[sym] ds_v2_seed1/terrazzo_v39: perp 5.11m score 0.1241 normal [0.696, 0.119, -0.708]  | GT대비 각도 5.5° perp오차 0.56m (GT 4.55m)
[sym] ds_v2_seed1/terrazzo_v47: perp 5.29m score 0.1520 normal [0.645, 0.16, -0.747]  | GT대비 각도 3.3° perp오차 0.57m (GT 4.72m)
[sym] ds_v2_seed1/terrazzo_v55: perp 5.06m score 0.2144 normal [0.619, 0.048, -0.784]  | GT대비 각도 4.2° perp오차 0.39m (GT 4.67m)
[sym] ds_v2_seed1/terrazzo_v63: perp 4.93m score 0.0122 normal [0.815, 0.113, -0.569]  | GT대비 각도 0.2° perp오차 0.12m (GT 4.82m)
[shard 6] 끝: done 142, fail 0, skip 50, 총 44m
