[shard 5/8] 192 views
[sym] ds_v1_seed0/livingroom_v04: perp 2.41m score 0.0248 normal [0.66, -0.15, -0.736]  | GT대비 각도 5.5° perp오차 0.14m (GT 2.56m)
[sym] ds_v1_seed0/livingroom_v12: perp 3.07m score 0.0455 normal [0.662, 0.047, -0.748]  | GT대비 각도 1.6° perp오차 0.06m (GT 3.01m)
[shard 5] 50/192 done 2 fail 0 skip 48 (0.7s/view, ETA 2m)
[sym] ds_v1_seed0/livingroom_v20: perp 3.14m score 0.0218 normal [0.699, 0.051, -0.713]  | GT대비 각도 1.0° perp오차 0.03m (GT 3.17m)
[sym] ds_v1_seed0/livingroom_v28: perp 2.99m score 0.0169 normal [0.566, 0.116, -0.816]  | GT대비 각도 0.3° perp오차 0.01m (GT 2.99m)
[sym] ds_v1_seed0/livingroom_v36: perp 2.81m score 0.0101 normal [0.785, 0.053, -0.617]  | GT대비 각도 0.6° perp오차 0.01m (GT 2.82m)
[sym] ds_v1_seed0/livingroom_v44: perp 2.81m score 0.0180 normal [0.839, -0.015, -0.544]  | GT대비 각도 1.2° perp오차 0.05m (GT 2.87m)
[sym] ds_v1_seed0/livingroom_v52: perp 3.01m score 0.0156 normal [0.733, 0.101, -0.673]  | GT대비 각도 0.3° perp오차 0.05m (GT 3.05m)
[sym] ds_v1_seed0/livingroom_v60: perp 3.01m score 0.0667 normal [0.794, -0.219, -0.567]  | GT대비 각도 9.7° perp오차 0.06m (GT 2.95m)
[sym] ds_v1_seed0/minigym_v03: perp 5.02m score 0.1300 normal [-0.403, 0.265, -0.876]  | GT대비 각도 1.4° perp오차 0.03m (GT 5.00m)
[sym] ds_v1_seed0/minigym_v11: perp 5.49m score 0.2020 normal [-0.241, 0.316, -0.918]  | GT대비 각도 3.3° perp오차 0.37m (GT 5.12m)
[sym] ds_v1_seed0/minigym_v19: perp 5.11m score 0.3354 normal [-0.375, 0.178, -0.91]  | GT대비 각도 2.4° perp오차 0.21m (GT 4.90m)
[sym] ds_v1_seed0/minigym_v27: perp 5.33m score 0.5042 normal [-0.238, 0.168, -0.957]  | GT대비 각도 7.0° perp오차 0.23m (GT 5.10m)
[sym] ds_v1_seed0/minigym_v35: perp 4.58m score 0.1347 normal [-0.346, 0.364, -0.864]  | GT대비 각도 4.9° perp오차 0.14m (GT 4.72m)
[sym] ds_v1_seed0/minigym_v43: perp 4.94m score 0.0251 normal [-0.049, 0.437, -0.898]  | GT대비 각도 0.1° perp오차 0.11m (GT 5.05m)
[sym] ds_v1_seed0/minigym_v51: perp 5.15m score 0.2380 normal [-0.176, 0.3, -0.938]  | GT대비 각도 3.9° perp오차 0.18m (GT 4.97m)
[sym] ds_v1_seed0/minimal_interior_v03: perp 7.74m score 0.0449 normal [0.399, 0.047, -0.916]  | GT대비 각도 2.0° perp오차 0.46m (GT 7.28m)
[sym] ds_v1_seed0/minimal_interior_v11: perp 7.26m score 0.0215 normal [0.615, 0.079, -0.785]  | GT대비 각도 0.5° perp오차 0.08m (GT 7.34m)
[sym] ds_v1_seed0/minimal_interior_v19: perp 7.90m score 0.1174 normal [0.411, -0.253, -0.876]  | GT대비 각도 11.4° perp오차 0.69m (GT 7.21m)
[sym] ds_v1_seed0/minimal_interior_v27: perp 7.26m score 0.0265 normal [0.574, 0.182, -0.798]  | GT대비 각도 0.5° perp오차 0.10m (GT 7.35m)
[sym] ds_v1_seed0/minimal_interior_v35: perp 7.31m score 0.0214 normal [0.627, 0.134, -0.767]  | GT대비 각도 0.2° perp오차 0.03m (GT 7.34m)
[sym] ds_v1_seed0/minimal_interior_v43: perp 7.24m score 0.0433 normal [0.379, 0.176, -0.909]  | GT대비 각도 1.8° perp오차 0.37m (GT 6.86m)
[sym] ds_v1_seed0/minimal_interior_v51: perp 7.22m score 0.0428 normal [0.449, 0.018, -0.893]  | GT대비 각도 1.6° perp오차 0.41m (GT 6.82m)
[sym] ds_v1_seed0/minimal_interior_v59: perp 7.28m score 0.1206 normal [0.588, -0.121, -0.799]  | GT대비 각도 4.3° perp오차 0.17m (GT 7.10m)
[sym] ds_v1_seed0/scandinavian_v01: perp 6.05m score 0.1489 normal [-0.135, 0.194, -0.972]  | GT대비 각도 6.9° perp오차 2.22m (GT 3.83m)
[sym] ds_v1_seed0/scandinavian_v09: perp 5.90m score 0.1627 normal [-0.22, 0.294, -0.93]  | GT대비 각도 2.1° perp오차 2.11m (GT 3.79m)
[sym] ds_v1_seed0/scandinavian_v17: perp 6.05m score 0.1364 normal [-0.171, 0.066, -0.983]  | GT대비 각도 9.9° perp오차 2.30m (GT 3.75m)
[sym] ds_v1_seed0/scandinavian_v25: perp 3.89m score 0.0754 normal [-0.579, 0.335, -0.743]  | GT대비 각도 1.4° perp오차 0.04m (GT 3.93m)
[shard 5] 75/192 done 27 fail 0 skip 48 (7.2s/view, ETA 14m)
[sym] ds_v1_seed0/scandinavian_v33: perp 5.85m score 0.1269 normal [-0.394, 0.275, -0.877]  | GT대비 각도 2.0° perp오차 1.99m (GT 3.85m)
[sym] ds_v1_seed0/scandinavian_v41: perp 6.30m score 0.1137 normal [-0.283, 0.211, -0.936]  | GT대비 각도 5.5° perp오차 2.23m (GT 4.08m)
[sym] ds_v1_seed0/scandinavian_v49: perp 6.09m score 0.1283 normal [-0.356, 0.14, -0.924]  | GT대비 각도 2.1° perp오차 2.11m (GT 3.98m)
[sym] ds_v1_seed0/scandinavian_v57: perp 6.35m score 0.1237 normal [-0.125, 0.189, -0.974]  | GT대비 각도 5.3° perp오차 2.22m (GT 4.13m)
[sym] ds_v1_seed0/scandinavian_v65: perp 5.18m score 0.1543 normal [-0.108, 0.373, -0.921]  | GT대비 각도 11.1° perp오차 1.24m (GT 3.94m)
[sym] ds_v1_seed0/sunlight_v07: perp 7.86m score 0.0147 normal [-0.747, 0.17, -0.643]  | GT대비 각도 0.4° perp오차 0.16m (GT 7.70m)
[sym] ds_v1_seed0/sunlight_v15: perp 7.62m score 0.0349 normal [-0.7, 0.187, -0.69]  | GT대비 각도 0.6° perp오차 0.08m (GT 7.69m)
[sym] ds_v1_seed0/sunlight_v23: perp 7.82m score 0.0236 normal [-0.669, 0.078, -0.74]  | GT대비 각도 0.2° perp오차 0.09m (GT 7.91m)
[sym] ds_v1_seed0/sunlight_v31: perp 7.82m score 0.0255 normal [-0.705, 0.098, -0.703]  | GT대비 각도 0.3° perp오차 0.11m (GT 7.71m)
[sym] ds_v1_seed0/sunlight_v39: perp 7.37m score 0.0338 normal [-0.667, 0.187, -0.722]  | GT대비 각도 0.4° perp오차 0.04m (GT 7.41m)
[sym] ds_v1_seed0/sunlight_v47: perp 5.80m score 0.0219 normal [-0.8, 0.245, -0.547]  | GT대비 각도 0.5° perp오차 1.82m (GT 7.63m)
[sym] ds_v1_seed0/sunlight_v55: perp 6.88m score 0.0802 normal [-0.482, 0.267, -0.834]  | GT대비 각도 1.7° perp오차 0.61m (GT 7.49m)
[sym] ds_v1_seed0/sunlight_v63: perp 7.72m score 0.0518 normal [-0.626, 0.166, -0.762]  | GT대비 각도 0.8° perp오차 0.07m (GT 7.79m)
[sym] ds_v1_seed0/terrazzo_v05: perp 5.34m score 0.3821 normal [0.54, 0.068, -0.839]  | GT대비 각도 3.6° perp오차 0.52m (GT 4.82m)
[sym] ds_v1_seed0/terrazzo_v13: perp 5.24m score 0.0694 normal [0.697, 0.079, -0.713]  | GT대비 각도 1.0° perp오차 0.38m (GT 4.86m)
[sym] ds_v1_seed0/terrazzo_v21: perp 5.90m score 0.0856 normal [0.324, 0.301, -0.897]  | GT대비 각도 24.5° perp오차 0.86m (GT 5.03m)
[sym] ds_v1_seed0/terrazzo_v29: perp 5.41m score 0.1308 normal [0.664, 0.135, -0.735]  | GT대비 각도 3.4° perp오차 0.70m (GT 4.71m)
[sym] ds_v1_seed0/terrazzo_v37: perp 4.85m score 0.0671 normal [0.787, 0.119, -0.606]  | GT대비 각도 5.6° perp오차 0.31m (GT 4.54m)
[sym] ds_v1_seed0/terrazzo_v45: perp 4.35m score 0.0212 normal [0.81, 0.121, -0.574]  | GT대비 각도 4.7° perp오차 0.44m (GT 4.79m)
[sym] ds_v1_seed0/terrazzo_v53: perp 5.54m score 0.0768 normal [0.302, 0.313, -0.9]  | GT대비 각도 27.7° perp오차 0.87m (GT 4.68m)
[sym] ds_v1_seed0/terrazzo_v61: perp 4.47m score 0.0303 normal [0.807, 0.161, -0.569]  | GT대비 각도 3.3° perp오차 0.17m (GT 4.65m)
[sym] ds_v2_seed1/bedroom_v03: perp 3.75m score 0.1039 normal [-0.468, 0.17, -0.868]  | GT대비 각도 3.5° perp오차 0.25m (GT 3.50m)
[sym] ds_v2_seed1/bedroom_v11: perp 3.66m score 0.0134 normal [-0.819, 0.096, -0.566]  | GT대비 각도 2.9° perp오차 0.00m (GT 3.66m)
[sym] ds_v2_seed1/bedroom_v19: perp 3.69m score 0.0213 normal [-0.8, -0.108, -0.591]  | GT대비 각도 10.7° perp오차 0.22m (GT 3.46m)
[sym] ds_v2_seed1/bedroom_v27: perp 0.64m score 0.0536 normal [-0.978, -0.207, -0.02]  | GT대비 각도 48.0° perp오차 3.30m (GT 3.94m)
[shard 5] 100/192 done 52 fail 0 skip 48 (9.9s/view, ETA 15m)
[sym] ds_v2_seed1/bedroom_v35: perp 3.68m score 0.0213 normal [-0.595, 0.282, -0.752]  | GT대비 각도 1.8° perp오차 0.10m (GT 3.57m)
[sym] ds_v2_seed1/bedroom_v43: perp 0.63m score 0.1340 normal [-0.873, -0.48, 0.084]  | GT대비 각도 64.9° perp오차 2.84m (GT 3.47m)
[sym] ds_v2_seed1/bedroom_v51: perp 3.94m score 0.0298 normal [-0.738, 0.238, -0.632]  | GT대비 각도 2.2° perp오차 0.15m (GT 3.78m)
[sym] ds_v2_seed1/bedroom_v59: perp 3.19m score 0.1534 normal [-0.804, -0.079, -0.589]  | GT대비 각도 16.0° perp오차 0.78m (GT 3.98m)
[sym] ds_v2_seed1/blue_bathroom_v03: perp 4.97m score 0.0312 normal [-0.207, 0.139, -0.969]  | GT대비 각도 1.2° perp오차 0.23m (GT 4.74m)
[sym] ds_v2_seed1/blue_bathroom_v11: perp 4.39m score 0.0140 normal [-0.491, 0.159, -0.856]  | GT대비 각도 0.0° perp오차 0.53m (GT 4.92m)
[sym] ds_v2_seed1/blue_bathroom_v19: perp 5.34m score 0.0676 normal [-0.288, 0.099, -0.952]  | GT대비 각도 1.5° perp오차 0.34m (GT 5.00m)
[sym] ds_v2_seed1/blue_bathroom_v27: perp 4.65m score 0.0207 normal [-0.28, 0.24, -0.93]  | GT대비 각도 0.4° perp오차 0.46m (GT 5.10m)
[sym] ds_v2_seed1/blue_bathroom_v35: perp 5.09m score 0.0141 normal [-0.495, 0.14, -0.858]  | GT대비 각도 0.3° perp오차 0.03m (GT 5.13m)
[sym] ds_v2_seed1/blue_bathroom_v43: perp 3.83m score 0.0092 normal [-0.579, 0.276, -0.767]  | GT대비 각도 3.6° perp오차 0.81m (GT 4.63m)
[sym] ds_v2_seed1/blue_bathroom_v51: perp 5.06m score 0.0558 normal [-0.339, 0.098, -0.936]  | GT대비 각도 0.9° perp오차 0.23m (GT 4.84m)
[sym] ds_v2_seed1/computer_room_v00: perp 3.23m score 0.0996 normal [0.452, 0.205, -0.868]  | GT대비 각도 2.0° perp오차 0.01m (GT 3.24m)
[sym] ds_v2_seed1/computer_room_v08: perp 3.25m score 0.0740 normal [0.371, 0.305, -0.877]  | GT대비 각도 1.5° perp오차 0.07m (GT 3.18m)
[sym] ds_v2_seed1/computer_room_v16: perp 3.61m score 0.1534 normal [0.451, 0.074, -0.89]  | GT대비 각도 1.9° perp오차 0.07m (GT 3.54m)
[sym] ds_v2_seed1/computer_room_v24: perp 3.41m score 0.1987 normal [0.293, 0.169, -0.941]  | GT대비 각도 1.8° perp오차 0.21m (GT 3.20m)
[sym] ds_v2_seed1/computer_room_v32: perp 3.51m score 0.0922 normal [0.547, 0.109, -0.83]  | GT대비 각도 1.0° perp오차 0.15m (GT 3.36m)
[sym] ds_v2_seed1/computer_room_v40: perp 3.24m score 0.0467 normal [0.525, 0.222, -0.822]  | GT대비 각도 1.1° perp오차 0.01m (GT 3.22m)
[sym] ds_v2_seed1/computer_room_v48: perp 3.62m score 0.0347 normal [0.608, 0.166, -0.776]  | GT대비 각도 0.9° perp오차 0.01m (GT 3.61m)
[sym] ds_v2_seed1/computer_room_v56: perp 3.32m score 0.0324 normal [0.602, 0.21, -0.771]  | GT대비 각도 0.4° perp오차 0.00m (GT 3.33m)
[sym] ds_v2_seed1/computer_room_v64: perp 3.35m score 0.1388 normal [0.397, 0.186, -0.899]  | GT대비 각도 1.8° perp오차 0.06m (GT 3.29m)
[sym] ds_v2_seed1/green_house_v06: perp 4.84m score 0.1134 normal [-0.4, 0.319, -0.86]  | GT대비 각도 5.2° perp오차 0.72m (GT 4.12m)
[sym] ds_v2_seed1/green_house_v14: perp 3.75m score 0.1250 normal [-0.36, 0.222, -0.906]  | GT대비 각도 4.1° perp오차 0.05m (GT 3.80m)
[sym] ds_v2_seed1/green_house_v22: perp 5.04m score 0.1368 normal [-0.084, 0.434, -0.897]  | GT대비 각도 11.5° perp오차 0.90m (GT 4.14m)
[sym] ds_v2_seed1/green_house_v30: perp 4.97m score 0.0901 normal [-0.521, 0.398, -0.755]  | GT대비 각도 5.4° perp오차 0.73m (GT 4.24m)
[sym] ds_v2_seed1/green_house_v38: perp 4.70m score 0.1038 normal [-0.561, 0.289, -0.775]  | GT대비 각도 7.4° perp오차 0.59m (GT 4.11m)
[shard 5] 125/192 done 77 fail 0 skip 48 (12.0s/view, ETA 13m)
[sym] ds_v2_seed1/green_house_v46: perp 4.28m score 0.1049 normal [-0.599, 0.39, -0.699]  | GT대비 각도 5.8° perp오차 0.66m (GT 3.62m)
[sym] ds_v2_seed1/green_house_v54: perp 5.09m score 0.1218 normal [-0.102, 0.271, -0.957]  | GT대비 각도 6.9° perp오차 1.09m (GT 4.00m)
[sym] ds_v2_seed1/green_house_v62: perp 4.69m score 0.1156 normal [-0.488, 0.275, -0.828]  | GT대비 각도 5.9° perp오차 0.73m (GT 3.96m)
[sym] ds_v2_seed1/gym_v06: perp 4.78m score 0.1790 normal [-0.518, 0.202, -0.831]  | GT대비 각도 2.8° perp오차 0.04m (GT 4.74m)
[sym] ds_v2_seed1/gym_v14: perp 4.48m score 0.1536 normal [-0.555, 0.2, -0.807]  | GT대비 각도 1.3° perp오차 0.01m (GT 4.46m)
[sym] ds_v2_seed1/gym_v22: perp 4.62m score 0.1452 normal [-0.588, 0.136, -0.797]  | GT대비 각도 1.4° perp오차 0.03m (GT 4.65m)
[sym] ds_v2_seed1/gym_v30: perp 4.61m score 0.1345 normal [-0.58, 0.071, -0.811]  | GT대비 각도 1.3° perp오차 0.04m (GT 4.57m)
[sym] ds_v2_seed1/gym_v38: perp 4.64m score 0.1260 normal [-0.686, 0.174, -0.707]  | GT대비 각도 4.3° perp오차 0.20m (GT 4.44m)
[sym] ds_v2_seed1/gym_v46: perp 5.32m score 0.2995 normal [-0.263, 0.245, -0.933]  | GT대비 각도 14.2° perp오차 0.74m (GT 4.58m)
[sym] ds_v2_seed1/gym_v54: perp 5.18m score 0.2464 normal [-0.479, 0.158, -0.863]  | GT대비 각도 4.7° perp오차 0.42m (GT 4.76m)
[sym] ds_v2_seed1/gym_v62: perp 4.61m score 0.0622 normal [-0.726, 0.182, -0.664]  | GT대비 각도 0.7° perp오차 0.09m (GT 4.51m)
[sym] ds_v2_seed1/living_room_contemp_v04: perp 4.85m score 0.0230 normal [-0.683, 0.249, -0.686]  | GT대비 각도 3.4° perp오차 0.59m (GT 5.45m)
[sym] ds_v2_seed1/living_room_contemp_v12: perp 5.96m score 0.0304 normal [-0.653, 0.166, -0.739]  | GT대비 각도 2.1° perp오차 0.10m (GT 5.86m)
[sym] ds_v2_seed1/living_room_contemp_v20: perp 5.88m score 0.1158 normal [-0.54, 0.159, -0.826]  | GT대비 각도 2.7° perp오차 0.17m (GT 5.70m)
[sym] ds_v2_seed1/living_room_contemp_v28: perp 6.19m score 0.1896 normal [-0.441, 0.162, -0.883]  | GT대비 각도 1.3° perp오차 0.25m (GT 5.94m)
[sym] ds_v2_seed1/living_room_contemp_v36: perp 5.71m score 0.0219 normal [-0.434, 0.274, -0.858]  | GT대비 각도 0.9° perp오차 0.05m (GT 5.76m)
[sym] ds_v2_seed1/living_room_contemp_v44: perp 7.46m score 0.3583 normal [-0.429, 0.169, -0.887]  | GT대비 각도 5.4° perp오차 1.87m (GT 5.59m)
[sym] ds_v2_seed1/living_room_contemp_v52: perp 6.06m score 0.0401 normal [-0.606, 0.246, -0.756]  | GT대비 각도 1.5° perp오차 0.15m (GT 5.91m)
[sym] ds_v2_seed1/living_room_contemp_v60: perp 7.17m score 0.3369 normal [-0.396, 0.186, -0.899]  | GT대비 각도 3.7° perp오차 1.40m (GT 5.77m)
[sym] ds_v2_seed1/livingroom_v02: perp 2.73m score 0.0082 normal [0.86, 0.114, -0.497]  | GT대비 각도 0.3° perp오차 0.01m (GT 2.71m)
[sym] ds_v2_seed1/livingroom_v10: perp 2.93m score 0.0228 normal [0.64, -0.024, -0.768]  | GT대비 각도 1.4° perp오차 0.02m (GT 2.95m)
[sym] ds_v2_seed1/livingroom_v18: perp 3.02m score 0.0113 normal [0.828, 0.026, -0.56]  | GT대비 각도 1.4° perp오차 0.03m (GT 3.04m)
[sym] ds_v2_seed1/livingroom_v26: perp 2.32m score 0.0084 normal [0.893, 0.134, -0.428]  | GT대비 각도 8.8° perp오차 0.41m (GT 2.73m)
[sym] ds_v2_seed1/livingroom_v34: perp 3.03m score 0.0177 normal [0.629, 0.094, -0.772]  | GT대비 각도 1.2° perp오차 0.08m (GT 3.10m)
[sym] ds_v2_seed1/livingroom_v42: perp 2.73m score 0.0718 normal [0.828, -0.176, -0.532]  | GT대비 각도 9.2° perp오차 0.02m (GT 2.75m)
[shard 5] 150/192 done 102 fail 0 skip 48 (12.7s/view, ETA 9m)
[sym] ds_v2_seed1/livingroom_v50: perp 2.80m score 0.0244 normal [0.766, 0.092, -0.636]  | GT대비 각도 1.1° perp오차 0.05m (GT 2.85m)
[sym] ds_v2_seed1/livingroom_v58: perp 2.72m score 0.0137 normal [0.827, 0.032, -0.562]  | GT대비 각도 1.1° perp오차 0.08m (GT 2.80m)
[sym] ds_v2_seed1/minigym_v02: perp 4.78m score 0.0325 normal [-0.084, 0.44, -0.894]  | GT대비 각도 0.1° perp오차 0.02m (GT 4.80m)
[sym] ds_v2_seed1/minigym_v10: perp 4.70m score 0.0831 normal [-0.433, 0.302, -0.849]  | GT대비 각도 0.9° perp오차 0.08m (GT 4.78m)
[sym] ds_v2_seed1/minigym_v18: perp 4.89m score 0.1477 normal [-0.337, 0.331, -0.881]  | GT대비 각도 2.6° perp오차 0.02m (GT 4.87m)
[sym] ds_v2_seed1/minigym_v26: perp 5.10m score 0.1978 normal [-0.14, 0.189, -0.972]  | GT대비 각도 1.6° perp오차 0.22m (GT 4.88m)
[sym] ds_v2_seed1/minigym_v34: perp 5.02m score 0.2390 normal [-0.199, 0.389, -0.899]  | GT대비 각도 5.4° perp오차 0.07m (GT 4.95m)
[sym] ds_v2_seed1/minigym_v42: perp 5.32m score 0.3403 normal [-0.345, 0.249, -0.905]  | GT대비 각도 2.2° perp오차 0.37m (GT 4.95m)
[sym] ds_v2_seed1/minigym_v50: perp 4.96m score 0.1608 normal [-0.158, 0.331, -0.93]  | GT대비 각도 2.3° perp오차 0.12m (GT 4.84m)
[sym] ds_v2_seed1/minimal_interior_v03: perp 6.92m score 0.0326 normal [0.352, 0.219, -0.91]  | GT대비 각도 1.0° perp오차 0.00m (GT 6.92m)
[sym] ds_v2_seed1/minimal_interior_v11: perp 7.73m score 0.0620 normal [0.37, 0.108, -0.923]  | GT대비 각도 2.7° perp오차 0.52m (GT 7.21m)
[sym] ds_v2_seed1/minimal_interior_v19: perp 7.09m score 0.0303 normal [0.512, 0.087, -0.855]  | GT대비 각도 0.4° perp오차 0.02m (GT 7.11m)
[sym] ds_v2_seed1/minimal_interior_v27: perp 7.01m score 0.0225 normal [0.61, 0.073, -0.789]  | GT대비 각도 0.4° perp오차 0.01m (GT 7.00m)
[sym] ds_v2_seed1/minimal_interior_v35: perp 7.55m score 0.0870 normal [0.293, 0.057, -0.954]  | GT대비 각도 2.7° perp오차 0.52m (GT 7.03m)
[sym] ds_v2_seed1/minimal_interior_v43: perp 7.06m score 0.0229 normal [0.606, 0.125, -0.786]  | GT대비 각도 0.2° perp오차 0.07m (GT 7.14m)
[sym] ds_v2_seed1/minimal_interior_v51: perp 7.78m score 0.0633 normal [-0.516, -0.116, -0.849]  | GT대비 각도 50.8° perp오차 0.80m (GT 6.98m)
[sym] ds_v2_seed1/minimal_interior_v59: perp 7.49m score 0.0735 normal [0.368, -0.085, -0.926]  | GT대비 각도 2.9° perp오차 0.41m (GT 7.08m)
[sym] ds_v2_seed1/scandinavian_v02: perp 5.08m score 0.1905 normal [0.036, 0.384, -0.923]  | GT대비 각도 12.2° perp오차 1.34m (GT 3.73m)
[sym] ds_v2_seed1/scandinavian_v10: perp 5.89m score 0.1826 normal [-0.489, 0.024, -0.872]  | GT대비 각도 8.5° perp오차 2.05m (GT 3.84m)
[sym] ds_v2_seed1/scandinavian_v18: perp 6.06m score 0.1621 normal [-0.107, 0.188, -0.976]  | GT대비 각도 8.7° perp오차 2.26m (GT 3.80m)
[sym] ds_v2_seed1/scandinavian_v26: perp 6.26m score 0.1029 normal [-0.116, 0.104, -0.988]  | GT대비 각도 5.8° perp오차 2.18m (GT 4.08m)
[sym] ds_v2_seed1/scandinavian_v34: perp 5.38m score 0.1893 normal [0.219, 0.38, -0.899]  | GT대비 각도 22.8° perp오차 1.57m (GT 3.81m)
[sym] ds_v2_seed1/scandinavian_v42: perp 5.80m score 0.1828 normal [-0.26, 0.298, -0.919]  | GT대비 각도 1.7° perp오차 2.06m (GT 3.74m)
[sym] ds_v2_seed1/scandinavian_v50: perp 6.23m score 0.1627 normal [-0.052, 0.317, -0.947]  | GT대비 각도 6.9° perp오차 2.20m (GT 4.04m)
[sym] ds_v2_seed1/scandinavian_v58: perp 6.15m score 0.1106 normal [-0.517, -0.073, -0.853]  | GT대비 각도 9.6° perp오차 2.03m (GT 4.12m)
[shard 5] 175/192 done 127 fail 0 skip 48 (14.0s/view, ETA 4m)
[sym] ds_v2_seed1/sunlight_v00: perp 7.52m score 0.0538 normal [-0.642, 0.146, -0.753]  | GT대비 각도 1.6° perp오차 0.01m (GT 7.52m)
[sym] ds_v2_seed1/sunlight_v08: perp 7.56m score 0.0344 normal [-0.694, 0.243, -0.678]  | GT대비 각도 0.3° perp오차 0.19m (GT 7.74m)
[sym] ds_v2_seed1/sunlight_v16: perp 7.41m score 0.0492 normal [-0.655, 0.055, -0.754]  | GT대비 각도 1.1° perp오차 0.31m (GT 7.72m)
[sym] ds_v2_seed1/sunlight_v24: perp 7.24m score 0.0231 normal [-0.745, 0.109, -0.658]  | GT대비 각도 0.4° perp오차 0.20m (GT 7.44m)
[sym] ds_v2_seed1/sunlight_v32: perp 7.45m score 0.0529 normal [-0.55, 0.026, -0.835]  | GT대비 각도 1.8° perp오차 0.06m (GT 7.51m)
[sym] ds_v2_seed1/sunlight_v40: perp 7.52m score 0.0803 normal [-0.572, 0.141, -0.808]  | GT대비 각도 2.0° perp오차 0.15m (GT 7.67m)
[sym] ds_v2_seed1/sunlight_v48: perp 7.54m score 0.0856 normal [-0.495, 0.05, -0.868]  | GT대비 각도 2.1° perp오차 0.27m (GT 7.80m)
[sym] ds_v2_seed1/sunlight_v56: perp 7.66m score 0.0793 normal [-0.487, 0.102, -0.867]  | GT대비 각도 1.8° perp오차 0.05m (GT 7.71m)
[sym] ds_v2_seed1/sunlight_v64: perp 7.46m score 0.0433 normal [-0.677, 0.157, -0.719]  | GT대비 각도 0.8° perp오차 0.21m (GT 7.67m)
[sym] ds_v2_seed1/terrazzo_v06: perp 5.49m score 0.1782 normal [0.645, 0.14, -0.751]  | GT대비 각도 2.9° perp오차 0.64m (GT 4.86m)
[sym] ds_v2_seed1/terrazzo_v14: perp 4.83m score 0.1717 normal [0.615, 0.115, -0.78]  | GT대비 각도 4.4° perp오차 0.22m (GT 4.61m)
[sym] ds_v2_seed1/terrazzo_v22: perp 5.05m score 0.4328 normal [0.547, -0.074, -0.834]  | GT대비 각도 7.6° perp오차 0.40m (GT 4.64m)
[sym] ds_v2_seed1/terrazzo_v30: perp 5.16m score 0.1586 normal [0.571, 0.115, -0.813]  | GT대비 각도 4.1° perp오차 0.19m (GT 4.97m)
[sym] ds_v2_seed1/terrazzo_v38: perp 4.31m score 0.0238 normal [0.815, 0.117, -0.568]  | GT대비 각도 4.5° perp오차 0.20m (GT 4.51m)
[sym] ds_v2_seed1/terrazzo_v46: perp 4.80m score 0.0312 normal [0.797, 0.126, -0.59]  | GT대비 각도 3.5° perp오차 0.01m (GT 4.81m)
[sym] ds_v2_seed1/terrazzo_v54: perp 5.54m score 0.5876 normal [0.51, 0.004, -0.86]  | GT대비 각도 2.3° perp오차 0.78m (GT 4.76m)
[sym] ds_v2_seed1/terrazzo_v62: perp 5.47m score 0.3723 normal [0.455, 0.184, -0.871]  | GT대비 각도 4.8° perp오차 0.63m (GT 4.84m)
[shard 5] 끝: done 144, fail 0, skip 48, 총 47m
