[shard 7/8] 192 views
[sym] ds_v1_seed0/livingroom_v06: perp 2.51m score 0.0203 normal [0.614, -0.107, -0.782]  | GT대비 각도 2.0° perp오차 0.12m (GT 2.63m)
[sym] ds_v1_seed0/livingroom_v14: perp 2.80m score 0.0119 normal [0.732, 0.08, -0.676]  | GT대비 각도 1.1° perp오차 0.06m (GT 2.86m)
[shard 7] 50/192 done 2 fail 0 skip 48 (0.6s/view, ETA 2m)
[sym] ds_v1_seed0/livingroom_v22: perp 2.80m score 0.0167 normal [0.637, 0.141, -0.758]  | GT대비 각도 0.7° perp오차 0.01m (GT 2.78m)
[sym] ds_v1_seed0/livingroom_v30: perp 2.96m score 0.0124 normal [0.703, -0.108, -0.703]  | GT대비 각도 4.0° perp오차 0.11m (GT 3.07m)
[sym] ds_v1_seed0/livingroom_v38: perp 2.75m score 0.0151 normal [0.728, 0.061, -0.683]  | GT대비 각도 0.7° perp오차 0.01m (GT 2.76m)
[sym] ds_v1_seed0/livingroom_v46: perp 2.88m score 0.0158 normal [0.583, 0.144, -0.799]  | GT대비 각도 1.2° perp오차 0.10m (GT 2.98m)
[sym] ds_v1_seed0/livingroom_v54: perp 2.93m score 0.0094 normal [0.873, 0.093, -0.48]  | GT대비 각도 0.5° perp오차 0.04m (GT 2.89m)
[sym] ds_v1_seed0/livingroom_v62: perp 2.59m score 0.0114 normal [0.766, 0.037, -0.641]  | GT대비 각도 0.5° perp오차 0.04m (GT 2.63m)
[sym] ds_v1_seed0/minigym_v05: perp 4.78m score 0.1398 normal [-0.36, 0.31, -0.88]  | GT대비 각도 0.6° perp오차 0.02m (GT 4.75m)
[sym] ds_v1_seed0/minigym_v13: perp 4.79m score 0.2500 normal [-0.336, 0.293, -0.895]  | GT대비 각도 1.6° perp오차 0.13m (GT 4.66m)
[sym] ds_v1_seed0/minigym_v21: perp 4.95m score 0.0686 normal [-0.378, 0.401, -0.834]  | GT대비 각도 0.5° perp오차 0.07m (GT 5.02m)
[sym] ds_v1_seed0/minigym_v29: perp 4.85m score 0.1274 normal [-0.325, 0.364, -0.873]  | GT대비 각도 3.3° perp오차 0.07m (GT 4.93m)
[sym] ds_v1_seed0/minigym_v37: perp 5.35m score 0.3106 normal [-0.388, 0.177, -0.904]  | GT대비 각도 1.4° perp오차 0.28m (GT 5.07m)
[sym] ds_v1_seed0/minigym_v45: perp 4.91m score 0.1517 normal [-0.349, 0.253, -0.902]  | GT대비 각도 0.9° perp오차 0.02m (GT 4.89m)
[sym] ds_v1_seed0/minigym_v53: perp 5.13m score 0.2288 normal [-0.306, 0.32, -0.897]  | GT대비 각도 3.8° perp오차 0.10m (GT 5.02m)
[sym] ds_v1_seed0/minimal_interior_v05: perp 7.29m score 0.0431 normal [0.425, 0.076, -0.902]  | GT대비 각도 2.4° perp오차 0.48m (GT 6.81m)
[sym] ds_v1_seed0/minimal_interior_v13: perp 6.88m score 0.0422 normal [0.495, 0.034, -0.868]  | GT대비 각도 0.9° perp오차 0.06m (GT 6.93m)
[sym] ds_v1_seed0/minimal_interior_v21: perp 7.14m score 0.0372 normal [0.44, 0.177, -0.88]  | GT대비 각도 0.3° perp오차 0.06m (GT 7.20m)
[sym] ds_v1_seed0/minimal_interior_v29: perp 7.02m score 0.0662 normal [-0.62, 0.133, -0.773]  | GT대비 각도 57.3° perp오차 0.23m (GT 7.25m)
[sym] ds_v1_seed0/minimal_interior_v37: perp 6.86m score 0.0289 normal [0.59, 0.102, -0.801]  | GT대비 각도 0.5° perp오차 0.13m (GT 6.99m)
[sym] ds_v1_seed0/minimal_interior_v45: perp 7.11m score 0.0073 normal [0.651, 0.013, -0.759]  | GT대비 각도 0.5° perp오차 0.01m (GT 7.11m)
[sym] ds_v1_seed0/minimal_interior_v53: perp 7.25m score 0.0177 normal [0.605, -0.019, -0.796]  | GT대비 각도 1.2° perp오차 0.00m (GT 7.25m)
[sym] ds_v1_seed0/minimal_interior_v61: perp 6.81m score 0.0237 normal [0.564, 0.07, -0.823]  | GT대비 각도 0.5° perp오차 0.09m (GT 6.90m)
[sym] ds_v1_seed0/scandinavian_v03: perp 5.21m score 0.1453 normal [-0.351, 0.224, -0.909]  | GT대비 각도 7.7° perp오차 1.30m (GT 3.90m)
[sym] ds_v1_seed0/scandinavian_v11: perp 6.27m score 0.1568 normal [-0.148, 0.179, -0.973]  | GT대비 각도 8.0° perp오차 2.24m (GT 4.03m)
[sym] ds_v1_seed0/scandinavian_v19: perp 6.05m score 0.1342 normal [-0.253, -0.028, -0.967]  | GT대비 각도 12.4° perp오차 2.24m (GT 3.81m)
[sym] ds_v1_seed0/scandinavian_v27: perp 5.42m score 0.1725 normal [-0.14, 0.351, -0.926]  | GT대비 각도 11.0° perp오차 1.40m (GT 4.02m)
[shard 7] 75/192 done 27 fail 0 skip 48 (6.4s/view, ETA 12m)
[sym] ds_v1_seed0/scandinavian_v35: perp 5.53m score 0.1690 normal [-0.093, 0.396, -0.914]  | GT대비 각도 11.4° perp오차 1.46m (GT 4.07m)
[sym] ds_v1_seed0/scandinavian_v43: perp 2.65m score 0.1712 normal [-0.857, 0.186, -0.48]  | GT대비 각도 29.4° perp오차 1.02m (GT 3.68m)
[sym] ds_v1_seed0/scandinavian_v51: perp 5.72m score 0.1454 normal [-0.524, 0.042, -0.851]  | GT대비 각도 4.2° perp오차 2.10m (GT 3.61m)
[sym] ds_v1_seed0/scandinavian_v59: perp 5.71m score 0.1141 normal [-0.527, 0.326, -0.785]  | GT대비 각도 4.5° perp오차 2.08m (GT 3.63m)
[sym] ds_v1_seed0/sunlight_v01: perp 7.44m score 0.0524 normal [-0.551, 0.182, -0.814]  | GT대비 각도 0.7° perp오차 0.07m (GT 7.51m)
[sym] ds_v1_seed0/sunlight_v09: perp 7.38m score 0.0847 normal [-0.557, 0.184, -0.81]  | GT대비 각도 2.2° perp오차 0.25m (GT 7.64m)
[sym] ds_v1_seed0/sunlight_v17: perp 7.27m score 0.0579 normal [-0.611, 0.089, -0.787]  | GT대비 각도 2.1° perp오차 0.16m (GT 7.43m)
[sym] ds_v1_seed0/sunlight_v25: perp 5.62m score 0.0200 normal [-0.8, 0.257, -0.542]  | GT대비 각도 0.4° perp오차 2.03m (GT 7.64m)
[sym] ds_v1_seed0/sunlight_v33: perp 7.45m score 0.0560 normal [-0.651, 0.192, -0.735]  | GT대비 각도 1.6° perp오차 0.14m (GT 7.60m)
[sym] ds_v1_seed0/sunlight_v41: perp 7.64m score 0.0475 normal [-0.66, 0.157, -0.734]  | GT대비 각도 1.3° perp오차 0.15m (GT 7.79m)
[sym] ds_v1_seed0/sunlight_v49: perp 7.37m score 0.0841 normal [-0.668, 0.127, -0.733]  | GT대비 각도 1.7° perp오차 0.27m (GT 7.64m)
[sym] ds_v1_seed0/sunlight_v57: perp 7.73m score 0.0644 normal [-0.518, 0.134, -0.845]  | GT대비 각도 2.0° perp오차 0.09m (GT 7.82m)
[sym] ds_v1_seed0/sunlight_v65: perp 7.55m score 0.0614 normal [-0.598, 0.267, -0.756]  | GT대비 각도 1.1° perp오차 0.16m (GT 7.71m)
[sym] ds_v1_seed0/terrazzo_v07: perp 5.07m score 0.1252 normal [0.721, 0.147, -0.677]  | GT대비 각도 3.2° perp오차 0.65m (GT 4.42m)
[sym] ds_v1_seed0/terrazzo_v15: perp 5.14m score 0.1645 normal [0.617, 0.056, -0.785]  | GT대비 각도 5.2° perp오차 0.08m (GT 5.06m)
[sym] ds_v1_seed0/terrazzo_v23: perp 5.58m score 0.2781 normal [0.326, 0.263, -0.908]  | GT대비 각도 9.0° perp오차 0.65m (GT 4.93m)
[sym] ds_v1_seed0/terrazzo_v31: perp 5.05m score 0.1685 normal [0.599, 0.174, -0.782]  | GT대비 각도 2.7° perp오차 0.40m (GT 4.65m)
[sym] ds_v1_seed0/terrazzo_v39: perp 5.32m score 0.0443 normal [0.734, 0.117, -0.669]  | GT대비 각도 2.1° perp오차 0.27m (GT 5.06m)
[sym] ds_v1_seed0/terrazzo_v47: perp 5.13m score 0.0265 normal [0.769, 0.124, -0.627]  | GT대비 각도 0.8° perp오차 0.19m (GT 4.94m)
[sym] ds_v1_seed0/terrazzo_v55: perp 5.51m score 0.1613 normal [0.656, 0.168, -0.736]  | GT대비 각도 4.1° perp오차 0.73m (GT 4.78m)
[sym] ds_v1_seed0/terrazzo_v63: perp 4.97m score 0.0141 normal [0.778, 0.112, -0.618]  | GT대비 각도 0.1° perp오차 0.05m (GT 5.02m)
[sym] ds_v2_seed1/bedroom_v05: perp 3.79m score 0.0560 normal [-0.656, 0.194, -0.729]  | GT대비 각도 1.5° perp오차 0.04m (GT 3.75m)
[sym] ds_v2_seed1/bedroom_v13: perp 4.00m score 0.0386 normal [-0.764, 0.114, -0.635]  | GT대비 각도 3.5° perp오차 0.22m (GT 3.78m)
[sym] ds_v2_seed1/bedroom_v21: perp 0.91m score 0.0774 normal [-0.971, -0.175, -0.164]  | GT대비 각도 46.8° perp오차 2.95m (GT 3.86m)
[sym] ds_v2_seed1/bedroom_v29: perp 4.00m score 0.0263 normal [-0.574, 0.246, -0.781]  | GT대비 각도 1.4° perp오차 0.05m (GT 3.95m)
[shard 7] 100/192 done 52 fail 0 skip 48 (9.2s/view, ETA 14m)
[sym] ds_v2_seed1/bedroom_v37: perp 4.01m score 0.0447 normal [-0.773, 0.042, -0.633]  | GT대비 각도 6.0° perp오차 0.35m (GT 3.66m)
[sym] ds_v2_seed1/bedroom_v45: perp 3.87m score 0.0565 normal [-0.618, 0.196, -0.761]  | GT대비 각도 2.5° perp오차 0.15m (GT 3.72m)
[sym] ds_v2_seed1/bedroom_v53: perp 4.72m score 0.0378 normal [-0.638, 0.122, -0.76]  | GT대비 각도 18.2° perp오차 0.81m (GT 3.91m)
[sym] ds_v2_seed1/bedroom_v61: perp 3.92m score 0.0369 normal [-0.812, -0.146, -0.564]  | GT대비 각도 12.8° perp오차 0.03m (GT 3.88m)
[sym] ds_v2_seed1/blue_bathroom_v05: perp 4.83m score 0.0303 normal [-0.358, 0.2, -0.912]  | GT대비 각도 0.5° perp오차 0.01m (GT 4.84m)
[sym] ds_v2_seed1/blue_bathroom_v13: perp 4.59m score 0.0165 normal [-0.503, -0.148, -0.852]  | GT대비 각도 8.2° perp오차 0.61m (GT 5.19m)
[sym] ds_v2_seed1/blue_bathroom_v21: perp 4.46m score 0.0254 normal [-0.334, 0.275, -0.902]  | GT대비 각도 4.2° perp오차 0.69m (GT 5.16m)
[sym] ds_v2_seed1/blue_bathroom_v29: perp 5.08m score 0.0258 normal [-0.292, -0.177, -0.94]  | GT대비 각도 9.2° perp오차 0.21m (GT 4.87m)
[sym] ds_v2_seed1/blue_bathroom_v37: perp 4.75m score 0.0336 normal [-0.189, 0.204, -0.961]  | GT대비 각도 0.8° perp오차 0.03m (GT 4.78m)
[sym] ds_v2_seed1/blue_bathroom_v45: perp 3.69m score 0.0081 normal [-0.514, 0.033, -0.857]  | GT대비 각도 3.3° perp오차 1.26m (GT 4.95m)
[sym] ds_v2_seed1/blue_bathroom_v53: perp 5.37m score 0.0305 normal [-0.318, -0.173, -0.932]  | GT대비 각도 8.9° perp오차 0.16m (GT 5.21m)
[sym] ds_v2_seed1/computer_room_v02: perp 3.18m score 0.0108 normal [0.606, 0.351, -0.714]  | GT대비 각도 0.2° perp오차 0.01m (GT 3.19m)
[sym] ds_v2_seed1/computer_room_v10: perp 3.74m score 0.1839 normal [0.233, 0.222, -0.947]  | GT대비 각도 4.3° perp오차 0.33m (GT 3.40m)
[sym] ds_v2_seed1/computer_room_v18: perp 3.50m score 0.0436 normal [0.526, 0.217, -0.822]  | GT대비 각도 1.1° perp오차 0.02m (GT 3.47m)
[sym] ds_v2_seed1/computer_room_v26: perp 3.30m score 0.0337 normal [0.605, 0.2, -0.771]  | GT대비 각도 0.6° perp오차 0.03m (GT 3.33m)
[sym] ds_v2_seed1/computer_room_v34: perp 3.31m score 0.0172 normal [0.62, 0.286, -0.731]  | GT대비 각도 0.1° perp오차 0.01m (GT 3.32m)
[sym] ds_v2_seed1/computer_room_v42: perp 3.09m score 0.0302 normal [0.52, 0.315, -0.794]  | GT대비 각도 0.7° perp오차 0.04m (GT 3.13m)
[sym] ds_v2_seed1/computer_room_v50: perp 3.45m score 0.0158 normal [0.609, 0.295, -0.736]  | GT대비 각도 0.1° perp오차 0.00m (GT 3.44m)
[sym] ds_v2_seed1/computer_room_v58: perp 3.91m score 0.2186 normal [0.24, 0.139, -0.961]  | GT대비 각도 2.6° perp오차 0.36m (GT 3.56m)
[sym] ds_v2_seed1/green_house_v00: perp 4.85m score 0.1138 normal [-0.324, 0.317, -0.891]  | GT대비 각도 5.1° perp오차 1.04m (GT 3.82m)
[sym] ds_v2_seed1/green_house_v08: perp 4.55m score 0.1142 normal [-0.558, 0.355, -0.75]  | GT대비 각도 8.2° perp오차 0.58m (GT 3.97m)
[sym] ds_v2_seed1/green_house_v16: perp 4.70m score 0.1487 normal [-0.19, 0.317, -0.929]  | GT대비 각도 5.9° perp오차 1.01m (GT 3.69m)
[sym] ds_v2_seed1/green_house_v24: perp 4.71m score 0.1123 normal [-0.198, 0.456, -0.868]  | GT대비 각도 4.2° perp오차 0.85m (GT 3.87m)
[sym] ds_v2_seed1/green_house_v32: perp 3.88m score 0.0961 normal [-0.438, 0.236, -0.867]  | GT대비 각도 2.6° perp오차 0.12m (GT 4.00m)
[sym] ds_v2_seed1/green_house_v40: perp 4.77m score 0.1304 normal [-0.095, 0.404, -0.91]  | GT대비 각도 5.6° perp오차 1.03m (GT 3.74m)
[shard 7] 125/192 done 77 fail 0 skip 48 (11.4s/view, ETA 13m)
[sym] ds_v2_seed1/green_house_v48: perp 4.05m score 0.1079 normal [-0.152, 0.354, -0.923]  | GT대비 각도 3.1° perp오차 0.03m (GT 4.08m)
[sym] ds_v2_seed1/green_house_v56: perp 3.38m score 0.0595 normal [-0.851, 0.048, -0.522]  | GT대비 각도 24.9° perp오차 0.78m (GT 4.17m)
[sym] ds_v2_seed1/gym_v00: perp 4.48m score 0.1486 normal [-0.574, 0.187, -0.797]  | GT대비 각도 2.4° perp오차 0.01m (GT 4.47m)
[sym] ds_v2_seed1/gym_v08: perp 4.60m score 0.0898 normal [-0.596, 0.235, -0.768]  | GT대비 각도 1.2° perp오차 0.07m (GT 4.68m)
[sym] ds_v2_seed1/gym_v16: perp 5.19m score 0.1632 normal [-0.573, 0.032, -0.819]  | GT대비 각도 1.1° perp오차 0.50m (GT 4.69m)
[sym] ds_v2_seed1/gym_v24: perp 4.35m score 0.1092 normal [-0.677, 0.065, -0.733]  | GT대비 각도 1.0° perp오차 0.03m (GT 4.39m)
[sym] ds_v2_seed1/gym_v32: perp 5.14m score 0.1911 normal [-0.437, -0.037, -0.898]  | GT대비 각도 3.3° perp오차 0.67m (GT 4.47m)
[sym] ds_v2_seed1/gym_v40: perp 4.74m score 0.2732 normal [-0.512, 0.23, -0.828]  | GT대비 각도 5.4° perp오차 0.13m (GT 4.61m)
[sym] ds_v2_seed1/gym_v48: perp 5.58m score 0.2048 normal [-0.393, 0.05, -0.918]  | GT대비 각도 1.0° perp오차 0.80m (GT 4.78m)
[sym] ds_v2_seed1/gym_v56: perp 5.41m score 0.2499 normal [-0.383, 0.097, -0.919]  | GT대비 각도 0.8° perp오차 0.75m (GT 4.65m)
[sym] ds_v2_seed1/gym_v64: perp 4.60m score 0.1822 normal [-0.615, 0.146, -0.775]  | GT대비 각도 2.2° perp오차 0.01m (GT 4.62m)
[sym] ds_v2_seed1/living_room_contemp_v06: perp 7.36m score 0.2077 normal [-0.433, 0.234, -0.87]  | GT대비 각도 7.2° perp오차 1.35m (GT 6.01m)
[sym] ds_v2_seed1/living_room_contemp_v14: perp 5.73m score 0.1170 normal [-0.535, 0.15, -0.831]  | GT대비 각도 2.1° perp오차 0.04m (GT 5.69m)
[sym] ds_v2_seed1/living_room_contemp_v22: perp 7.40m score 0.1832 normal [-0.534, 0.145, -0.833]  | GT대비 각도 3.3° perp오차 1.52m (GT 5.88m)
[sym] ds_v2_seed1/living_room_contemp_v30: perp 5.89m score 0.1706 normal [-0.606, 0.036, -0.794]  | GT대비 각도 1.4° perp오차 0.08m (GT 5.81m)
[sym] ds_v2_seed1/living_room_contemp_v38: perp 5.69m score 0.0516 normal [-0.621, 0.116, -0.775]  | GT대비 각도 2.3° perp오차 0.07m (GT 5.62m)
[sym] ds_v2_seed1/living_room_contemp_v46: perp 5.84m score 0.0667 normal [-0.462, 0.206, -0.862]  | GT대비 각도 0.2° perp오차 0.04m (GT 5.88m)
[sym] ds_v2_seed1/living_room_contemp_v54: perp 7.41m score 0.3332 normal [-0.387, 0.153, -0.91]  | GT대비 각도 5.0° perp오차 1.35m (GT 6.06m)
[sym] ds_v2_seed1/living_room_contemp_v62: perp 5.78m score 0.0227 normal [-0.701, 0.157, -0.696]  | GT대비 각도 3.5° perp오차 0.15m (GT 5.63m)
[sym] ds_v2_seed1/livingroom_v04: perp 2.79m score 0.0231 normal [0.592, 0.181, -0.785]  | GT대비 각도 1.7° perp오차 0.01m (GT 2.77m)
[sym] ds_v2_seed1/livingroom_v12: perp 2.92m score 0.0202 normal [0.645, 0.085, -0.76]  | GT대비 각도 1.8° perp오차 0.06m (GT 2.98m)
[sym] ds_v2_seed1/livingroom_v20: perp 1.95m score 0.2075 normal [0.908, 0.08, -0.412]  | GT대비 각도 19.2° perp오차 0.98m (GT 2.93m)
[sym] ds_v2_seed1/livingroom_v28: perp 2.67m score 0.0189 normal [0.809, 0.042, -0.587]  | GT대비 각도 1.0° perp오차 0.09m (GT 2.76m)
[sym] ds_v2_seed1/livingroom_v36: perp 2.85m score 0.0314 normal [0.575, 0.075, -0.815]  | GT대비 각도 3.4° perp오차 0.03m (GT 2.89m)
[sym] ds_v2_seed1/livingroom_v44: perp 2.50m score 0.0161 normal [0.838, -0.009, -0.546]  | GT대비 각도 0.8° perp오차 0.02m (GT 2.52m)
[shard 7] 150/192 done 102 fail 0 skip 48 (12.2s/view, ETA 9m)
[sym] ds_v2_seed1/livingroom_v52: perp 2.88m score 0.0132 normal [0.832, -0.006, -0.554]  | GT대비 각도 1.1° perp오차 0.06m (GT 2.93m)
[sym] ds_v2_seed1/livingroom_v60: perp 2.77m score 0.0175 normal [0.584, 0.072, -0.809]  | GT대비 각도 0.6° perp오차 0.00m (GT 2.77m)
[sym] ds_v2_seed1/minigym_v04: perp 4.59m score 0.0309 normal [-0.443, 0.424, -0.79]  | GT대비 각도 0.1° perp오차 0.13m (GT 4.72m)
[sym] ds_v2_seed1/minigym_v12: perp 4.81m score 0.0845 normal [-0.37, 0.338, -0.865]  | GT대비 각도 1.5° perp오차 0.08m (GT 4.89m)
[sym] ds_v2_seed1/minigym_v20: perp 5.16m score 0.2415 normal [-0.332, 0.28, -0.9]  | GT대비 각도 3.0° perp오차 0.12m (GT 5.04m)
[sym] ds_v2_seed1/minigym_v28: perp 4.98m score 0.0796 normal [-0.055, 0.376, -0.925]  | GT대비 각도 1.0° perp오차 0.09m (GT 4.89m)
[sym] ds_v2_seed1/minigym_v36: perp 4.83m score 0.1838 normal [-0.228, 0.441, -0.868]  | GT대비 각도 4.1° perp오차 0.05m (GT 4.79m)
[sym] ds_v2_seed1/minigym_v44: perp 4.59m score 0.1702 normal [-0.306, 0.402, -0.863]  | GT대비 각도 4.2° perp오차 0.08m (GT 4.67m)
[sym] ds_v2_seed1/minigym_v52: perp 5.19m score 0.2387 normal [-0.411, 0.206, -0.888]  | GT대비 각도 0.7° perp오차 0.10m (GT 5.09m)
[sym] ds_v2_seed1/minimal_interior_v05: perp 7.22m score 0.0275 normal [0.562, 0.07, -0.824]  | GT대비 각도 0.4° perp오차 0.05m (GT 7.17m)
[sym] ds_v2_seed1/minimal_interior_v13: perp 6.84m score 0.0313 normal [0.532, 0.103, -0.84]  | GT대비 각도 0.1° perp오차 0.06m (GT 6.91m)
[sym] ds_v2_seed1/minimal_interior_v21: perp 7.11m score 0.0283 normal [0.524, 0.035, -0.851]  | GT대비 각도 0.3° perp오차 0.01m (GT 7.12m)
[sym] ds_v2_seed1/minimal_interior_v29: perp 7.31m score 0.0677 normal [0.493, -0.058, -0.868]  | GT대비 각도 2.6° perp오차 0.00m (GT 7.31m)
[sym] ds_v2_seed1/minimal_interior_v37: perp 7.53m score 0.0421 normal [0.442, 0.117, -0.889]  | GT대비 각도 2.0° perp오차 0.38m (GT 7.16m)
[sym] ds_v2_seed1/minimal_interior_v45: perp 7.71m score 0.0515 normal [0.459, -0.082, -0.885]  | GT대비 각도 4.9° perp오차 0.50m (GT 7.21m)
[sym] ds_v2_seed1/minimal_interior_v53: perp 6.71m score 0.0175 normal [0.62, 0.044, -0.783]  | GT대비 각도 0.3° perp오차 0.01m (GT 6.70m)
[sym] ds_v2_seed1/minimal_interior_v61: perp 4.72m score 0.0106 normal [0.797, 0.153, -0.585]  | GT대비 각도 10.4° perp오차 2.39m (GT 7.11m)
[sym] ds_v2_seed1/scandinavian_v04: perp 3.57m score 0.1161 normal [-0.556, 0.323, -0.766]  | GT대비 각도 1.8° perp오차 0.06m (GT 3.63m)
[sym] ds_v2_seed1/scandinavian_v12: perp 5.26m score 0.1762 normal [-0.454, 0.357, -0.817]  | GT대비 각도 7.3° perp오차 1.24m (GT 4.02m)
[sym] ds_v2_seed1/scandinavian_v20: perp 5.09m score 0.1564 normal [-0.309, 0.329, -0.892]  | GT대비 각도 7.0° perp오차 1.29m (GT 3.80m)
[sym] ds_v2_seed1/scandinavian_v28: perp 6.13m score 0.1181 normal [-0.19, 0.195, -0.962]  | GT대비 각도 5.6° perp오차 2.20m (GT 3.93m)
[sym] ds_v2_seed1/scandinavian_v36: perp 4.67m score 0.1910 normal [0.1, 0.398, -0.912]  | GT대비 각도 20.2° perp오차 0.85m (GT 3.81m)
[sym] ds_v2_seed1/scandinavian_v44: perp 5.84m score 0.1559 normal [-0.121, 0.13, -0.984]  | GT대비 각도 7.0° perp오차 2.24m (GT 3.60m)
[sym] ds_v2_seed1/scandinavian_v52: perp 5.35m score 0.1456 normal [-0.275, 0.38, -0.883]  | GT대비 각도 10.0° perp오차 1.31m (GT 4.04m)
[sym] ds_v2_seed1/scandinavian_v60: perp 5.96m score 0.1437 normal [-0.204, 0.154, -0.967]  | GT대비 각도 4.0° perp오차 2.19m (GT 3.77m)
[shard 7] 175/192 done 127 fail 0 skip 48 (13.3s/view, ETA 4m)
[sym] ds_v2_seed1/sunlight_v02: perp 6.81m score 0.0763 normal [-0.512, 0.31, -0.801]  | GT대비 각도 2.4° perp오차 0.70m (GT 7.50m)
[sym] ds_v2_seed1/sunlight_v10: perp 7.64m score 0.0199 normal [-0.758, 0.139, -0.638]  | GT대비 각도 0.5° perp오차 0.09m (GT 7.54m)
[sym] ds_v2_seed1/sunlight_v18: perp 7.12m score 0.1219 normal [-0.573, 0.123, -0.81]  | GT대비 각도 2.6° perp오차 0.34m (GT 7.46m)
[sym] ds_v2_seed1/sunlight_v26: perp 7.74m score 0.0572 normal [-0.493, 0.115, -0.863]  | GT대비 각도 1.5° perp오차 0.13m (GT 7.87m)
[sym] ds_v2_seed1/sunlight_v34: perp 7.31m score 0.1064 normal [-0.477, 0.185, -0.859]  | GT대비 각도 2.6° perp오차 0.23m (GT 7.54m)
[sym] ds_v2_seed1/sunlight_v42: perp 7.37m score 0.0671 normal [-0.585, 0.215, -0.782]  | GT대비 각도 1.8° perp오차 0.16m (GT 7.53m)
[sym] ds_v2_seed1/sunlight_v50: perp 7.68m score 0.0831 normal [-0.485, 0.199, -0.852]  | GT대비 각도 2.3° perp오차 0.08m (GT 7.77m)
[sym] ds_v2_seed1/sunlight_v58: perp 7.49m score 0.0187 normal [-0.782, 0.084, -0.618]  | GT대비 각도 0.5° perp오차 0.33m (GT 7.82m)
[sym] ds_v2_seed1/terrazzo_v00: perp 4.85m score 0.1816 normal [0.638, 0.068, -0.767]  | GT대비 각도 4.8° perp오차 0.19m (GT 4.66m)
[sym] ds_v2_seed1/terrazzo_v08: perp 4.93m score 0.1646 normal [0.564, 0.223, -0.795]  | GT대비 각도 3.1° perp오차 0.40m (GT 4.53m)
[sym] ds_v2_seed1/terrazzo_v16: perp 5.30m score 0.0316 normal [0.739, 0.115, -0.664]  | GT대비 각도 1.0° perp오차 0.37m (GT 4.93m)
[sym] ds_v2_seed1/terrazzo_v24: perp 4.88m score 0.0304 normal [0.79, 0.097, -0.606]  | GT대비 각도 1.2° perp오차 0.22m (GT 4.66m)
[sym] ds_v2_seed1/terrazzo_v32: perp 5.48m score 0.2640 normal [0.456, 0.236, -0.858]  | GT대비 각도 4.8° perp오차 0.49m (GT 4.98m)
[sym] ds_v2_seed1/terrazzo_v40: perp 4.81m score 0.0325 normal [0.752, 0.086, -0.653]  | GT대비 각도 0.6° perp오차 0.18m (GT 4.62m)
[sym] ds_v2_seed1/terrazzo_v48: perp 5.13m score 0.0641 normal [0.57, 0.232, -0.788]  | GT대비 각도 2.1° perp오차 0.09m (GT 5.04m)
[sym] ds_v2_seed1/terrazzo_v56: perp 4.91m score 0.0229 normal [0.8, 0.112, -0.59]  | GT대비 각도 1.2° perp오차 0.12m (GT 4.78m)
[sym] ds_v2_seed1/terrazzo_v64: perp 5.84m score 0.0792 normal [0.331, 0.293, -0.897]  | GT대비 각도 26.0° perp오차 0.95m (GT 4.89m)
[shard 7] 끝: done 144, fail 0, skip 48, 총 44m
