[shard 1/8] 192 views
[sym] ds_v1_seed0/livingroom_v24: perp 2.99m score 0.0160 normal [0.702, 0.006, -0.712]  | GT대비 각도 0.4° perp오차 0.04m (GT 3.03m)
[sym] ds_v1_seed0/livingroom_v32: perp 2.82m score 0.0170 normal [0.749, 0.082, -0.658]  | GT대비 각도 0.8° perp오차 0.02m (GT 2.81m)
[sym] ds_v1_seed0/livingroom_v40: perp 2.90m score 0.0145 normal [0.749, 0.037, -0.661]  | GT대비 각도 1.2° perp오차 0.04m (GT 2.95m)
[sym] ds_v1_seed0/livingroom_v48: perp 3.03m score 0.0206 normal [0.751, 0.002, -0.661]  | GT대비 각도 1.2° perp오차 0.07m (GT 3.09m)
[sym] ds_v1_seed0/livingroom_v56: perp 3.00m score 0.0191 normal [0.836, 0.135, -0.531]  | GT대비 각도 6.1° perp오차 0.00m (GT 3.00m)
[sym] ds_v1_seed0/livingroom_v64: perp 2.68m score 0.0183 normal [0.807, 0.121, -0.578]  | GT대비 각도 1.9° perp오차 0.09m (GT 2.76m)
[sym] ds_v1_seed0/minigym_v07: perp 5.04m score 0.1115 normal [-0.41, 0.293, -0.864]  | GT대비 각도 0.5° perp오차 0.00m (GT 5.04m)
[sym] ds_v1_seed0/minigym_v15: perp 4.96m score 0.1145 normal [-0.361, 0.313, -0.879]  | GT대비 각도 1.4° perp오차 0.01m (GT 4.97m)
[sym] ds_v1_seed0/minigym_v23: perp 4.98m score 0.0268 normal [-0.474, 0.42, -0.774]  | GT대비 각도 0.1° perp오차 0.04m (GT 5.01m)
[sym] ds_v1_seed0/minigym_v31: perp 5.12m score 0.1747 normal [-0.197, 0.223, -0.955]  | GT대비 각도 3.1° perp오차 0.12m (GT 5.00m)
[sym] ds_v1_seed0/minigym_v39: perp 4.95m score 0.0290 normal [-0.081, 0.421, -0.904]  | GT대비 각도 0.4° perp오차 0.03m (GT 4.98m)
[sym] ds_v1_seed0/minigym_v47: perp 4.87m score 0.0525 normal [-0.025, 0.41, -0.912]  | GT대비 각도 2.0° perp오차 0.00m (GT 4.87m)
[sym] ds_v1_seed0/minigym_v55: perp 4.93m score 0.1177 normal [-0.236, 0.45, -0.861]  | GT대비 각도 2.4° perp오차 0.07m (GT 4.99m)
[sym] ds_v1_seed0/minimal_interior_v07: perp 7.58m score 0.0482 normal [0.379, 0.053, -0.924]  | GT대비 각도 1.9° perp오차 0.43m (GT 7.15m)
[sym] ds_v1_seed0/minimal_interior_v15: perp 7.31m score 0.0345 normal [0.448, 0.095, -0.889]  | GT대비 각도 1.8° perp오차 0.40m (GT 6.92m)
[sym] ds_v1_seed0/minimal_interior_v23: perp 7.16m score 0.0326 normal [0.508, -0.088, -0.857]  | GT대비 각도 3.0° perp오차 0.00m (GT 7.15m)
[sym] ds_v1_seed0/minimal_interior_v31: perp 7.81m score 0.0477 normal [0.429, -0.086, -0.899]  | GT대비 각도 4.3° perp오차 0.51m (GT 7.30m)
[sym] ds_v1_seed0/minimal_interior_v39: perp 6.96m score 0.0334 normal [0.506, 0.091, -0.858]  | GT대비 각도 0.5° perp오차 0.03m (GT 6.93m)
[sym] ds_v1_seed0/minimal_interior_v47: perp 6.94m score 0.0530 normal [-0.611, 0.13, -0.781]  | GT대비 각도 57.0° perp오차 0.26m (GT 7.19m)
[sym] ds_v1_seed0/minimal_interior_v55: perp 7.24m score 0.0107 normal [0.664, 0.024, -0.748]  | GT대비 각도 2.6° perp오차 0.02m (GT 7.26m)
[sym] ds_v1_seed0/minimal_interior_v63: perp 7.11m score 0.0279 normal [0.551, 0.207, -0.808]  | GT대비 각도 3.3° perp오차 0.11m (GT 7.01m)
[sym] ds_v1_seed0/scandinavian_v05: perp 5.79m score 0.0919 normal [-0.43, 0.207, -0.879]  | GT대비 각도 1.2° perp오차 2.09m (GT 3.70m)
[sym] ds_v1_seed0/scandinavian_v13: perp 5.77m score 0.1125 normal [-0.369, 0.139, -0.919]  | GT대비 각도 3.9° perp오차 2.19m (GT 3.58m)
[sym] ds_v1_seed0/scandinavian_v21: perp 5.28m score 0.1460 normal [-0.272, 0.359, -0.893]  | GT대비 각도 11.7° perp오차 1.32m (GT 3.96m)
[shard 1] 75/192 done 24 fail 0 skip 51 (5.4s/view, ETA 10m)
[sym] ds_v1_seed0/scandinavian_v29: perp 2.76m score 0.1330 normal [-0.91, 0.187, -0.37]  | GT대비 각도 31.3° perp오차 1.35m (GT 4.11m)
[sym] ds_v1_seed0/scandinavian_v37: perp 5.96m score 0.1102 normal [-0.246, 0.244, -0.938]  | GT대비 각도 3.8° perp오차 2.23m (GT 3.73m)
[sym] ds_v1_seed0/scandinavian_v45: perp 6.22m score 0.1157 normal [-0.058, 0.073, -0.996]  | GT대비 각도 11.0° perp오차 2.24m (GT 3.98m)
[sym] ds_v1_seed0/scandinavian_v53: perp 5.18m score 0.1282 normal [-0.234, 0.383, -0.893]  | GT대비 각도 9.6° perp오차 1.33m (GT 3.85m)
[sym] ds_v1_seed0/scandinavian_v61: perp 5.80m score 0.1969 normal [-0.254, -0.015, -0.967]  | GT대비 각도 6.0° perp오차 2.09m (GT 3.71m)
[sym] ds_v1_seed0/sunlight_v03: perp 7.56m score 0.0228 normal [-0.731, 0.157, -0.664]  | GT대비 각도 0.6° perp오차 0.00m (GT 7.55m)
[sym] ds_v1_seed0/sunlight_v11: perp 7.62m score 0.0681 normal [-0.579, 0.142, -0.803]  | GT대비 각도 1.8° perp오차 0.06m (GT 7.68m)
[sym] ds_v1_seed0/sunlight_v19: perp 7.42m score 0.0276 normal [-0.701, 0.062, -0.71]  | GT대비 각도 0.4° perp오차 0.05m (GT 7.47m)
[sym] ds_v1_seed0/sunlight_v27: perp 7.38m score 0.0652 normal [-0.629, 0.252, -0.736]  | GT대비 각도 1.5° perp오차 0.29m (GT 7.68m)
[sym] ds_v1_seed0/sunlight_v35: perp 7.63m score 0.0533 normal [-0.559, 0.224, -0.799]  | GT대비 각도 0.9° perp오차 0.09m (GT 7.72m)
[sym] ds_v1_seed0/sunlight_v43: perp 7.33m score 0.0272 normal [-0.756, 0.239, -0.609]  | GT대비 각도 1.0° perp오차 0.12m (GT 7.45m)
[sym] ds_v1_seed0/sunlight_v51: perp 7.42m score 0.0193 normal [-0.794, 0.104, -0.599]  | GT대비 각도 1.1° perp오차 0.06m (GT 7.36m)
[sym] ds_v1_seed0/sunlight_v59: perp 6.85m score 0.0216 normal [-0.8, 0.197, -0.566]  | GT대비 각도 0.5° perp오차 0.47m (GT 7.33m)
[sym] ds_v1_seed0/terrazzo_v01: perp 5.18m score 0.0230 normal [0.743, 0.118, -0.659]  | GT대비 각도 1.2° perp오차 0.28m (GT 4.90m)
[sym] ds_v1_seed0/terrazzo_v09: perp 5.07m score 0.2325 normal [0.567, 0.053, -0.822]  | GT대비 각도 4.6° perp오차 0.16m (GT 4.91m)
[sym] ds_v1_seed0/terrazzo_v17: perp 5.17m score 0.1566 normal [0.485, 0.257, -0.836]  | GT대비 각도 3.7° perp오차 0.47m (GT 4.70m)
[sym] ds_v1_seed0/terrazzo_v25: perp 5.51m score 0.0877 normal [0.309, 0.286, -0.907]  | GT대비 각도 24.9° perp오차 0.85m (GT 4.66m)
[sym] ds_v1_seed0/terrazzo_v33: perp 5.31m score 0.1658 normal [0.62, 0.137, -0.772]  | GT대비 각도 2.4° perp오차 0.43m (GT 4.88m)
[sym] ds_v1_seed0/terrazzo_v41: perp 4.49m score 0.0214 normal [0.817, 0.142, -0.558]  | GT대비 각도 4.7° perp오차 0.28m (GT 4.77m)
[sym] ds_v1_seed0/terrazzo_v49: perp 5.38m score 0.4224 normal [0.39, 0.222, -0.894]  | GT대비 각도 5.6° perp오차 0.62m (GT 4.76m)
[sym] ds_v1_seed0/terrazzo_v57: perp 5.48m score 0.4129 normal [0.411, 0.202, -0.889]  | GT대비 각도 5.6° perp오차 0.68m (GT 4.80m)
[sym] ds_v1_seed0/terrazzo_v65: perp 5.63m score 0.7423 normal [0.399, -0.072, -0.914]  | GT대비 각도 9.4° perp오차 0.93m (GT 4.70m)
[sym] ds_v2_seed1/bedroom_v07: perp 4.09m score 0.0535 normal [-0.674, 0.211, -0.708]  | GT대비 각도 1.7° perp오차 0.13m (GT 3.95m)
[sym] ds_v2_seed1/bedroom_v15: perp 4.24m score 0.1583 normal [-0.805, -0.135, -0.577]  | GT대비 각도 11.4° perp오차 0.31m (GT 3.93m)
[sym] ds_v2_seed1/bedroom_v23: perp 3.96m score 0.0448 normal [-0.574, 0.225, -0.788]  | GT대비 각도 2.7° perp오차 0.10m (GT 3.86m)
[shard 1] 100/192 done 49 fail 0 skip 51 (9.8s/view, ETA 15m)
[sym] ds_v2_seed1/bedroom_v31: perp 3.36m score 0.1652 normal [-0.168, -0.776, -0.607]  | GT대비 각도 55.9° perp오차 0.27m (GT 3.62m)
[sym] ds_v2_seed1/bedroom_v39: perp 3.89m score 0.0820 normal [-0.621, 0.12, -0.775]  | GT대비 각도 2.0° perp오차 0.08m (GT 3.80m)
[sym] ds_v2_seed1/bedroom_v47: perp 0.68m score 0.1544 normal [-0.813, -0.581, 0.031]  | GT대비 각도 67.0° perp오차 3.23m (GT 3.90m)
[sym] ds_v2_seed1/bedroom_v55: perp 4.01m score 0.1158 normal [-0.536, 0.15, -0.831]  | GT대비 각도 7.0° perp오차 0.26m (GT 3.75m)
[sym] ds_v2_seed1/bedroom_v63: perp 4.09m score 0.1108 normal [-0.528, 0.097, -0.844]  | GT대비 각도 2.7° perp오차 0.14m (GT 3.95m)
[sym] ds_v2_seed1/blue_bathroom_v07: perp 5.15m score 0.0169 normal [-0.396, 0.181, -0.9]  | GT대비 각도 0.3° perp오차 0.01m (GT 5.16m)
[sym] ds_v2_seed1/blue_bathroom_v15: perp 4.95m score 0.0327 normal [-0.294, 0.127, -0.947]  | GT대비 각도 0.3° perp오차 0.25m (GT 4.70m)
[sym] ds_v2_seed1/blue_bathroom_v23: perp 4.89m score 0.0183 normal [-0.219, 0.268, -0.938]  | GT대비 각도 0.4° perp오차 0.01m (GT 4.91m)
[sym] ds_v2_seed1/blue_bathroom_v31: perp 4.60m score 0.0144 normal [-0.57, 0.172, -0.803]  | GT대비 각도 0.3° perp오차 0.32m (GT 4.92m)
[sym] ds_v2_seed1/blue_bathroom_v39: perp 4.90m score 0.0335 normal [-0.348, -0.127, -0.929]  | GT대비 각도 8.1° perp오차 0.22m (GT 4.68m)
[sym] ds_v2_seed1/blue_bathroom_v47: perp 4.63m score 0.0148 normal [-0.397, 0.185, -0.899]  | GT대비 각도 0.2° perp오차 0.01m (GT 4.64m)
[sym] ds_v2_seed1/blue_bathroom_v55: perp 5.25m score 0.0354 normal [-0.451, 0.093, -0.888]  | GT대비 각도 0.3° perp오차 0.27m (GT 4.98m)
[sym] ds_v2_seed1/computer_room_v04: perp 3.12m score 0.0847 normal [0.327, 0.347, -0.879]  | GT대비 각도 3.8° perp오차 0.09m (GT 3.21m)
[sym] ds_v2_seed1/computer_room_v12: perp 3.66m score 0.1212 normal [0.255, 0.262, -0.931]  | GT대비 각도 3.6° perp오차 0.13m (GT 3.53m)
[sym] ds_v2_seed1/computer_room_v20: perp 3.47m score 0.0865 normal [0.429, 0.248, -0.868]  | GT대비 각도 0.9° perp오차 0.10m (GT 3.37m)
[sym] ds_v2_seed1/computer_room_v28: perp 3.28m score 0.0563 normal [0.526, 0.23, -0.819]  | GT대비 각도 1.0° perp오차 0.01m (GT 3.30m)
[sym] ds_v2_seed1/computer_room_v36: perp 3.45m score 0.0219 normal [0.543, 0.37, -0.754]  | GT대비 각도 0.6° perp오차 0.03m (GT 3.48m)
[sym] ds_v2_seed1/computer_room_v44: perp 3.16m score 0.0566 normal [0.547, 0.174, -0.819]  | GT대비 각도 0.6° perp오차 0.00m (GT 3.16m)
[sym] ds_v2_seed1/computer_room_v52: perp 3.62m score 0.0484 normal [0.365, 0.337, -0.868]  | GT대비 각도 1.1° perp오차 0.01m (GT 3.63m)
[sym] ds_v2_seed1/computer_room_v60: perp 3.32m score 0.0498 normal [0.541, 0.218, -0.812]  | GT대비 각도 0.6° perp오차 0.05m (GT 3.27m)
[sym] ds_v2_seed1/green_house_v02: perp 4.61m score 0.1204 normal [-0.211, 0.46, -0.862]  | GT대비 각도 4.8° perp오차 0.82m (GT 3.78m)
[sym] ds_v2_seed1/green_house_v10: perp 4.22m score 0.1176 normal [-0.658, 0.222, -0.719]  | GT대비 각도 10.2° perp오차 0.33m (GT 3.88m)
[sym] ds_v2_seed1/green_house_v18: perp 4.58m score 0.0964 normal [-0.541, 0.21, -0.814]  | GT대비 각도 4.1° perp오차 0.85m (GT 3.73m)
[sym] ds_v2_seed1/green_house_v26: perp 4.85m score 0.0885 normal [-0.449, 0.402, -0.798]  | GT대비 각도 5.7° perp오차 0.69m (GT 4.16m)
[sym] ds_v2_seed1/green_house_v34: perp 4.32m score 0.1078 normal [-0.627, 0.314, -0.713]  | GT대비 각도 7.2° perp오차 0.43m (GT 3.89m)
[shard 1] 125/192 done 74 fail 0 skip 51 (11.7s/view, ETA 13m)
[sym] ds_v2_seed1/green_house_v42: perp 3.33m score 0.1309 normal [-0.524, 0.062, -0.849]  | GT대비 각도 13.9° perp오차 0.32m (GT 3.65m)
[sym] ds_v2_seed1/green_house_v50: perp 4.64m score 0.1133 normal [-0.498, 0.451, -0.741]  | GT대비 각도 7.3° perp오차 0.57m (GT 4.08m)
[sym] ds_v2_seed1/green_house_v58: perp 4.85m score 0.1359 normal [-0.214, 0.302, -0.929]  | GT대비 각도 5.1° perp오차 1.03m (GT 3.82m)
[sym] ds_v2_seed1/gym_v02: perp 4.46m score 0.1154 normal [-0.355, 0.304, -0.884]  | GT대비 각도 2.1° perp오차 0.02m (GT 4.45m)
[sym] ds_v2_seed1/gym_v10: perp 4.49m score 0.0739 normal [-0.679, 0.114, -0.726]  | GT대비 각도 0.2° perp오차 0.03m (GT 4.52m)
[sym] ds_v2_seed1/gym_v18: perp 5.05m score 0.2316 normal [-0.383, 0.235, -0.893]  | GT대비 각도 7.2° perp오차 0.61m (GT 4.44m)
[sym] ds_v2_seed1/gym_v26: perp 5.00m score 0.2365 normal [-0.384, 0.134, -0.914]  | GT대비 각도 1.0° perp오차 0.18m (GT 4.82m)
[sym] ds_v2_seed1/gym_v34: perp 5.24m score 0.3228 normal [-0.315, 0.241, -0.918]  | GT대비 각도 3.7° perp오차 0.74m (GT 4.49m)
[sym] ds_v2_seed1/gym_v42: perp 4.53m score 0.1793 normal [-0.565, 0.221, -0.795]  | GT대비 각도 5.0° perp오차 0.06m (GT 4.47m)
[sym] ds_v2_seed1/gym_v50: perp 5.31m score 0.2835 normal [-0.339, 0.236, -0.911]  | GT대비 각도 2.6° perp오차 0.59m (GT 4.73m)
[sym] ds_v2_seed1/gym_v58: perp 5.26m score 0.0881 normal [-0.745, 0.016, -0.667]  | GT대비 각도 3.5° perp오차 0.47m (GT 4.79m)
[sym] ds_v2_seed1/living_room_contemp_v00: perp 7.29m score 0.2156 normal [-0.512, 0.177, -0.84]  | GT대비 각도 3.6° perp오차 1.59m (GT 5.70m)
[sym] ds_v2_seed1/living_room_contemp_v08: perp 5.91m score 0.0401 normal [-0.604, 0.205, -0.77]  | GT대비 각도 1.3° perp오차 0.04m (GT 5.87m)
[sym] ds_v2_seed1/living_room_contemp_v16: perp 6.14m score 0.1331 normal [-0.546, 0.003, -0.838]  | GT대비 각도 0.5° perp오차 0.18m (GT 5.96m)
[sym] ds_v2_seed1/living_room_contemp_v24: perp 6.32m score 0.0398 normal [-0.653, 0.078, -0.753]  | GT대비 각도 2.3° perp오차 0.76m (GT 5.57m)
[sym] ds_v2_seed1/living_room_contemp_v32: perp 6.33m score 0.3804 normal [-0.446, -0.031, -0.894]  | GT대비 각도 3.0° perp오차 0.55m (GT 5.78m)
[sym] ds_v2_seed1/living_room_contemp_v40: perp 7.26m score 0.2069 normal [-0.384, 0.192, -0.903]  | GT대비 각도 4.8° perp오차 1.37m (GT 5.89m)
[sym] ds_v2_seed1/living_room_contemp_v48: perp 7.50m score 0.3005 normal [-0.225, 0.103, -0.969]  | GT대비 각도 8.2° perp오차 1.42m (GT 6.08m)
[sym] ds_v2_seed1/living_room_contemp_v56: perp 8.96m score 0.3325 normal [-0.306, 0.124, -0.944]  | GT대비 각도 3.5° perp오차 3.01m (GT 5.95m)
[sym] ds_v2_seed1/living_room_contemp_v64: perp 5.95m score 0.0977 normal [-0.558, 0.115, -0.822]  | GT대비 각도 2.2° perp오차 0.11m (GT 5.84m)
[sym] ds_v2_seed1/livingroom_v06: perp 2.86m score 0.0132 normal [0.771, 0.043, -0.636]  | GT대비 각도 0.8° perp오차 0.06m (GT 2.92m)
[sym] ds_v2_seed1/livingroom_v14: perp 2.66m score 0.0191 normal [0.753, 0.062, -0.655]  | GT대비 각도 1.4° perp오차 0.06m (GT 2.71m)
[sym] ds_v2_seed1/livingroom_v22: perp 2.88m score 0.0126 normal [0.739, 0.006, -0.674]  | GT대비 각도 0.7° perp오차 0.01m (GT 2.89m)
[sym] ds_v2_seed1/livingroom_v30: perp 3.07m score 0.0149 normal [0.721, -0.045, -0.691]  | GT대비 각도 1.2° perp오차 0.04m (GT 3.11m)
[sym] ds_v2_seed1/livingroom_v38: perp 2.88m score 0.0162 normal [0.688, 0.061, -0.723]  | GT대비 각도 0.8° perp오차 0.02m (GT 2.90m)
[shard 1] 150/192 done 99 fail 0 skip 51 (12.5s/view, ETA 9m)
[sym] ds_v2_seed1/livingroom_v46: perp 2.77m score 0.0250 normal [0.594, 0.154, -0.789]  | GT대비 각도 1.8° perp오차 0.06m (GT 2.83m)
[sym] ds_v2_seed1/livingroom_v54: perp 2.66m score 0.0137 normal [0.865, 0.051, -0.499]  | GT대비 각도 2.5° perp오차 0.11m (GT 2.77m)
[sym] ds_v2_seed1/livingroom_v62: perp 2.66m score 0.0140 normal [0.722, 0.017, -0.692]  | GT대비 각도 0.5° perp오차 0.08m (GT 2.74m)
[sym] ds_v2_seed1/minigym_v06: perp 2.24m score 0.1416 normal [-0.219, 0.903, -0.371]  | GT대비 각도 44.3° perp오차 2.92m (GT 5.16m)
[sym] ds_v2_seed1/minigym_v14: perp 5.31m score 0.7981 normal [-0.379, 0.301, -0.875]  | GT대비 각도 11.0° perp오차 0.20m (GT 5.11m)
[sym] ds_v2_seed1/minigym_v22: perp 4.81m score 0.0238 normal [-0.072, 0.446, -0.892]  | GT대비 각도 0.4° perp오차 0.06m (GT 4.87m)
[sym] ds_v2_seed1/minigym_v30: perp 4.88m score 0.0257 normal [-0.154, 0.444, -0.883]  | GT대비 각도 0.2° perp오차 0.02m (GT 4.90m)
[sym] ds_v2_seed1/minigym_v38: perp 4.85m score 0.1996 normal [-0.126, 0.275, -0.953]  | GT대비 각도 2.5° perp오차 0.17m (GT 4.68m)
[sym] ds_v2_seed1/minigym_v46: perp 4.97m score 0.2114 normal [-0.503, 0.184, -0.845]  | GT대비 각도 2.2° perp오차 0.06m (GT 5.03m)
[sym] ds_v2_seed1/minigym_v54: perp 2.05m score 0.1123 normal [-0.095, 0.928, -0.359]  | GT대비 각도 51.8° perp오차 3.11m (GT 5.16m)
[sym] ds_v2_seed1/minimal_interior_v07: perp 7.40m score 0.0427 normal [0.442, 0.151, -0.884]  | GT대비 각도 2.5° perp오차 0.52m (GT 6.88m)
[sym] ds_v2_seed1/minimal_interior_v15: perp 7.61m score 0.0358 normal [0.517, -0.088, -0.852]  | GT대비 각도 2.4° perp오차 0.38m (GT 7.24m)
[sym] ds_v2_seed1/minimal_interior_v23: perp 7.31m score 0.0729 normal [0.393, -0.059, -0.918]  | GT대비 각도 2.7° perp오차 0.37m (GT 6.93m)
[sym] ds_v2_seed1/minimal_interior_v31: perp 7.08m score 0.0051 normal [0.649, -0.049, -0.76]  | GT대비 각도 0.5° perp오차 0.01m (GT 7.09m)
[sym] ds_v2_seed1/minimal_interior_v39: perp 6.80m score 0.0230 normal [0.605, 0.149, -0.782]  | GT대비 각도 0.3° perp오차 0.06m (GT 6.86m)
[sym] ds_v2_seed1/minimal_interior_v47: perp 6.88m score 0.0274 normal [0.56, 0.135, -0.817]  | GT대비 각도 0.3° perp오차 0.09m (GT 6.97m)
[sym] ds_v2_seed1/minimal_interior_v55: perp 7.35m score 0.0448 normal [0.486, -0.104, -0.868]  | GT대비 각도 2.7° perp오차 0.02m (GT 7.34m)
[sym] ds_v2_seed1/minimal_interior_v63: perp 7.18m score 0.0402 normal [0.539, -0.047, -0.841]  | GT대비 각도 2.4° perp오차 0.02m (GT 7.20m)
[sym] ds_v2_seed1/scandinavian_v06: perp 5.40m score 0.1253 normal [-0.197, 0.369, -0.908]  | GT대비 각도 11.7° perp오차 1.34m (GT 4.06m)
[sym] ds_v2_seed1/scandinavian_v14: perp 5.88m score 0.1365 normal [-0.317, 0.279, -0.906]  | GT대비 각도 3.6° perp오차 2.13m (GT 3.75m)
[sym] ds_v2_seed1/scandinavian_v22: perp 6.22m score 0.0741 normal [-0.271, 0.143, -0.952]  | GT대비 각도 6.9° perp오차 2.26m (GT 3.97m)
[sym] ds_v2_seed1/scandinavian_v30: perp 6.11m score 0.1178 normal [-0.34, 0.037, -0.94]  | GT대비 각도 6.7° perp오차 2.17m (GT 3.94m)
[sym] ds_v2_seed1/scandinavian_v38: perp 5.74m score 0.1248 normal [-0.434, 0.189, -0.881]  | GT대비 각도 1.8° perp오차 2.06m (GT 3.68m)
[sym] ds_v2_seed1/scandinavian_v46: perp 5.22m score 0.1811 normal [-0.09, 0.406, -0.91]  | GT대비 각도 13.6° perp오차 1.32m (GT 3.90m)
[sym] ds_v2_seed1/scandinavian_v54: perp 6.19m score 0.1232 normal [-0.182, -0.001, -0.983]  | GT대비 각도 9.0° perp오차 2.10m (GT 4.09m)
[shard 1] 175/192 done 124 fail 0 skip 51 (13.9s/view, ETA 4m)
[sym] ds_v2_seed1/scandinavian_v62: perp 5.82m score 0.1305 normal [-0.548, 0.271, -0.791]  | GT대비 각도 1.8° perp오차 2.02m (GT 3.81m)
[sym] ds_v2_seed1/sunlight_v04: perp 6.97m score 0.0338 normal [-0.79, 0.252, -0.559]  | GT대비 각도 1.5° perp오차 0.40m (GT 7.36m)
[sym] ds_v2_seed1/sunlight_v12: perp 7.82m score 0.0184 normal [-0.746, 0.189, -0.638]  | GT대비 각도 0.4° perp오차 0.11m (GT 7.71m)
[sym] ds_v2_seed1/sunlight_v20: perp 7.41m score 0.0426 normal [-0.669, 0.172, -0.723]  | GT대비 각도 1.2° perp오차 0.09m (GT 7.50m)
[sym] ds_v2_seed1/sunlight_v28: perp 7.59m score 0.0671 normal [-0.581, 0.15, -0.8]  | GT대비 각도 1.8° perp오차 0.11m (GT 7.70m)
[sym] ds_v2_seed1/sunlight_v36: perp 7.34m score 0.0677 normal [-0.564, 0.277, -0.778]  | GT대비 각도 1.7° perp오차 0.14m (GT 7.48m)
[sym] ds_v2_seed1/sunlight_v44: perp 7.25m score 0.0599 normal [-0.543, 0.085, -0.835]  | GT대비 각도 1.8° perp오차 0.09m (GT 7.35m)
[sym] ds_v2_seed1/sunlight_v52: perp 7.08m score 0.0392 normal [-0.712, 0.263, -0.651]  | GT대비 각도 1.1° perp오차 0.61m (GT 7.69m)
[sym] ds_v2_seed1/sunlight_v60: perp 7.33m score 0.0803 normal [-0.549, 0.132, -0.825]  | GT대비 각도 1.9° perp오차 0.19m (GT 7.52m)
[sym] ds_v2_seed1/terrazzo_v02: perp 4.50m score 0.0390 normal [0.794, 0.142, -0.59]  | GT대비 각도 5.1° perp오차 0.10m (GT 4.61m)
[sym] ds_v2_seed1/terrazzo_v10: perp 5.35m score 0.3974 normal [0.511, -0.031, -0.859]  | GT대비 각도 7.5° perp오차 0.51m (GT 4.84m)
[sym] ds_v2_seed1/terrazzo_v18: perp 5.23m score 0.1731 normal [0.612, 0.169, -0.772]  | GT대비 각도 1.9° perp오차 0.41m (GT 4.82m)
[sym] ds_v2_seed1/terrazzo_v26: perp 5.12m score 0.0942 normal [0.714, 0.098, -0.694]  | GT대비 각도 3.1° perp오차 0.44m (GT 4.67m)
[sym] ds_v2_seed1/terrazzo_v34: perp 5.75m score 0.5432 normal [0.378, 0.171, -0.91]  | GT대비 각도 6.8° perp오차 0.97m (GT 4.78m)
[sym] ds_v2_seed1/terrazzo_v42: perp 5.22m score 0.0863 normal [0.713, 0.115, -0.691]  | GT대비 각도 4.2° perp오차 0.40m (GT 4.83m)
[sym] ds_v2_seed1/terrazzo_v50: perp 4.84m score 0.0178 normal [0.791, 0.11, -0.602]  | GT대비 각도 0.2° perp오차 0.15m (GT 4.69m)
[sym] ds_v2_seed1/terrazzo_v58: perp 4.89m score 0.1676 normal [0.663, -0.036, -0.748]  | GT대비 각도 6.2° perp오차 0.02m (GT 4.87m)
[shard 1] 끝: done 141, fail 0, skip 51, 총 46m
