[shard 2/8] 192 views
[sym] ds_v1_seed0/living_room_contemp_v51: perp 5.59m score 0.0221 normal [-0.701, 0.039, -0.712]  | GT대비 각도 3.3° perp오차 0.16m (GT 5.43m)
[sym] ds_v1_seed0/living_room_contemp_v59: perp 5.50m score 0.0218 normal [-0.717, 0.17, -0.676]  | GT대비 각도 3.0° perp오차 0.10m (GT 5.41m)
[sym] ds_v1_seed0/livingroom_v01: perp 2.96m score 0.0121 normal [0.827, 0.033, -0.561]  | GT대비 각도 1.0° perp오차 0.05m (GT 3.01m)
[sym] ds_v1_seed0/livingroom_v09: perp 2.45m score 0.0130 normal [0.831, 0.063, -0.552]  | GT대비 각도 1.0° perp오차 0.05m (GT 2.50m)
[shard 2] 50/192 done 4 fail 0 skip 46 (0.9s/view, ETA 2m)
[sym] ds_v1_seed0/livingroom_v17: perp 2.96m score 0.0152 normal [0.785, -0.013, -0.619]  | GT대비 각도 0.8° perp오차 0.03m (GT 2.99m)
[sym] ds_v1_seed0/livingroom_v25: perp 2.90m score 0.0198 normal [0.575, 0.168, -0.801]  | GT대비 각도 1.0° perp오차 0.02m (GT 2.92m)
[sym] ds_v1_seed0/livingroom_v33: perp 2.90m score 0.0134 normal [0.725, 0.149, -0.673]  | GT대비 각도 0.6° perp오차 0.03m (GT 2.87m)
[sym] ds_v1_seed0/livingroom_v41: perp 2.76m score 0.0194 normal [0.747, 0.084, -0.659]  | GT대비 각도 0.6° perp오차 0.04m (GT 2.72m)
[sym] ds_v1_seed0/livingroom_v49: perp 2.82m score 0.0108 normal [0.885, 0.106, -0.454]  | GT대비 각도 0.8° perp오차 0.04m (GT 2.85m)
[sym] ds_v1_seed0/livingroom_v57: perp 2.64m score 0.0210 normal [0.791, 0.119, -0.6]  | GT대비 각도 1.9° perp오차 0.09m (GT 2.73m)
[sym] ds_v1_seed0/minigym_v00: perp 4.81m score 0.1597 normal [-0.329, 0.314, -0.891]  | GT대비 각도 3.7° perp오차 0.03m (GT 4.83m)
[sym] ds_v1_seed0/minigym_v08: perp 5.01m score 0.1011 normal [-0.429, 0.256, -0.866]  | GT대비 각도 1.2° perp오차 0.05m (GT 5.05m)
[sym] ds_v1_seed0/minigym_v16: perp 4.73m score 0.1548 normal [-0.475, 0.21, -0.855]  | GT대비 각도 1.6° perp오차 0.07m (GT 4.80m)
[sym] ds_v1_seed0/minigym_v24: perp 5.22m score 0.2678 normal [-0.175, 0.395, -0.902]  | GT대비 각도 3.9° perp오차 0.12m (GT 5.10m)
[sym] ds_v1_seed0/minigym_v32: perp 4.72m score 0.1908 normal [-0.251, 0.409, -0.877]  | GT대비 각도 5.5° perp오차 0.09m (GT 4.81m)
[sym] ds_v1_seed0/minigym_v40: perp 4.98m score 0.0218 normal [-0.472, 0.404, -0.783]  | GT대비 각도 0.1° perp오차 0.02m (GT 5.00m)
[sym] ds_v1_seed0/minigym_v48: perp 4.97m score 0.1620 normal [-0.337, 0.383, -0.86]  | GT대비 각도 3.2° perp오차 0.02m (GT 4.95m)
[sym] ds_v1_seed0/minimal_interior_v00: perp 6.92m score 0.0249 normal [0.54, 0.069, -0.839]  | GT대비 각도 0.3° perp오차 0.03m (GT 6.95m)
[sym] ds_v1_seed0/minimal_interior_v08: perp 7.52m score 0.0617 normal [-0.509, 0.027, -0.86]  | GT대비 각도 54.2° perp오차 0.57m (GT 6.95m)
[sym] ds_v1_seed0/minimal_interior_v16: perp 7.63m score 0.0761 normal [-0.485, -0.154, -0.861]  | GT대비 각도 50.5° perp오차 0.88m (GT 6.75m)
[sym] ds_v1_seed0/minimal_interior_v24: perp 7.74m score 0.0411 normal [0.453, 0.049, -0.89]  | GT대비 각도 1.9° perp오차 0.46m (GT 7.28m)
[sym] ds_v1_seed0/minimal_interior_v32: perp 6.89m score 0.0264 normal [0.567, 0.156, -0.809]  | GT대비 각도 0.3° perp오차 0.08m (GT 6.97m)
[sym] ds_v1_seed0/minimal_interior_v40: perp 6.96m score 0.0286 normal [0.473, 0.21, -0.856]  | GT대비 각도 0.7° perp오차 0.10m (GT 7.06m)
[sym] ds_v1_seed0/minimal_interior_v48: perp 7.29m score 0.0106 normal [0.632, 0.086, -0.77]  | GT대비 각도 0.3° perp오차 0.07m (GT 7.36m)
[sym] ds_v1_seed0/minimal_interior_v56: perp 6.88m score 0.0333 normal [0.577, 0.184, -0.796]  | GT대비 각도 0.5° perp오차 0.13m (GT 7.01m)
[sym] ds_v1_seed0/minimal_interior_v64: perp 6.98m score 0.0409 normal [0.557, -0.004, -0.83]  | GT대비 각도 1.8° perp오차 0.00m (GT 6.97m)
[sym] ds_v1_seed0/scandinavian_v06: perp 6.00m score 0.0983 normal [-0.522, 0.006, -0.853]  | GT대비 각도 5.1° perp오차 2.10m (GT 3.91m)
[sym] ds_v1_seed0/scandinavian_v14: perp 5.29m score 0.1872 normal [-0.248, 0.339, -0.907]  | GT대비 각도 9.3° perp오차 1.35m (GT 3.94m)
[sym] ds_v1_seed0/scandinavian_v22: perp 5.27m score 0.1563 normal [-0.393, 0.341, -0.854]  | GT대비 각도 6.6° perp오차 1.27m (GT 4.00m)
[shard 2] 75/192 done 29 fail 0 skip 46 (6.3s/view, ETA 12m)
[sym] ds_v1_seed0/scandinavian_v30: perp 5.03m score 0.1582 normal [-0.454, 0.352, -0.819]  | GT대비 각도 5.9° perp오차 1.31m (GT 3.72m)
[sym] ds_v1_seed0/scandinavian_v38: perp 5.46m score 0.1842 normal [-0.202, 0.357, -0.912]  | GT대비 각도 6.1° perp오차 1.43m (GT 4.03m)
[sym] ds_v1_seed0/scandinavian_v46: perp 5.14m score 0.1747 normal [-0.016, 0.38, -0.925]  | GT대비 각도 9.7° perp오차 1.19m (GT 3.94m)
[sym] ds_v1_seed0/scandinavian_v54: perp 5.49m score 0.1500 normal [-0.148, 0.304, -0.941]  | GT대비 각도 12.8° perp오차 1.42m (GT 4.07m)
[sym] ds_v1_seed0/scandinavian_v62: perp 5.38m score 0.1351 normal [-0.371, 0.345, -0.862]  | GT대비 각도 6.2° perp오차 1.29m (GT 4.09m)
[sym] ds_v1_seed0/sunlight_v04: perp 7.21m score 0.0218 normal [-0.753, 0.098, -0.651]  | GT대비 각도 0.8° perp오차 0.27m (GT 7.48m)
[sym] ds_v1_seed0/sunlight_v12: perp 7.37m score 0.0344 normal [-0.719, 0.16, -0.676]  | GT대비 각도 0.6° perp오차 0.08m (GT 7.46m)
[sym] ds_v1_seed0/sunlight_v20: perp 7.64m score 0.0350 normal [-0.686, 0.179, -0.706]  | GT대비 각도 0.5° perp오차 0.03m (GT 7.62m)
[sym] ds_v1_seed0/sunlight_v28: perp 7.06m score 0.0712 normal [-0.596, 0.27, -0.756]  | GT대비 각도 1.5° perp오차 0.59m (GT 7.65m)
[sym] ds_v1_seed0/sunlight_v36: perp 7.23m score 0.0606 normal [-0.598, 0.048, -0.8]  | GT대비 각도 1.1° perp오차 0.31m (GT 7.54m)
[sym] ds_v1_seed0/sunlight_v44: perp 7.53m score 0.0348 normal [-0.722, 0.07, -0.688]  | GT대비 각도 0.4° perp오차 0.06m (GT 7.60m)
[sym] ds_v1_seed0/sunlight_v52: perp 7.57m score 0.0187 normal [-0.697, 0.13, -0.705]  | GT대비 각도 0.3° perp오차 0.11m (GT 7.68m)
[sym] ds_v1_seed0/sunlight_v60: perp 7.41m score 0.0673 normal [-0.58, 0.087, -0.81]  | GT대비 각도 1.9° perp오차 0.23m (GT 7.64m)
[sym] ds_v1_seed0/terrazzo_v02: perp 5.19m score 0.1567 normal [0.664, 0.038, -0.747]  | GT대비 각도 4.9° perp오차 0.41m (GT 4.78m)
[sym] ds_v1_seed0/terrazzo_v10: perp 4.88m score 0.2435 normal [0.578, -0.017, -0.816]  | GT대비 각도 8.7° perp오차 0.21m (GT 4.68m)
[sym] ds_v1_seed0/terrazzo_v18: perp 5.05m score 0.2037 normal [0.617, 0.006, -0.787]  | GT대비 각도 6.3° perp오차 0.10m (GT 4.95m)
[sym] ds_v1_seed0/terrazzo_v26: perp 4.95m score 0.1392 normal [0.601, 0.142, -0.787]  | GT대비 각도 5.2° perp오차 0.23m (GT 4.72m)
[sym] ds_v1_seed0/terrazzo_v34: perp 5.05m score 0.1552 normal [0.616, 0.186, -0.766]  | GT대비 각도 3.5° perp오차 0.45m (GT 4.61m)
[sym] ds_v1_seed0/terrazzo_v42: perp 4.99m score 0.3202 normal [0.572, -0.055, -0.818]  | GT대비 각도 8.6° perp오차 0.50m (GT 4.49m)
[sym] ds_v1_seed0/terrazzo_v50: perp 5.08m score 0.0762 normal [0.729, 0.041, -0.684]  | GT대비 각도 2.9° perp오차 0.32m (GT 4.76m)
[sym] ds_v1_seed0/terrazzo_v58: perp 4.97m score 0.0372 normal [0.76, 0.096, -0.643]  | GT대비 각도 1.4° perp오차 0.29m (GT 4.68m)
[sym] ds_v2_seed1/bedroom_v00: perp 3.68m score 0.0626 normal [-0.706, 0.127, -0.697]  | GT대비 각도 1.3° perp오차 0.04m (GT 3.64m)
[sym] ds_v2_seed1/bedroom_v08: perp 3.97m score 0.0534 normal [-0.753, 0.171, -0.635]  | GT대비 각도 2.3° perp오차 0.09m (GT 3.88m)
[sym] ds_v2_seed1/bedroom_v16: perp 3.78m score 0.1017 normal [-0.739, -0.008, -0.674]  | GT대비 각도 3.8° perp오차 0.04m (GT 3.82m)
[sym] ds_v2_seed1/bedroom_v24: perp 3.59m score 0.0314 normal [-0.797, 0.068, -0.6]  | GT대비 각도 1.3° perp오차 0.03m (GT 3.56m)
[shard 2] 100/192 done 54 fail 0 skip 46 (9.5s/view, ETA 15m)
[sym] ds_v2_seed1/bedroom_v32: perp 3.88m score 0.0641 normal [-0.734, 0.178, -0.655]  | GT대비 각도 1.9° perp오차 0.17m (GT 3.71m)
[sym] ds_v2_seed1/bedroom_v40: perp 3.75m score 0.0584 normal [-0.517, 0.217, -0.828]  | GT대비 각도 0.9° perp오차 0.12m (GT 3.63m)
[sym] ds_v2_seed1/bedroom_v48: perp 0.63m score 0.0608 normal [-0.752, -0.63, 0.194]  | GT대비 각도 68.0° perp오차 3.03m (GT 3.66m)
[sym] ds_v2_seed1/bedroom_v56: perp 4.11m score 0.0281 normal [-0.84, -0.01, -0.543]  | GT대비 각도 4.5° perp오차 0.19m (GT 3.92m)
[sym] ds_v2_seed1/blue_bathroom_v00: perp 5.11m score 0.0349 normal [-0.422, 0.131, -0.897]  | GT대비 각도 0.6° perp오차 0.28m (GT 4.83m)
[sym] ds_v2_seed1/blue_bathroom_v08: perp 4.55m score 0.0141 normal [-0.479, 0.208, -0.853]  | GT대비 각도 0.2° perp오차 0.46m (GT 5.02m)
[sym] ds_v2_seed1/blue_bathroom_v16: perp 5.01m score 0.0198 normal [-0.308, 0.105, -0.945]  | GT대비 각도 0.4° perp오차 0.15m (GT 4.86m)
[sym] ds_v2_seed1/blue_bathroom_v24: perp 5.19m score 0.0664 normal [-0.25, -0.039, -0.967]  | GT대비 각도 7.3° perp오차 0.01m (GT 5.17m)
[sym] ds_v2_seed1/blue_bathroom_v32: perp 4.85m score 0.0135 normal [-0.306, 0.268, -0.914]  | GT대비 각도 0.1° perp오차 0.03m (GT 4.88m)
[sym] ds_v2_seed1/blue_bathroom_v40: perp 4.92m score 0.0545 normal [-0.305, -0.103, -0.947]  | GT대비 각도 9.2° perp오차 0.25m (GT 4.66m)
[sym] ds_v2_seed1/blue_bathroom_v48: perp 5.55m score 0.0494 normal [-0.315, -0.169, -0.934]  | GT대비 각도 8.7° perp오차 0.30m (GT 5.25m)
[sym] ds_v2_seed1/blue_bathroom_v56: perp 5.11m score 0.0305 normal [-0.218, 0.107, -0.97]  | GT대비 각도 0.2° perp오차 0.04m (GT 5.15m)
[sym] ds_v2_seed1/computer_room_v05: perp 3.00m score 0.0564 normal [0.514, 0.295, -0.806]  | GT대비 각도 1.6° perp오차 0.02m (GT 3.02m)
[sym] ds_v2_seed1/computer_room_v13: perp 3.22m score 0.1284 normal [0.346, 0.23, -0.91]  | GT대비 각도 3.1° perp오차 0.05m (GT 3.17m)
[sym] ds_v2_seed1/computer_room_v21: perp 3.18m score 0.0467 normal [0.571, 0.226, -0.79]  | GT대비 각도 0.7° perp오차 0.00m (GT 3.18m)
[sym] ds_v2_seed1/computer_room_v29: perp 3.25m score 0.0284 normal [0.578, 0.329, -0.747]  | GT대비 각도 0.6° perp오차 0.03m (GT 3.28m)
[sym] ds_v2_seed1/computer_room_v37: perp 3.57m score 0.1552 normal [0.167, 0.26, -0.951]  | GT대비 각도 4.8° perp오차 0.24m (GT 3.33m)
[sym] ds_v2_seed1/computer_room_v45: perp 3.06m score 0.0635 normal [0.559, 0.174, -0.81]  | GT대비 각도 0.1° perp오차 0.01m (GT 3.07m)
[sym] ds_v2_seed1/computer_room_v53: perp 3.65m score 0.1307 normal [0.546, 0.107, -0.831]  | GT대비 각도 0.5° perp오차 0.21m (GT 3.44m)
[sym] ds_v2_seed1/computer_room_v61: perp 3.56m score 0.0735 normal [0.533, 0.106, -0.839]  | GT대비 각도 0.4° perp오차 0.04m (GT 3.52m)
[sym] ds_v2_seed1/green_house_v03: perp 3.98m score 0.1518 normal [-0.267, 0.325, -0.907]  | GT대비 각도 7.6° perp오차 0.25m (GT 3.73m)
[sym] ds_v2_seed1/green_house_v11: perp 4.36m score 0.1134 normal [-0.637, 0.258, -0.727]  | GT대비 각도 8.0° perp오차 0.58m (GT 3.77m)
[sym] ds_v2_seed1/green_house_v19: perp 3.74m score 0.1050 normal [-0.406, 0.315, -0.858]  | GT대비 각도 2.7° perp오차 0.11m (GT 3.84m)
[sym] ds_v2_seed1/green_house_v27: perp 3.93m score 0.1164 normal [-0.257, 0.211, -0.943]  | GT대비 각도 4.0° perp오차 0.05m (GT 3.98m)
[sym] ds_v2_seed1/green_house_v35: perp 4.12m score 0.1277 normal [-0.349, 0.407, -0.844]  | GT대비 각도 5.0° perp오차 0.27m (GT 3.85m)
[shard 2] 125/192 done 79 fail 0 skip 46 (11.8s/view, ETA 13m)
[sym] ds_v2_seed1/green_house_v43: perp 4.79m score 0.1587 normal [-0.149, 0.242, -0.959]  | GT대비 각도 7.5° perp오차 1.14m (GT 3.65m)
[sym] ds_v2_seed1/green_house_v51: perp 4.21m score 0.1091 normal [-0.448, 0.3, -0.842]  | GT대비 각도 16.7° perp오차 0.00m (GT 4.20m)
[sym] ds_v2_seed1/green_house_v59: perp 2.57m score 0.0264 normal [-0.096, -0.72, -0.687]  | GT대비 각도 52.7° perp오차 1.62m (GT 4.19m)
[sym] ds_v2_seed1/gym_v03: perp 5.16m score 0.2985 normal [-0.03, 0.255, -0.966]  | GT대비 각도 18.9° perp오차 0.81m (GT 4.35m)
[sym] ds_v2_seed1/gym_v11: perp 4.45m score 0.0880 normal [-0.682, 0.156, -0.715]  | GT대비 각도 0.4° perp오차 0.01m (GT 4.45m)
[sym] ds_v2_seed1/gym_v19: perp 4.40m score 0.1227 normal [-0.651, 0.08, -0.754]  | GT대비 각도 2.1° perp오차 0.08m (GT 4.32m)
[sym] ds_v2_seed1/gym_v27: perp 4.78m score 0.0832 normal [-0.558, 0.247, -0.792]  | GT대비 각도 0.9° perp오차 0.01m (GT 4.79m)
[sym] ds_v2_seed1/gym_v35: perp 4.53m score 0.0564 normal [-0.67, 0.202, -0.714]  | GT대비 각도 1.6° perp오차 0.04m (GT 4.49m)
[sym] ds_v2_seed1/gym_v43: perp 4.26m score 0.1809 normal [-0.598, -0.015, -0.802]  | GT대비 각도 8.0° perp오차 0.05m (GT 4.30m)
[sym] ds_v2_seed1/gym_v51: perp 4.96m score 0.2547 normal [-0.309, 0.287, -0.907]  | GT대비 각도 14.9° perp오차 0.71m (GT 4.25m)
[sym] ds_v2_seed1/gym_v59: perp 4.77m score 0.1016 normal [-0.617, 0.032, -0.786]  | GT대비 각도 1.0° perp오차 0.20m (GT 4.57m)
[sym] ds_v2_seed1/living_room_contemp_v01: perp 7.38m score 0.2604 normal [-0.396, 0.187, -0.899]  | GT대비 각도 3.2° perp오차 1.55m (GT 5.83m)
[sym] ds_v2_seed1/living_room_contemp_v09: perp 5.97m score 0.2435 normal [-0.475, 0.097, -0.875]  | GT대비 각도 1.4° perp오차 0.09m (GT 5.88m)
[sym] ds_v2_seed1/living_room_contemp_v17: perp 6.90m score 0.2991 normal [-0.382, 0.206, -0.901]  | GT대비 각도 4.4° perp오차 1.28m (GT 5.62m)
[sym] ds_v2_seed1/living_room_contemp_v25: perp 5.80m score 0.0359 normal [-0.362, 0.272, -0.891]  | GT대비 각도 1.1° perp오차 0.05m (GT 5.84m)
[sym] ds_v2_seed1/living_room_contemp_v33: perp 5.92m score 0.0531 normal [-0.598, 0.155, -0.787]  | GT대비 각도 1.3° perp오차 0.10m (GT 5.82m)
[sym] ds_v2_seed1/living_room_contemp_v41: perp 5.82m score 0.1545 normal [-0.279, 0.249, -0.927]  | GT대비 각도 2.6° perp오차 0.10m (GT 5.72m)
[sym] ds_v2_seed1/living_room_contemp_v49: perp 5.88m score 0.1223 normal [-0.594, 0.051, -0.803]  | GT대비 각도 1.0° perp오차 0.12m (GT 5.77m)
[sym] ds_v2_seed1/living_room_contemp_v57: perp 7.25m score 0.2329 normal [-0.432, 0.175, -0.885]  | GT대비 각도 3.7° perp오차 1.46m (GT 5.79m)
[sym] ds_v2_seed1/living_room_contemp_v65: perp 7.59m score 0.2917 normal [-0.251, 0.213, -0.944]  | GT대비 각도 7.4° perp오차 1.50m (GT 6.08m)
[sym] ds_v2_seed1/livingroom_v07: perp 2.77m score 0.0111 normal [0.76, 0.082, -0.645]  | GT대비 각도 0.4° perp오차 0.07m (GT 2.84m)
[sym] ds_v2_seed1/livingroom_v15: perp 2.95m score 0.0156 normal [0.686, -0.077, -0.723]  | GT대비 각도 1.0° perp오차 0.06m (GT 3.01m)
[sym] ds_v2_seed1/livingroom_v23: perp 2.92m score 0.0165 normal [0.83, 0.101, -0.549]  | GT대비 각도 0.8° perp오차 0.14m (GT 3.06m)
[sym] ds_v2_seed1/livingroom_v31: perp 2.81m score 0.0145 normal [0.83, -0.202, -0.519]  | GT대비 각도 9.0° perp오차 0.09m (GT 2.91m)
[sym] ds_v2_seed1/livingroom_v39: perp 2.62m score 0.0182 normal [0.815, 0.084, -0.574]  | GT대비 각도 3.1° perp오차 0.03m (GT 2.66m)
[shard 2] 150/192 done 104 fail 0 skip 46 (12.6s/view, ETA 9m)
[sym] ds_v2_seed1/livingroom_v47: perp 3.01m score 0.0148 normal [0.873, -0.003, -0.488]  | GT대비 각도 1.4° perp오차 0.03m (GT 3.04m)
[sym] ds_v2_seed1/livingroom_v55: perp 2.37m score 0.0139 normal [0.82, 0.016, -0.573]  | GT대비 각도 1.3° perp오차 0.11m (GT 2.48m)
[sym] ds_v2_seed1/livingroom_v63: perp 2.73m score 0.0151 normal [0.878, 0.04, -0.476]  | GT대비 각도 1.7° perp오차 0.10m (GT 2.83m)
[sym] ds_v2_seed1/minigym_v07: perp 4.88m score 0.0461 normal [-0.346, 0.388, -0.854]  | GT대비 각도 0.9° perp오차 0.08m (GT 4.96m)
[sym] ds_v2_seed1/minigym_v15: perp 4.91m score 0.1415 normal [-0.149, 0.319, -0.936]  | GT대비 각도 1.1° perp오차 0.19m (GT 4.72m)
[sym] ds_v2_seed1/minigym_v23: perp 5.00m score 0.2022 normal [-0.197, 0.393, -0.898]  | GT대비 각도 5.0° perp오차 0.02m (GT 4.99m)
[sym] ds_v2_seed1/minigym_v31: perp 4.71m score 0.0526 normal [-0.469, 0.288, -0.835]  | GT대비 각도 0.2° perp오차 0.06m (GT 4.78m)
[sym] ds_v2_seed1/minigym_v39: perp 5.06m score 0.3468 normal [-0.155, 0.312, -0.937]  | GT대비 각도 5.2° perp오차 0.22m (GT 4.84m)
[sym] ds_v2_seed1/minigym_v47: perp 5.18m score 0.1902 normal [-0.076, 0.29, -0.954]  | GT대비 각도 2.0° perp오차 0.16m (GT 5.02m)
[sym] ds_v2_seed1/minimal_interior_v00: perp 6.91m score 0.0244 normal [0.541, 0.07, -0.838]  | GT대비 각도 0.3° perp오차 0.04m (GT 6.95m)
[sym] ds_v2_seed1/minimal_interior_v08: perp 7.41m score 0.0229 normal [0.603, -0.0, -0.798]  | GT대비 각도 1.1° perp오차 0.04m (GT 7.37m)
[sym] ds_v2_seed1/minimal_interior_v16: perp 6.98m score 0.0070 normal [0.644, 0.067, -0.762]  | GT대비 각도 0.2° perp오차 0.01m (GT 6.97m)
[sym] ds_v2_seed1/minimal_interior_v24: perp 4.48m score 0.0085 normal [0.82, 0.156, -0.551]  | GT대비 각도 10.8° perp오차 2.41m (GT 6.89m)
[sym] ds_v2_seed1/minimal_interior_v32: perp 7.66m score 0.0485 normal [0.452, 0.118, -0.884]  | GT대비 각도 1.8° perp오차 0.39m (GT 7.27m)
[sym] ds_v2_seed1/minimal_interior_v40: perp 6.84m score 0.0520 normal [0.605, -0.071, -0.793]  | GT대비 각도 2.8° perp오차 0.06m (GT 6.90m)
[sym] ds_v2_seed1/minimal_interior_v48: perp 7.15m score 0.0315 normal [0.48, 0.195, -0.855]  | GT대비 각도 1.0° perp오차 0.21m (GT 7.36m)
[sym] ds_v2_seed1/minimal_interior_v56: perp 6.99m score 0.0152 normal [0.634, 0.049, -0.772]  | GT대비 각도 0.9° perp오차 0.00m (GT 6.99m)
[sym] ds_v2_seed1/minimal_interior_v64: perp 7.76m score 0.0564 normal [0.33, -0.304, -0.894]  | GT대비 각도 14.8° perp오차 0.69m (GT 7.07m)
[sym] ds_v2_seed1/scandinavian_v07: perp 5.40m score 0.1475 normal [-0.252, 0.391, -0.885]  | GT대비 각도 8.5° perp오차 1.31m (GT 4.09m)
[sym] ds_v2_seed1/scandinavian_v15: perp 6.24m score 0.1168 normal [-0.364, -0.088, -0.927]  | GT대비 각도 11.1° perp오차 2.10m (GT 4.14m)
[sym] ds_v2_seed1/scandinavian_v23: perp 5.47m score 0.1577 normal [-0.062, 0.349, -0.935]  | GT대비 각도 10.4° perp오차 1.38m (GT 4.09m)
[sym] ds_v2_seed1/scandinavian_v31: perp 5.49m score 0.1557 normal [-0.401, 0.361, -0.842]  | GT대비 각도 4.4° perp오차 1.31m (GT 4.18m)
[sym] ds_v2_seed1/scandinavian_v39: perp 6.08m score 0.0964 normal [-0.464, 0.189, -0.866]  | GT대비 각도 3.0° perp오차 2.02m (GT 4.06m)
[sym] ds_v2_seed1/scandinavian_v47: perp 3.37m score 0.2000 normal [-0.669, 0.283, -0.687]  | GT대비 각도 10.4° perp오차 0.20m (GT 3.57m)
[sym] ds_v2_seed1/scandinavian_v55: perp 5.91m score 0.1381 normal [-0.598, -0.019, -0.801]  | GT대비 각도 7.9° perp오차 1.92m (GT 3.99m)
[shard 2] 175/192 done 129 fail 0 skip 46 (13.1s/view, ETA 4m)
[sym] ds_v2_seed1/scandinavian_v63: perp 6.13m score 0.1070 normal [-0.485, 0.031, -0.874]  | GT대비 각도 4.9° perp오차 2.11m (GT 4.02m)
[sym] ds_v2_seed1/sunlight_v05: perp 7.45m score 0.0716 normal [-0.604, 0.213, -0.768]  | GT대비 각도 1.8° perp오차 0.15m (GT 7.60m)
[sym] ds_v2_seed1/sunlight_v13: perp 7.64m score 0.0208 normal [-0.708, 0.206, -0.676]  | GT대비 각도 0.7° perp오차 0.00m (GT 7.64m)
[sym] ds_v2_seed1/sunlight_v21: perp 7.63m score 0.0974 normal [-0.523, 0.129, -0.843]  | GT대비 각도 2.6° perp오차 0.09m (GT 7.72m)
[sym] ds_v2_seed1/sunlight_v29: perp 7.77m score 0.0647 normal [-0.528, 0.236, -0.816]  | GT대비 각도 2.3° perp오차 0.05m (GT 7.82m)
[sym] ds_v2_seed1/sunlight_v37: perp 7.10m score 0.0207 normal [-0.79, 0.169, -0.589]  | GT대비 각도 0.4° perp오차 0.27m (GT 7.37m)
[sym] ds_v2_seed1/sunlight_v45: perp 7.55m score 0.0768 normal [-0.535, 0.078, -0.841]  | GT대비 각도 1.6° perp오차 0.06m (GT 7.61m)
[sym] ds_v2_seed1/sunlight_v53: perp 7.94m score 0.0809 normal [-0.548, 0.029, -0.836]  | GT대비 각도 1.2° perp오차 0.03m (GT 7.92m)
[sym] ds_v2_seed1/sunlight_v61: perp 7.57m score 0.0469 normal [-0.569, 0.043, -0.821]  | GT대비 각도 1.0° perp오차 0.30m (GT 7.87m)
[sym] ds_v2_seed1/terrazzo_v03: perp 4.66m score 0.0097 normal [0.817, 0.151, -0.556]  | GT대비 각도 0.2° perp오차 0.11m (GT 4.77m)
[sym] ds_v2_seed1/terrazzo_v11: perp 5.32m score 0.4464 normal [0.468, 0.141, -0.872]  | GT대비 각도 3.9° perp오차 0.80m (GT 4.52m)
[sym] ds_v2_seed1/terrazzo_v19: perp 4.97m score 0.0614 normal [0.753, 0.099, -0.651]  | GT대비 각도 2.7° perp오차 0.43m (GT 4.54m)
[sym] ds_v2_seed1/terrazzo_v27: perp 5.66m score 0.0557 normal [0.354, 0.293, -0.888]  | GT대비 각도 29.2° perp오차 1.04m (GT 4.61m)
[sym] ds_v2_seed1/terrazzo_v35: perp 4.96m score 0.3363 normal [0.569, 0.071, -0.819]  | GT대비 각도 4.2° perp오차 0.54m (GT 4.42m)
[sym] ds_v2_seed1/terrazzo_v43: perp 4.97m score 0.2172 normal [0.411, 0.232, -0.882]  | GT대비 각도 6.5° perp오차 0.27m (GT 4.70m)
[sym] ds_v2_seed1/terrazzo_v51: perp 5.01m score 0.1261 normal [0.704, 0.119, -0.7]  | GT대비 각도 2.3° perp오차 0.61m (GT 4.41m)
[sym] ds_v2_seed1/terrazzo_v59: perp 5.08m score 0.1413 normal [0.658, -0.031, -0.753]  | GT대비 각도 4.2° perp오차 0.05m (GT 5.04m)
[shard 2] 끝: done 146, fail 0, skip 46, 총 44m
